2025-12-02 20:10:37,966 [INFO] [RESET] utils.cleanup() (pre)
2025-12-02 20:11:09,762 [INFO] Connected (version 2.0, client APACHE-SSHD-2.5.1)
2025-12-02 20:11:10,494 [INFO] Authentication (password) successful!
2025-12-02 20:11:38,167 [INFO] [CONTINUOUS] Snapshot every 60s. Ctrl+C to stop.
2025-12-02 20:11:38,306 [INFO] [tcpdump] s0:s0cl0 -> /results/dash/snapshots/snapshot_1/pcaps/s0/s0cl0
2025-12-02 20:11:38,378 [INFO] [tcpdump] s0:s0ds1 -> /results/dash/snapshots/snapshot_1/pcaps/s0/s0ds1
2025-12-02 20:11:38,520 [INFO] [tcpdump] s1:s1cl1 -> /results/dash/snapshots/snapshot_1/pcaps/s1/s1cl1
2025-12-02 20:11:38,661 [INFO] [tcpdump] s2:s2cl2 -> /results/dash/snapshots/snapshot_1/pcaps/s2/s2cl2
2025-12-02 20:11:38,662 [INFO] [TRAFFIC] Running tests for all clients: n=3
2025-12-02 20:12:40,230 [INFO] [OK] snapshot_1 -> /home/arthur.barbabella/lft/results/dash/run_2025-12-02_20-10-37/snapshots/snapshot_1
2025-12-02 20:12:40,389 [INFO] [tcpdump] s0:s0cl0 -> /results/dash/snapshots/snapshot_2/pcaps/s0/s0cl0
2025-12-02 20:12:40,466 [INFO] [tcpdump] s0:s0ds1 -> /results/dash/snapshots/snapshot_2/pcaps/s0/s0ds1
2025-12-02 20:12:40,613 [INFO] [tcpdump] s1:s1cl1 -> /results/dash/snapshots/snapshot_2/pcaps/s1/s1cl1
2025-12-02 20:12:40,758 [INFO] [tcpdump] s2:s2cl2 -> /results/dash/snapshots/snapshot_2/pcaps/s2/s2cl2
2025-12-02 20:12:40,758 [INFO] [TRAFFIC] Running tests for all clients: n=3
2025-12-02 20:13:42,292 [INFO] [OK] snapshot_2 -> /home/arthur.barbabella/lft/results/dash/run_2025-12-02_20-10-37/snapshots/snapshot_2
2025-12-02 20:13:42,437 [INFO] [tcpdump] s0:s0cl0 -> /results/dash/snapshots/snapshot_3/pcaps/s0/s0cl0
2025-12-02 20:13:42,509 [INFO] [tcpdump] s0:s0ds1 -> /results/dash/snapshots/snapshot_3/pcaps/s0/s0ds1
2025-12-02 20:13:42,657 [INFO] [tcpdump] s1:s1cl1 -> /results/dash/snapshots/snapshot_3/pcaps/s1/s1cl1
2025-12-02 20:13:42,805 [INFO] [tcpdump] s2:s2cl2 -> /results/dash/snapshots/snapshot_3/pcaps/s2/s2cl2
2025-12-02 20:13:42,805 [INFO] [TRAFFIC] Running tests for all clients: n=3
2025-12-02 20:13:52,177 [INFO] [CONTINUOUS] Stop requested.
2025-12-02 20:13:52,177 [INFO] [PARSE] Converting all snapshot PCAPs to CSV (in-place)...
2025-12-02 20:13:56,470 [INFO] [PARSE] Done. csv_created=12
2025-12-02 20:13:56,471 [INFO] [CLEAN] pcaps_deleted=12
2025-12-02 20:13:56,471 [INFO] [RESET] utils.cleanup() (post)
