2026-01-05 19:57:08,231 [INFO] [RESET] utils.cleanup() (pre)
2026-01-05 19:57:40,246 [INFO] Connected (version 2.0, client APACHE-SSHD-2.5.1)
2026-01-05 19:57:40,943 [INFO] Authentication (password) successful!
2026-01-05 20:03:12,204 [INFO] [EXPERIMENT] ROTATE_S=300s, HW_POLL_S=5s, servers=['192.168.0.1', '192.168.0.2', '192.168.0.3', '192.168.0.4'], total_clients_pool=100
2026-01-05 20:03:12,414 [INFO] [tcpdump] s0:s0ds0 -> /results/dash/snapshots/snapshot_1/tcpdump
2026-01-05 20:03:12,561 [INFO] [tcpdump] s1:s1ds1 -> /results/dash/snapshots/snapshot_1/tcpdump
2026-01-05 20:03:12,711 [INFO] [tcpdump] s2:s2ds2 -> /results/dash/snapshots/snapshot_1/tcpdump
2026-01-05 20:03:12,869 [INFO] [tcpdump] s3:s3ds3 -> /results/dash/snapshots/snapshot_1/tcpdump
2026-01-05 20:03:13,019 [INFO] [tcpdump] s4:s4cl0 -> /results/dash/snapshots/snapshot_1/tcpdump
2026-01-05 20:03:13,101 [INFO] [tcpdump] s4:s4cl1 -> /results/dash/snapshots/snapshot_1/tcpdump
2026-01-05 20:03:13,177 [INFO] [tcpdump] s4:s4cl2 -> /results/dash/snapshots/snapshot_1/tcpdump
2026-01-05 20:03:13,253 [INFO] [tcpdump] s4:s4cl3 -> /results/dash/snapshots/snapshot_1/tcpdump
2026-01-05 20:03:13,406 [INFO] [tcpdump] s5:s5cl4 -> /results/dash/snapshots/snapshot_1/tcpdump
2026-01-05 20:03:13,484 [INFO] [tcpdump] s5:s5cl5 -> /results/dash/snapshots/snapshot_1/tcpdump
2026-01-05 20:03:13,564 [INFO] [tcpdump] s5:s5cl6 -> /results/dash/snapshots/snapshot_1/tcpdump
2026-01-05 20:03:13,642 [INFO] [tcpdump] s5:s5cl7 -> /results/dash/snapshots/snapshot_1/tcpdump
2026-01-05 20:03:13,717 [INFO] [tcpdump] s5:s5cl8 -> /results/dash/snapshots/snapshot_1/tcpdump
2026-01-05 20:03:13,878 [INFO] [tcpdump] s6:s6cl10 -> /results/dash/snapshots/snapshot_1/tcpdump
2026-01-05 20:03:13,955 [INFO] [tcpdump] s6:s6cl11 -> /results/dash/snapshots/snapshot_1/tcpdump
2026-01-05 20:03:14,031 [INFO] [tcpdump] s6:s6cl12 -> /results/dash/snapshots/snapshot_1/tcpdump
2026-01-05 20:03:14,107 [INFO] [tcpdump] s6:s6cl13 -> /results/dash/snapshots/snapshot_1/tcpdump
2026-01-05 20:03:14,186 [INFO] [tcpdump] s6:s6cl9 -> /results/dash/snapshots/snapshot_1/tcpdump
2026-01-05 20:03:14,187 [INFO] [tcpdump] skip s7 (no host-facing nodes for pop=PoP-ES)
2026-01-05 20:03:14,187 [INFO] [tcpdump] skip s8 (no host-facing nodes for pop=PoP-GO)
2026-01-05 20:03:14,331 [INFO] [tcpdump] s9:s9cl14 -> /results/dash/snapshots/snapshot_1/tcpdump
2026-01-05 20:03:14,410 [INFO] [tcpdump] s9:s9cl15 -> /results/dash/snapshots/snapshot_1/tcpdump
2026-01-05 20:03:14,558 [INFO] [tcpdump] s10:s10cl16 -> /results/dash/snapshots/snapshot_1/tcpdump
2026-01-05 20:03:14,636 [INFO] [tcpdump] s10:s10cl17 -> /results/dash/snapshots/snapshot_1/tcpdump
2026-01-05 20:03:14,712 [INFO] [tcpdump] s10:s10cl18 -> /results/dash/snapshots/snapshot_1/tcpdump
2026-01-05 20:03:14,861 [INFO] [tcpdump] s11:s11cl19 -> /results/dash/snapshots/snapshot_1/tcpdump
2026-01-05 20:03:14,942 [INFO] [tcpdump] s11:s11cl20 -> /results/dash/snapshots/snapshot_1/tcpdump
2026-01-05 20:03:15,019 [INFO] [tcpdump] s11:s11cl21 -> /results/dash/snapshots/snapshot_1/tcpdump
2026-01-05 20:03:15,172 [INFO] [tcpdump] s12:s12cl22 -> /results/dash/snapshots/snapshot_1/tcpdump
2026-01-05 20:03:15,247 [INFO] [tcpdump] s12:s12cl23 -> /results/dash/snapshots/snapshot_1/tcpdump
2026-01-05 20:03:15,323 [INFO] [tcpdump] s12:s12cl24 -> /results/dash/snapshots/snapshot_1/tcpdump
2026-01-05 20:03:15,409 [INFO] [tcpdump] s12:s12cl25 -> /results/dash/snapshots/snapshot_1/tcpdump
2026-01-05 20:03:15,483 [INFO] [tcpdump] s12:s12cl26 -> /results/dash/snapshots/snapshot_1/tcpdump
2026-01-05 20:03:15,568 [INFO] [tcpdump] s12:s12cl27 -> /results/dash/snapshots/snapshot_1/tcpdump
2026-01-05 20:03:15,665 [INFO] [tcpdump] s12:s12cl28 -> /results/dash/snapshots/snapshot_1/tcpdump
2026-01-05 20:03:15,819 [INFO] [tcpdump] s13:s13cl29 -> /results/dash/snapshots/snapshot_1/tcpdump
2026-01-05 20:03:15,909 [INFO] [tcpdump] s13:s13cl30 -> /results/dash/snapshots/snapshot_1/tcpdump
2026-01-05 20:03:15,992 [INFO] [tcpdump] s13:s13cl31 -> /results/dash/snapshots/snapshot_1/tcpdump
2026-01-05 20:03:16,066 [INFO] [tcpdump] s13:s13cl32 -> /results/dash/snapshots/snapshot_1/tcpdump
2026-01-05 20:03:16,141 [INFO] [tcpdump] s13:s13cl33 -> /results/dash/snapshots/snapshot_1/tcpdump
2026-01-05 20:03:16,294 [INFO] [tcpdump] s14:s14cl34 -> /results/dash/snapshots/snapshot_1/tcpdump
2026-01-05 20:03:16,373 [INFO] [tcpdump] s14:s14cl35 -> /results/dash/snapshots/snapshot_1/tcpdump
2026-01-05 20:03:16,449 [INFO] [tcpdump] s14:s14cl36 -> /results/dash/snapshots/snapshot_1/tcpdump
2026-01-05 20:03:16,524 [INFO] [tcpdump] s14:s14cl37 -> /results/dash/snapshots/snapshot_1/tcpdump
2026-01-05 20:03:16,599 [INFO] [tcpdump] s14:s14cl38 -> /results/dash/snapshots/snapshot_1/tcpdump
2026-01-05 20:03:16,678 [INFO] [tcpdump] s14:s14cl39 -> /results/dash/snapshots/snapshot_1/tcpdump
2026-01-05 20:03:16,760 [INFO] [tcpdump] s14:s14cl40 -> /results/dash/snapshots/snapshot_1/tcpdump
2026-01-05 20:03:16,836 [INFO] [tcpdump] s14:s14cl41 -> /results/dash/snapshots/snapshot_1/tcpdump
2026-01-05 20:03:16,986 [INFO] [tcpdump] s15:s15cl42 -> /results/dash/snapshots/snapshot_1/tcpdump
2026-01-05 20:03:17,061 [INFO] [tcpdump] s15:s15cl43 -> /results/dash/snapshots/snapshot_1/tcpdump
2026-01-05 20:03:17,140 [INFO] [tcpdump] s15:s15cl44 -> /results/dash/snapshots/snapshot_1/tcpdump
2026-01-05 20:03:17,254 [INFO] [tcpdump] s15:s15cl45 -> /results/dash/snapshots/snapshot_1/tcpdump
2026-01-05 20:03:17,329 [INFO] [tcpdump] s15:s15cl46 -> /results/dash/snapshots/snapshot_1/tcpdump
2026-01-05 20:03:17,406 [INFO] [tcpdump] s15:s15cl47 -> /results/dash/snapshots/snapshot_1/tcpdump
2026-01-05 20:03:17,558 [INFO] [tcpdump] s16:s16cl48 -> /results/dash/snapshots/snapshot_1/tcpdump
2026-01-05 20:03:17,634 [INFO] [tcpdump] s16:s16cl49 -> /results/dash/snapshots/snapshot_1/tcpdump
2026-01-05 20:03:17,710 [INFO] [tcpdump] s16:s16cl50 -> /results/dash/snapshots/snapshot_1/tcpdump
2026-01-05 20:03:17,787 [INFO] [tcpdump] s16:s16cl51 -> /results/dash/snapshots/snapshot_1/tcpdump
2026-01-05 20:03:17,865 [INFO] [tcpdump] s16:s16cl52 -> /results/dash/snapshots/snapshot_1/tcpdump
2026-01-05 20:03:17,941 [INFO] [tcpdump] s16:s16cl53 -> /results/dash/snapshots/snapshot_1/tcpdump
2026-01-05 20:03:18,017 [INFO] [tcpdump] s16:s16cl54 -> /results/dash/snapshots/snapshot_1/tcpdump
2026-01-05 20:03:18,098 [INFO] [tcpdump] s16:s16cl55 -> /results/dash/snapshots/snapshot_1/tcpdump
2026-01-05 20:03:18,177 [INFO] [tcpdump] s16:s16cl56 -> /results/dash/snapshots/snapshot_1/tcpdump
2026-01-05 20:03:18,330 [INFO] [tcpdump] s17:s17cl57 -> /results/dash/snapshots/snapshot_1/tcpdump
2026-01-05 20:03:18,408 [INFO] [tcpdump] s17:s17cl58 -> /results/dash/snapshots/snapshot_1/tcpdump
2026-01-05 20:03:18,485 [INFO] [tcpdump] s17:s17cl59 -> /results/dash/snapshots/snapshot_1/tcpdump
2026-01-05 20:03:18,563 [INFO] [tcpdump] s17:s17cl60 -> /results/dash/snapshots/snapshot_1/tcpdump
2026-01-05 20:03:18,642 [INFO] [tcpdump] s17:s17cl61 -> /results/dash/snapshots/snapshot_1/tcpdump
2026-01-05 20:03:18,722 [INFO] [tcpdump] s17:s17cl62 -> /results/dash/snapshots/snapshot_1/tcpdump
2026-01-05 20:03:18,797 [INFO] [tcpdump] s17:s17cl63 -> /results/dash/snapshots/snapshot_1/tcpdump
2026-01-05 20:03:18,950 [INFO] [tcpdump] s18:s18cl64 -> /results/dash/snapshots/snapshot_1/tcpdump
2026-01-05 20:03:19,034 [INFO] [tcpdump] s18:s18cl65 -> /results/dash/snapshots/snapshot_1/tcpdump
2026-01-05 20:03:19,111 [INFO] [tcpdump] s18:s18cl66 -> /results/dash/snapshots/snapshot_1/tcpdump
2026-01-05 20:03:19,187 [INFO] [tcpdump] s18:s18cl67 -> /results/dash/snapshots/snapshot_1/tcpdump
2026-01-05 20:03:19,262 [INFO] [tcpdump] s18:s18cl68 -> /results/dash/snapshots/snapshot_1/tcpdump
2026-01-05 20:03:19,337 [INFO] [tcpdump] s18:s18cl69 -> /results/dash/snapshots/snapshot_1/tcpdump
2026-01-05 20:03:19,493 [INFO] [tcpdump] s19:s19cl70 -> /results/dash/snapshots/snapshot_1/tcpdump
2026-01-05 20:03:19,568 [INFO] [tcpdump] s19:s19cl71 -> /results/dash/snapshots/snapshot_1/tcpdump
2026-01-05 20:03:19,647 [INFO] [tcpdump] s19:s19cl72 -> /results/dash/snapshots/snapshot_1/tcpdump
2026-01-05 20:03:19,725 [INFO] [tcpdump] s19:s19cl73 -> /results/dash/snapshots/snapshot_1/tcpdump
2026-01-05 20:03:19,804 [INFO] [tcpdump] s19:s19cl74 -> /results/dash/snapshots/snapshot_1/tcpdump
2026-01-05 20:03:19,883 [INFO] [tcpdump] s19:s19cl75 -> /results/dash/snapshots/snapshot_1/tcpdump
2026-01-05 20:03:20,032 [INFO] [tcpdump] s20:s20cl76 -> /results/dash/snapshots/snapshot_1/tcpdump
2026-01-05 20:03:20,108 [INFO] [tcpdump] s20:s20cl77 -> /results/dash/snapshots/snapshot_1/tcpdump
2026-01-05 20:03:20,180 [INFO] [tcpdump] s20:s20cl78 -> /results/dash/snapshots/snapshot_1/tcpdump
2026-01-05 20:03:20,257 [INFO] [tcpdump] s20:s20cl79 -> /results/dash/snapshots/snapshot_1/tcpdump
2026-01-05 20:03:20,333 [INFO] [tcpdump] s20:s20cl80 -> /results/dash/snapshots/snapshot_1/tcpdump
2026-01-05 20:03:20,484 [INFO] [tcpdump] s21:s21cl81 -> /results/dash/snapshots/snapshot_1/tcpdump
2026-01-05 20:03:20,561 [INFO] [tcpdump] s21:s21cl82 -> /results/dash/snapshots/snapshot_1/tcpdump
2026-01-05 20:03:20,638 [INFO] [tcpdump] s21:s21cl83 -> /results/dash/snapshots/snapshot_1/tcpdump
2026-01-05 20:03:20,712 [INFO] [tcpdump] s21:s21cl84 -> /results/dash/snapshots/snapshot_1/tcpdump
2026-01-05 20:03:20,789 [INFO] [tcpdump] s21:s21cl85 -> /results/dash/snapshots/snapshot_1/tcpdump
2026-01-05 20:03:20,867 [INFO] [tcpdump] s21:s21cl86 -> /results/dash/snapshots/snapshot_1/tcpdump
2026-01-05 20:03:21,024 [INFO] [tcpdump] s22:s22cl87 -> /results/dash/snapshots/snapshot_1/tcpdump
2026-01-05 20:03:21,102 [INFO] [tcpdump] s22:s22cl88 -> /results/dash/snapshots/snapshot_1/tcpdump
2026-01-05 20:03:21,178 [INFO] [tcpdump] s22:s22cl89 -> /results/dash/snapshots/snapshot_1/tcpdump
2026-01-05 20:03:21,256 [INFO] [tcpdump] s22:s22cl90 -> /results/dash/snapshots/snapshot_1/tcpdump
2026-01-05 20:03:21,257 [INFO] [tcpdump] skip s23 (no host-facing nodes for pop=PoP-SC)
2026-01-05 20:03:21,407 [INFO] [tcpdump] s24:s24cl91 -> /results/dash/snapshots/snapshot_1/tcpdump
2026-01-05 20:03:21,491 [INFO] [tcpdump] s24:s24cl92 -> /results/dash/snapshots/snapshot_1/tcpdump
2026-01-05 20:03:21,573 [INFO] [tcpdump] s24:s24cl93 -> /results/dash/snapshots/snapshot_1/tcpdump
2026-01-05 20:03:21,653 [INFO] [tcpdump] s24:s24cl94 -> /results/dash/snapshots/snapshot_1/tcpdump
2026-01-05 20:03:21,735 [INFO] [tcpdump] s24:s24cl95 -> /results/dash/snapshots/snapshot_1/tcpdump
2026-01-05 20:03:21,812 [INFO] [tcpdump] s24:s24cl96 -> /results/dash/snapshots/snapshot_1/tcpdump
2026-01-05 20:03:21,892 [INFO] [tcpdump] s24:s24cl97 -> /results/dash/snapshots/snapshot_1/tcpdump
2026-01-05 20:03:21,968 [INFO] [tcpdump] s24:s24cl98 -> /results/dash/snapshots/snapshot_1/tcpdump
2026-01-05 20:03:22,117 [INFO] [tcpdump] s25:s25cl100 -> /results/dash/snapshots/snapshot_1/tcpdump
2026-01-05 20:03:22,196 [INFO] [tcpdump] s25:s25cl101 -> /results/dash/snapshots/snapshot_1/tcpdump
2026-01-05 20:03:22,358 [INFO] [tcpdump] s25:s25cl99 -> /results/dash/snapshots/snapshot_1/tcpdump
2026-01-05 20:03:22,358 [INFO] [tcpdump] skip s26 (no host-facing nodes for pop=PoP-TO)
2026-01-05 20:03:22,358 [INFO] [EXPERIMENT] snapshot_1: running cumulative dash-client k=25
2026-01-05 20:09:53,622 [INFO] [PCAP->CSV] snapshot_1: pcaps=106 rows=82051 -> /home/arthur.barbabella/lft/results/dash/run_2026-01-05_19-57-08/snapshots/snapshot_1/tcpdump/packet_flow.csv
2026-01-05 20:09:53,622 [INFO] [OK] snapshot_1 -> /home/arthur.barbabella/lft/results/dash/run_2026-01-05_19-57-08/snapshots/snapshot_1
2026-01-05 20:09:53,775 [INFO] [tcpdump] s0:s0ds0 -> /results/dash/snapshots/snapshot_2/tcpdump
2026-01-05 20:09:53,919 [INFO] [tcpdump] s1:s1ds1 -> /results/dash/snapshots/snapshot_2/tcpdump
2026-01-05 20:09:54,104 [INFO] [tcpdump] s2:s2ds2 -> /results/dash/snapshots/snapshot_2/tcpdump
2026-01-05 20:09:54,249 [INFO] [tcpdump] s3:s3ds3 -> /results/dash/snapshots/snapshot_2/tcpdump
2026-01-05 20:09:54,398 [INFO] [tcpdump] s4:s4cl0 -> /results/dash/snapshots/snapshot_2/tcpdump
2026-01-05 20:09:54,473 [INFO] [tcpdump] s4:s4cl1 -> /results/dash/snapshots/snapshot_2/tcpdump
2026-01-05 20:09:54,550 [INFO] [tcpdump] s4:s4cl2 -> /results/dash/snapshots/snapshot_2/tcpdump
2026-01-05 20:09:54,627 [INFO] [tcpdump] s4:s4cl3 -> /results/dash/snapshots/snapshot_2/tcpdump
2026-01-05 20:09:54,780 [INFO] [tcpdump] s5:s5cl4 -> /results/dash/snapshots/snapshot_2/tcpdump
2026-01-05 20:09:54,859 [INFO] [tcpdump] s5:s5cl5 -> /results/dash/snapshots/snapshot_2/tcpdump
2026-01-05 20:09:54,940 [INFO] [tcpdump] s5:s5cl6 -> /results/dash/snapshots/snapshot_2/tcpdump
2026-01-05 20:09:55,014 [INFO] [tcpdump] s5:s5cl7 -> /results/dash/snapshots/snapshot_2/tcpdump
2026-01-05 20:09:55,088 [INFO] [tcpdump] s5:s5cl8 -> /results/dash/snapshots/snapshot_2/tcpdump
2026-01-05 20:09:55,238 [INFO] [tcpdump] s6:s6cl10 -> /results/dash/snapshots/snapshot_2/tcpdump
2026-01-05 20:09:55,313 [INFO] [tcpdump] s6:s6cl11 -> /results/dash/snapshots/snapshot_2/tcpdump
2026-01-05 20:09:55,391 [INFO] [tcpdump] s6:s6cl12 -> /results/dash/snapshots/snapshot_2/tcpdump
2026-01-05 20:09:55,467 [INFO] [tcpdump] s6:s6cl13 -> /results/dash/snapshots/snapshot_2/tcpdump
2026-01-05 20:09:55,544 [INFO] [tcpdump] s6:s6cl9 -> /results/dash/snapshots/snapshot_2/tcpdump
2026-01-05 20:09:55,544 [INFO] [tcpdump] skip s7 (no host-facing nodes for pop=PoP-ES)
2026-01-05 20:09:55,545 [INFO] [tcpdump] skip s8 (no host-facing nodes for pop=PoP-GO)
2026-01-05 20:09:55,688 [INFO] [tcpdump] s9:s9cl14 -> /results/dash/snapshots/snapshot_2/tcpdump
2026-01-05 20:09:55,769 [INFO] [tcpdump] s9:s9cl15 -> /results/dash/snapshots/snapshot_2/tcpdump
2026-01-05 20:09:55,915 [INFO] [tcpdump] s10:s10cl16 -> /results/dash/snapshots/snapshot_2/tcpdump
2026-01-05 20:09:55,992 [INFO] [tcpdump] s10:s10cl17 -> /results/dash/snapshots/snapshot_2/tcpdump
2026-01-05 20:09:56,069 [INFO] [tcpdump] s10:s10cl18 -> /results/dash/snapshots/snapshot_2/tcpdump
2026-01-05 20:09:56,214 [INFO] [tcpdump] s11:s11cl19 -> /results/dash/snapshots/snapshot_2/tcpdump
2026-01-05 20:09:56,290 [INFO] [tcpdump] s11:s11cl20 -> /results/dash/snapshots/snapshot_2/tcpdump
2026-01-05 20:09:56,364 [INFO] [tcpdump] s11:s11cl21 -> /results/dash/snapshots/snapshot_2/tcpdump
2026-01-05 20:09:56,517 [INFO] [tcpdump] s12:s12cl22 -> /results/dash/snapshots/snapshot_2/tcpdump
2026-01-05 20:09:56,594 [INFO] [tcpdump] s12:s12cl23 -> /results/dash/snapshots/snapshot_2/tcpdump
2026-01-05 20:09:56,672 [INFO] [tcpdump] s12:s12cl24 -> /results/dash/snapshots/snapshot_2/tcpdump
2026-01-05 20:09:56,750 [INFO] [tcpdump] s12:s12cl25 -> /results/dash/snapshots/snapshot_2/tcpdump
2026-01-05 20:09:56,825 [INFO] [tcpdump] s12:s12cl26 -> /results/dash/snapshots/snapshot_2/tcpdump
2026-01-05 20:09:56,900 [INFO] [tcpdump] s12:s12cl27 -> /results/dash/snapshots/snapshot_2/tcpdump
2026-01-05 20:09:56,974 [INFO] [tcpdump] s12:s12cl28 -> /results/dash/snapshots/snapshot_2/tcpdump
2026-01-05 20:09:57,117 [INFO] [tcpdump] s13:s13cl29 -> /results/dash/snapshots/snapshot_2/tcpdump
2026-01-05 20:09:57,189 [INFO] [tcpdump] s13:s13cl30 -> /results/dash/snapshots/snapshot_2/tcpdump
2026-01-05 20:09:57,261 [INFO] [tcpdump] s13:s13cl31 -> /results/dash/snapshots/snapshot_2/tcpdump
2026-01-05 20:09:57,336 [INFO] [tcpdump] s13:s13cl32 -> /results/dash/snapshots/snapshot_2/tcpdump
2026-01-05 20:09:57,410 [INFO] [tcpdump] s13:s13cl33 -> /results/dash/snapshots/snapshot_2/tcpdump
2026-01-05 20:09:57,559 [INFO] [tcpdump] s14:s14cl34 -> /results/dash/snapshots/snapshot_2/tcpdump
2026-01-05 20:09:57,633 [INFO] [tcpdump] s14:s14cl35 -> /results/dash/snapshots/snapshot_2/tcpdump
2026-01-05 20:09:57,709 [INFO] [tcpdump] s14:s14cl36 -> /results/dash/snapshots/snapshot_2/tcpdump
2026-01-05 20:09:57,785 [INFO] [tcpdump] s14:s14cl37 -> /results/dash/snapshots/snapshot_2/tcpdump
2026-01-05 20:09:57,867 [INFO] [tcpdump] s14:s14cl38 -> /results/dash/snapshots/snapshot_2/tcpdump
2026-01-05 20:09:57,942 [INFO] [tcpdump] s14:s14cl39 -> /results/dash/snapshots/snapshot_2/tcpdump
2026-01-05 20:09:58,017 [INFO] [tcpdump] s14:s14cl40 -> /results/dash/snapshots/snapshot_2/tcpdump
2026-01-05 20:09:58,091 [INFO] [tcpdump] s14:s14cl41 -> /results/dash/snapshots/snapshot_2/tcpdump
2026-01-05 20:09:58,233 [INFO] [tcpdump] s15:s15cl42 -> /results/dash/snapshots/snapshot_2/tcpdump
2026-01-05 20:09:58,308 [INFO] [tcpdump] s15:s15cl43 -> /results/dash/snapshots/snapshot_2/tcpdump
2026-01-05 20:09:58,384 [INFO] [tcpdump] s15:s15cl44 -> /results/dash/snapshots/snapshot_2/tcpdump
2026-01-05 20:09:58,458 [INFO] [tcpdump] s15:s15cl45 -> /results/dash/snapshots/snapshot_2/tcpdump
2026-01-05 20:09:58,534 [INFO] [tcpdump] s15:s15cl46 -> /results/dash/snapshots/snapshot_2/tcpdump
2026-01-05 20:09:58,608 [INFO] [tcpdump] s15:s15cl47 -> /results/dash/snapshots/snapshot_2/tcpdump
2026-01-05 20:09:58,753 [INFO] [tcpdump] s16:s16cl48 -> /results/dash/snapshots/snapshot_2/tcpdump
2026-01-05 20:09:58,828 [INFO] [tcpdump] s16:s16cl49 -> /results/dash/snapshots/snapshot_2/tcpdump
2026-01-05 20:09:58,903 [INFO] [tcpdump] s16:s16cl50 -> /results/dash/snapshots/snapshot_2/tcpdump
2026-01-05 20:09:58,982 [INFO] [tcpdump] s16:s16cl51 -> /results/dash/snapshots/snapshot_2/tcpdump
2026-01-05 20:09:59,077 [INFO] [tcpdump] s16:s16cl52 -> /results/dash/snapshots/snapshot_2/tcpdump
2026-01-05 20:09:59,153 [INFO] [tcpdump] s16:s16cl53 -> /results/dash/snapshots/snapshot_2/tcpdump
2026-01-05 20:09:59,233 [INFO] [tcpdump] s16:s16cl54 -> /results/dash/snapshots/snapshot_2/tcpdump
2026-01-05 20:09:59,308 [INFO] [tcpdump] s16:s16cl55 -> /results/dash/snapshots/snapshot_2/tcpdump
2026-01-05 20:09:59,383 [INFO] [tcpdump] s16:s16cl56 -> /results/dash/snapshots/snapshot_2/tcpdump
2026-01-05 20:09:59,532 [INFO] [tcpdump] s17:s17cl57 -> /results/dash/snapshots/snapshot_2/tcpdump
2026-01-05 20:09:59,607 [INFO] [tcpdump] s17:s17cl58 -> /results/dash/snapshots/snapshot_2/tcpdump
2026-01-05 20:09:59,682 [INFO] [tcpdump] s17:s17cl59 -> /results/dash/snapshots/snapshot_2/tcpdump
2026-01-05 20:09:59,758 [INFO] [tcpdump] s17:s17cl60 -> /results/dash/snapshots/snapshot_2/tcpdump
2026-01-05 20:09:59,832 [INFO] [tcpdump] s17:s17cl61 -> /results/dash/snapshots/snapshot_2/tcpdump
2026-01-05 20:09:59,911 [INFO] [tcpdump] s17:s17cl62 -> /results/dash/snapshots/snapshot_2/tcpdump
2026-01-05 20:09:59,987 [INFO] [tcpdump] s17:s17cl63 -> /results/dash/snapshots/snapshot_2/tcpdump
2026-01-05 20:10:00,136 [INFO] [tcpdump] s18:s18cl64 -> /results/dash/snapshots/snapshot_2/tcpdump
2026-01-05 20:10:00,211 [INFO] [tcpdump] s18:s18cl65 -> /results/dash/snapshots/snapshot_2/tcpdump
2026-01-05 20:10:00,289 [INFO] [tcpdump] s18:s18cl66 -> /results/dash/snapshots/snapshot_2/tcpdump
2026-01-05 20:10:00,365 [INFO] [tcpdump] s18:s18cl67 -> /results/dash/snapshots/snapshot_2/tcpdump
2026-01-05 20:10:00,443 [INFO] [tcpdump] s18:s18cl68 -> /results/dash/snapshots/snapshot_2/tcpdump
2026-01-05 20:10:00,517 [INFO] [tcpdump] s18:s18cl69 -> /results/dash/snapshots/snapshot_2/tcpdump
2026-01-05 20:10:00,667 [INFO] [tcpdump] s19:s19cl70 -> /results/dash/snapshots/snapshot_2/tcpdump
2026-01-05 20:10:00,746 [INFO] [tcpdump] s19:s19cl71 -> /results/dash/snapshots/snapshot_2/tcpdump
2026-01-05 20:10:00,821 [INFO] [tcpdump] s19:s19cl72 -> /results/dash/snapshots/snapshot_2/tcpdump
2026-01-05 20:10:00,894 [INFO] [tcpdump] s19:s19cl73 -> /results/dash/snapshots/snapshot_2/tcpdump
2026-01-05 20:10:00,973 [INFO] [tcpdump] s19:s19cl74 -> /results/dash/snapshots/snapshot_2/tcpdump
2026-01-05 20:10:01,053 [INFO] [tcpdump] s19:s19cl75 -> /results/dash/snapshots/snapshot_2/tcpdump
2026-01-05 20:10:01,204 [INFO] [tcpdump] s20:s20cl76 -> /results/dash/snapshots/snapshot_2/tcpdump
2026-01-05 20:10:01,280 [INFO] [tcpdump] s20:s20cl77 -> /results/dash/snapshots/snapshot_2/tcpdump
2026-01-05 20:10:01,359 [INFO] [tcpdump] s20:s20cl78 -> /results/dash/snapshots/snapshot_2/tcpdump
2026-01-05 20:10:01,436 [INFO] [tcpdump] s20:s20cl79 -> /results/dash/snapshots/snapshot_2/tcpdump
2026-01-05 20:10:01,516 [INFO] [tcpdump] s20:s20cl80 -> /results/dash/snapshots/snapshot_2/tcpdump
2026-01-05 20:10:01,661 [INFO] [tcpdump] s21:s21cl81 -> /results/dash/snapshots/snapshot_2/tcpdump
2026-01-05 20:10:01,742 [INFO] [tcpdump] s21:s21cl82 -> /results/dash/snapshots/snapshot_2/tcpdump
2026-01-05 20:10:01,824 [INFO] [tcpdump] s21:s21cl83 -> /results/dash/snapshots/snapshot_2/tcpdump
2026-01-05 20:10:01,900 [INFO] [tcpdump] s21:s21cl84 -> /results/dash/snapshots/snapshot_2/tcpdump
2026-01-05 20:10:02,011 [INFO] [tcpdump] s21:s21cl85 -> /results/dash/snapshots/snapshot_2/tcpdump
2026-01-05 20:10:02,088 [INFO] [tcpdump] s21:s21cl86 -> /results/dash/snapshots/snapshot_2/tcpdump
2026-01-05 20:10:02,231 [INFO] [tcpdump] s22:s22cl87 -> /results/dash/snapshots/snapshot_2/tcpdump
2026-01-05 20:10:02,304 [INFO] [tcpdump] s22:s22cl88 -> /results/dash/snapshots/snapshot_2/tcpdump
2026-01-05 20:10:02,378 [INFO] [tcpdump] s22:s22cl89 -> /results/dash/snapshots/snapshot_2/tcpdump
2026-01-05 20:10:02,456 [INFO] [tcpdump] s22:s22cl90 -> /results/dash/snapshots/snapshot_2/tcpdump
2026-01-05 20:10:02,456 [INFO] [tcpdump] skip s23 (no host-facing nodes for pop=PoP-SC)
2026-01-05 20:10:02,608 [INFO] [tcpdump] s24:s24cl91 -> /results/dash/snapshots/snapshot_2/tcpdump
2026-01-05 20:10:02,688 [INFO] [tcpdump] s24:s24cl92 -> /results/dash/snapshots/snapshot_2/tcpdump
2026-01-05 20:10:02,764 [INFO] [tcpdump] s24:s24cl93 -> /results/dash/snapshots/snapshot_2/tcpdump
2026-01-05 20:10:02,840 [INFO] [tcpdump] s24:s24cl94 -> /results/dash/snapshots/snapshot_2/tcpdump
2026-01-05 20:10:02,915 [INFO] [tcpdump] s24:s24cl95 -> /results/dash/snapshots/snapshot_2/tcpdump
2026-01-05 20:10:02,991 [INFO] [tcpdump] s24:s24cl96 -> /results/dash/snapshots/snapshot_2/tcpdump
2026-01-05 20:10:03,071 [INFO] [tcpdump] s24:s24cl97 -> /results/dash/snapshots/snapshot_2/tcpdump
2026-01-05 20:10:03,142 [INFO] [tcpdump] s24:s24cl98 -> /results/dash/snapshots/snapshot_2/tcpdump
2026-01-05 20:10:03,290 [INFO] [tcpdump] s25:s25cl100 -> /results/dash/snapshots/snapshot_2/tcpdump
2026-01-05 20:10:03,366 [INFO] [tcpdump] s25:s25cl101 -> /results/dash/snapshots/snapshot_2/tcpdump
2026-01-05 20:10:03,440 [INFO] [tcpdump] s25:s25cl99 -> /results/dash/snapshots/snapshot_2/tcpdump
2026-01-05 20:10:03,441 [INFO] [tcpdump] skip s26 (no host-facing nodes for pop=PoP-TO)
2026-01-05 20:10:03,441 [INFO] [EXPERIMENT] snapshot_2: running cumulative dash-client k=50
2026-01-05 20:17:07,876 [INFO] [PCAP->CSV] snapshot_2: pcaps=106 rows=154428 -> /home/arthur.barbabella/lft/results/dash/run_2026-01-05_19-57-08/snapshots/snapshot_2/tcpdump/packet_flow.csv
2026-01-05 20:17:07,877 [INFO] [OK] snapshot_2 -> /home/arthur.barbabella/lft/results/dash/run_2026-01-05_19-57-08/snapshots/snapshot_2
2026-01-05 20:17:08,053 [INFO] [tcpdump] s0:s0ds0 -> /results/dash/snapshots/snapshot_3/tcpdump
2026-01-05 20:17:08,204 [INFO] [tcpdump] s1:s1ds1 -> /results/dash/snapshots/snapshot_3/tcpdump
2026-01-05 20:17:08,353 [INFO] [tcpdump] s2:s2ds2 -> /results/dash/snapshots/snapshot_3/tcpdump
2026-01-05 20:17:08,500 [INFO] [tcpdump] s3:s3ds3 -> /results/dash/snapshots/snapshot_3/tcpdump
2026-01-05 20:17:08,647 [INFO] [tcpdump] s4:s4cl0 -> /results/dash/snapshots/snapshot_3/tcpdump
2026-01-05 20:17:08,725 [INFO] [tcpdump] s4:s4cl1 -> /results/dash/snapshots/snapshot_3/tcpdump
2026-01-05 20:17:08,801 [INFO] [tcpdump] s4:s4cl2 -> /results/dash/snapshots/snapshot_3/tcpdump
2026-01-05 20:17:08,875 [INFO] [tcpdump] s4:s4cl3 -> /results/dash/snapshots/snapshot_3/tcpdump
2026-01-05 20:17:09,024 [INFO] [tcpdump] s5:s5cl4 -> /results/dash/snapshots/snapshot_3/tcpdump
2026-01-05 20:17:09,101 [INFO] [tcpdump] s5:s5cl5 -> /results/dash/snapshots/snapshot_3/tcpdump
2026-01-05 20:17:09,177 [INFO] [tcpdump] s5:s5cl6 -> /results/dash/snapshots/snapshot_3/tcpdump
2026-01-05 20:17:09,253 [INFO] [tcpdump] s5:s5cl7 -> /results/dash/snapshots/snapshot_3/tcpdump
2026-01-05 20:17:09,330 [INFO] [tcpdump] s5:s5cl8 -> /results/dash/snapshots/snapshot_3/tcpdump
2026-01-05 20:17:09,480 [INFO] [tcpdump] s6:s6cl10 -> /results/dash/snapshots/snapshot_3/tcpdump
2026-01-05 20:17:09,560 [INFO] [tcpdump] s6:s6cl11 -> /results/dash/snapshots/snapshot_3/tcpdump
2026-01-05 20:17:09,639 [INFO] [tcpdump] s6:s6cl12 -> /results/dash/snapshots/snapshot_3/tcpdump
2026-01-05 20:17:09,715 [INFO] [tcpdump] s6:s6cl13 -> /results/dash/snapshots/snapshot_3/tcpdump
2026-01-05 20:17:09,793 [INFO] [tcpdump] s6:s6cl9 -> /results/dash/snapshots/snapshot_3/tcpdump
2026-01-05 20:17:09,794 [INFO] [tcpdump] skip s7 (no host-facing nodes for pop=PoP-ES)
2026-01-05 20:17:09,794 [INFO] [tcpdump] skip s8 (no host-facing nodes for pop=PoP-GO)
2026-01-05 20:17:09,949 [INFO] [tcpdump] s9:s9cl14 -> /results/dash/snapshots/snapshot_3/tcpdump
2026-01-05 20:17:10,045 [INFO] [tcpdump] s9:s9cl15 -> /results/dash/snapshots/snapshot_3/tcpdump
2026-01-05 20:17:10,192 [INFO] [tcpdump] s10:s10cl16 -> /results/dash/snapshots/snapshot_3/tcpdump
2026-01-05 20:17:10,271 [INFO] [tcpdump] s10:s10cl17 -> /results/dash/snapshots/snapshot_3/tcpdump
2026-01-05 20:17:10,347 [INFO] [tcpdump] s10:s10cl18 -> /results/dash/snapshots/snapshot_3/tcpdump
2026-01-05 20:17:10,498 [INFO] [tcpdump] s11:s11cl19 -> /results/dash/snapshots/snapshot_3/tcpdump
2026-01-05 20:17:10,577 [INFO] [tcpdump] s11:s11cl20 -> /results/dash/snapshots/snapshot_3/tcpdump
2026-01-05 20:17:10,652 [INFO] [tcpdump] s11:s11cl21 -> /results/dash/snapshots/snapshot_3/tcpdump
2026-01-05 20:17:10,811 [INFO] [tcpdump] s12:s12cl22 -> /results/dash/snapshots/snapshot_3/tcpdump
2026-01-05 20:17:10,895 [INFO] [tcpdump] s12:s12cl23 -> /results/dash/snapshots/snapshot_3/tcpdump
2026-01-05 20:17:10,973 [INFO] [tcpdump] s12:s12cl24 -> /results/dash/snapshots/snapshot_3/tcpdump
2026-01-05 20:17:11,049 [INFO] [tcpdump] s12:s12cl25 -> /results/dash/snapshots/snapshot_3/tcpdump
2026-01-05 20:17:11,126 [INFO] [tcpdump] s12:s12cl26 -> /results/dash/snapshots/snapshot_3/tcpdump
2026-01-05 20:17:11,202 [INFO] [tcpdump] s12:s12cl27 -> /results/dash/snapshots/snapshot_3/tcpdump
2026-01-05 20:17:11,280 [INFO] [tcpdump] s12:s12cl28 -> /results/dash/snapshots/snapshot_3/tcpdump
2026-01-05 20:17:11,431 [INFO] [tcpdump] s13:s13cl29 -> /results/dash/snapshots/snapshot_3/tcpdump
2026-01-05 20:17:11,507 [INFO] [tcpdump] s13:s13cl30 -> /results/dash/snapshots/snapshot_3/tcpdump
2026-01-05 20:17:11,583 [INFO] [tcpdump] s13:s13cl31 -> /results/dash/snapshots/snapshot_3/tcpdump
2026-01-05 20:17:11,659 [INFO] [tcpdump] s13:s13cl32 -> /results/dash/snapshots/snapshot_3/tcpdump
2026-01-05 20:17:11,737 [INFO] [tcpdump] s13:s13cl33 -> /results/dash/snapshots/snapshot_3/tcpdump
2026-01-05 20:17:11,883 [INFO] [tcpdump] s14:s14cl34 -> /results/dash/snapshots/snapshot_3/tcpdump
2026-01-05 20:17:11,960 [INFO] [tcpdump] s14:s14cl35 -> /results/dash/snapshots/snapshot_3/tcpdump
2026-01-05 20:17:12,035 [INFO] [tcpdump] s14:s14cl36 -> /results/dash/snapshots/snapshot_3/tcpdump
2026-01-05 20:17:12,114 [INFO] [tcpdump] s14:s14cl37 -> /results/dash/snapshots/snapshot_3/tcpdump
2026-01-05 20:17:12,193 [INFO] [tcpdump] s14:s14cl38 -> /results/dash/snapshots/snapshot_3/tcpdump
2026-01-05 20:17:12,274 [INFO] [tcpdump] s14:s14cl39 -> /results/dash/snapshots/snapshot_3/tcpdump
2026-01-05 20:17:12,354 [INFO] [tcpdump] s14:s14cl40 -> /results/dash/snapshots/snapshot_3/tcpdump
2026-01-05 20:17:12,428 [INFO] [tcpdump] s14:s14cl41 -> /results/dash/snapshots/snapshot_3/tcpdump
2026-01-05 20:17:12,574 [INFO] [tcpdump] s15:s15cl42 -> /results/dash/snapshots/snapshot_3/tcpdump
2026-01-05 20:17:12,652 [INFO] [tcpdump] s15:s15cl43 -> /results/dash/snapshots/snapshot_3/tcpdump
2026-01-05 20:17:12,728 [INFO] [tcpdump] s15:s15cl44 -> /results/dash/snapshots/snapshot_3/tcpdump
2026-01-05 20:17:12,802 [INFO] [tcpdump] s15:s15cl45 -> /results/dash/snapshots/snapshot_3/tcpdump
2026-01-05 20:17:12,876 [INFO] [tcpdump] s15:s15cl46 -> /results/dash/snapshots/snapshot_3/tcpdump
2026-01-05 20:17:12,955 [INFO] [tcpdump] s15:s15cl47 -> /results/dash/snapshots/snapshot_3/tcpdump
2026-01-05 20:17:13,102 [INFO] [tcpdump] s16:s16cl48 -> /results/dash/snapshots/snapshot_3/tcpdump
2026-01-05 20:17:13,176 [INFO] [tcpdump] s16:s16cl49 -> /results/dash/snapshots/snapshot_3/tcpdump
2026-01-05 20:17:13,252 [INFO] [tcpdump] s16:s16cl50 -> /results/dash/snapshots/snapshot_3/tcpdump
2026-01-05 20:17:13,327 [INFO] [tcpdump] s16:s16cl51 -> /results/dash/snapshots/snapshot_3/tcpdump
2026-01-05 20:17:13,403 [INFO] [tcpdump] s16:s16cl52 -> /results/dash/snapshots/snapshot_3/tcpdump
2026-01-05 20:17:13,480 [INFO] [tcpdump] s16:s16cl53 -> /results/dash/snapshots/snapshot_3/tcpdump
2026-01-05 20:17:13,558 [INFO] [tcpdump] s16:s16cl54 -> /results/dash/snapshots/snapshot_3/tcpdump
2026-01-05 20:17:13,633 [INFO] [tcpdump] s16:s16cl55 -> /results/dash/snapshots/snapshot_3/tcpdump
2026-01-05 20:17:13,711 [INFO] [tcpdump] s16:s16cl56 -> /results/dash/snapshots/snapshot_3/tcpdump
2026-01-05 20:17:13,860 [INFO] [tcpdump] s17:s17cl57 -> /results/dash/snapshots/snapshot_3/tcpdump
2026-01-05 20:17:13,937 [INFO] [tcpdump] s17:s17cl58 -> /results/dash/snapshots/snapshot_3/tcpdump
2026-01-05 20:17:14,012 [INFO] [tcpdump] s17:s17cl59 -> /results/dash/snapshots/snapshot_3/tcpdump
2026-01-05 20:17:14,088 [INFO] [tcpdump] s17:s17cl60 -> /results/dash/snapshots/snapshot_3/tcpdump
2026-01-05 20:17:14,163 [INFO] [tcpdump] s17:s17cl61 -> /results/dash/snapshots/snapshot_3/tcpdump
2026-01-05 20:17:14,235 [INFO] [tcpdump] s17:s17cl62 -> /results/dash/snapshots/snapshot_3/tcpdump
2026-01-05 20:17:14,316 [INFO] [tcpdump] s17:s17cl63 -> /results/dash/snapshots/snapshot_3/tcpdump
2026-01-05 20:17:14,468 [INFO] [tcpdump] s18:s18cl64 -> /results/dash/snapshots/snapshot_3/tcpdump
2026-01-05 20:17:14,550 [INFO] [tcpdump] s18:s18cl65 -> /results/dash/snapshots/snapshot_3/tcpdump
2026-01-05 20:17:14,627 [INFO] [tcpdump] s18:s18cl66 -> /results/dash/snapshots/snapshot_3/tcpdump
2026-01-05 20:17:14,711 [INFO] [tcpdump] s18:s18cl67 -> /results/dash/snapshots/snapshot_3/tcpdump
2026-01-05 20:17:14,788 [INFO] [tcpdump] s18:s18cl68 -> /results/dash/snapshots/snapshot_3/tcpdump
2026-01-05 20:17:14,868 [INFO] [tcpdump] s18:s18cl69 -> /results/dash/snapshots/snapshot_3/tcpdump
2026-01-05 20:17:15,048 [INFO] [tcpdump] s19:s19cl70 -> /results/dash/snapshots/snapshot_3/tcpdump
2026-01-05 20:17:15,122 [INFO] [tcpdump] s19:s19cl71 -> /results/dash/snapshots/snapshot_3/tcpdump
2026-01-05 20:17:15,197 [INFO] [tcpdump] s19:s19cl72 -> /results/dash/snapshots/snapshot_3/tcpdump
2026-01-05 20:17:15,272 [INFO] [tcpdump] s19:s19cl73 -> /results/dash/snapshots/snapshot_3/tcpdump
2026-01-05 20:17:15,348 [INFO] [tcpdump] s19:s19cl74 -> /results/dash/snapshots/snapshot_3/tcpdump
2026-01-05 20:17:15,422 [INFO] [tcpdump] s19:s19cl75 -> /results/dash/snapshots/snapshot_3/tcpdump
2026-01-05 20:17:15,568 [INFO] [tcpdump] s20:s20cl76 -> /results/dash/snapshots/snapshot_3/tcpdump
2026-01-05 20:17:15,643 [INFO] [tcpdump] s20:s20cl77 -> /results/dash/snapshots/snapshot_3/tcpdump
2026-01-05 20:17:15,718 [INFO] [tcpdump] s20:s20cl78 -> /results/dash/snapshots/snapshot_3/tcpdump
2026-01-05 20:17:15,795 [INFO] [tcpdump] s20:s20cl79 -> /results/dash/snapshots/snapshot_3/tcpdump
2026-01-05 20:17:15,871 [INFO] [tcpdump] s20:s20cl80 -> /results/dash/snapshots/snapshot_3/tcpdump
2026-01-05 20:17:16,023 [INFO] [tcpdump] s21:s21cl81 -> /results/dash/snapshots/snapshot_3/tcpdump
2026-01-05 20:17:16,098 [INFO] [tcpdump] s21:s21cl82 -> /results/dash/snapshots/snapshot_3/tcpdump
2026-01-05 20:17:16,175 [INFO] [tcpdump] s21:s21cl83 -> /results/dash/snapshots/snapshot_3/tcpdump
2026-01-05 20:17:16,252 [INFO] [tcpdump] s21:s21cl84 -> /results/dash/snapshots/snapshot_3/tcpdump
2026-01-05 20:17:16,328 [INFO] [tcpdump] s21:s21cl85 -> /results/dash/snapshots/snapshot_3/tcpdump
2026-01-05 20:17:16,404 [INFO] [tcpdump] s21:s21cl86 -> /results/dash/snapshots/snapshot_3/tcpdump
2026-01-05 20:17:16,553 [INFO] [tcpdump] s22:s22cl87 -> /results/dash/snapshots/snapshot_3/tcpdump
2026-01-05 20:17:16,630 [INFO] [tcpdump] s22:s22cl88 -> /results/dash/snapshots/snapshot_3/tcpdump
2026-01-05 20:17:16,708 [INFO] [tcpdump] s22:s22cl89 -> /results/dash/snapshots/snapshot_3/tcpdump
2026-01-05 20:17:16,785 [INFO] [tcpdump] s22:s22cl90 -> /results/dash/snapshots/snapshot_3/tcpdump
2026-01-05 20:17:16,786 [INFO] [tcpdump] skip s23 (no host-facing nodes for pop=PoP-SC)
2026-01-05 20:17:16,934 [INFO] [tcpdump] s24:s24cl91 -> /results/dash/snapshots/snapshot_3/tcpdump
2026-01-05 20:17:17,012 [INFO] [tcpdump] s24:s24cl92 -> /results/dash/snapshots/snapshot_3/tcpdump
2026-01-05 20:17:17,093 [INFO] [tcpdump] s24:s24cl93 -> /results/dash/snapshots/snapshot_3/tcpdump
2026-01-05 20:17:17,178 [INFO] [tcpdump] s24:s24cl94 -> /results/dash/snapshots/snapshot_3/tcpdump
2026-01-05 20:17:17,254 [INFO] [tcpdump] s24:s24cl95 -> /results/dash/snapshots/snapshot_3/tcpdump
2026-01-05 20:17:17,332 [INFO] [tcpdump] s24:s24cl96 -> /results/dash/snapshots/snapshot_3/tcpdump
2026-01-05 20:17:17,409 [INFO] [tcpdump] s24:s24cl97 -> /results/dash/snapshots/snapshot_3/tcpdump
2026-01-05 20:17:17,486 [INFO] [tcpdump] s24:s24cl98 -> /results/dash/snapshots/snapshot_3/tcpdump
2026-01-05 20:17:17,636 [INFO] [tcpdump] s25:s25cl100 -> /results/dash/snapshots/snapshot_3/tcpdump
2026-01-05 20:17:17,714 [INFO] [tcpdump] s25:s25cl101 -> /results/dash/snapshots/snapshot_3/tcpdump
2026-01-05 20:17:17,792 [INFO] [tcpdump] s25:s25cl99 -> /results/dash/snapshots/snapshot_3/tcpdump
2026-01-05 20:17:17,792 [INFO] [tcpdump] skip s26 (no host-facing nodes for pop=PoP-TO)
2026-01-05 20:17:17,793 [INFO] [EXPERIMENT] snapshot_3: running cumulative dash-client k=75
2026-01-05 20:24:26,127 [INFO] [PCAP->CSV] snapshot_3: pcaps=106 rows=188834 -> /home/arthur.barbabella/lft/results/dash/run_2026-01-05_19-57-08/snapshots/snapshot_3/tcpdump/packet_flow.csv
2026-01-05 20:24:26,128 [INFO] [OK] snapshot_3 -> /home/arthur.barbabella/lft/results/dash/run_2026-01-05_19-57-08/snapshots/snapshot_3
2026-01-05 20:24:26,276 [INFO] [tcpdump] s0:s0ds0 -> /results/dash/snapshots/snapshot_4/tcpdump
2026-01-05 20:24:26,425 [INFO] [tcpdump] s1:s1ds1 -> /results/dash/snapshots/snapshot_4/tcpdump
2026-01-05 20:24:26,567 [INFO] [tcpdump] s2:s2ds2 -> /results/dash/snapshots/snapshot_4/tcpdump
2026-01-05 20:24:26,719 [INFO] [tcpdump] s3:s3ds3 -> /results/dash/snapshots/snapshot_4/tcpdump
2026-01-05 20:24:26,866 [INFO] [tcpdump] s4:s4cl0 -> /results/dash/snapshots/snapshot_4/tcpdump
2026-01-05 20:24:26,945 [INFO] [tcpdump] s4:s4cl1 -> /results/dash/snapshots/snapshot_4/tcpdump
2026-01-05 20:24:27,019 [INFO] [tcpdump] s4:s4cl2 -> /results/dash/snapshots/snapshot_4/tcpdump
2026-01-05 20:24:27,096 [INFO] [tcpdump] s4:s4cl3 -> /results/dash/snapshots/snapshot_4/tcpdump
2026-01-05 20:24:27,238 [INFO] [tcpdump] s5:s5cl4 -> /results/dash/snapshots/snapshot_4/tcpdump
2026-01-05 20:24:27,310 [INFO] [tcpdump] s5:s5cl5 -> /results/dash/snapshots/snapshot_4/tcpdump
2026-01-05 20:24:27,384 [INFO] [tcpdump] s5:s5cl6 -> /results/dash/snapshots/snapshot_4/tcpdump
2026-01-05 20:24:27,457 [INFO] [tcpdump] s5:s5cl7 -> /results/dash/snapshots/snapshot_4/tcpdump
2026-01-05 20:24:27,534 [INFO] [tcpdump] s5:s5cl8 -> /results/dash/snapshots/snapshot_4/tcpdump
2026-01-05 20:24:27,681 [INFO] [tcpdump] s6:s6cl10 -> /results/dash/snapshots/snapshot_4/tcpdump
2026-01-05 20:24:27,757 [INFO] [tcpdump] s6:s6cl11 -> /results/dash/snapshots/snapshot_4/tcpdump
2026-01-05 20:24:27,835 [INFO] [tcpdump] s6:s6cl12 -> /results/dash/snapshots/snapshot_4/tcpdump
2026-01-05 20:24:27,912 [INFO] [tcpdump] s6:s6cl13 -> /results/dash/snapshots/snapshot_4/tcpdump
2026-01-05 20:24:27,985 [INFO] [tcpdump] s6:s6cl9 -> /results/dash/snapshots/snapshot_4/tcpdump
2026-01-05 20:24:27,986 [INFO] [tcpdump] skip s7 (no host-facing nodes for pop=PoP-ES)
2026-01-05 20:24:27,986 [INFO] [tcpdump] skip s8 (no host-facing nodes for pop=PoP-GO)
2026-01-05 20:24:28,133 [INFO] [tcpdump] s9:s9cl14 -> /results/dash/snapshots/snapshot_4/tcpdump
2026-01-05 20:24:28,209 [INFO] [tcpdump] s9:s9cl15 -> /results/dash/snapshots/snapshot_4/tcpdump
2026-01-05 20:24:28,357 [INFO] [tcpdump] s10:s10cl16 -> /results/dash/snapshots/snapshot_4/tcpdump
2026-01-05 20:24:28,434 [INFO] [tcpdump] s10:s10cl17 -> /results/dash/snapshots/snapshot_4/tcpdump
2026-01-05 20:24:28,507 [INFO] [tcpdump] s10:s10cl18 -> /results/dash/snapshots/snapshot_4/tcpdump
2026-01-05 20:24:28,670 [INFO] [tcpdump] s11:s11cl19 -> /results/dash/snapshots/snapshot_4/tcpdump
2026-01-05 20:24:28,747 [INFO] [tcpdump] s11:s11cl20 -> /results/dash/snapshots/snapshot_4/tcpdump
2026-01-05 20:24:29,053 [INFO] [tcpdump] s11:s11cl21 -> /results/dash/snapshots/snapshot_4/tcpdump
2026-01-05 20:24:29,203 [INFO] [tcpdump] s12:s12cl22 -> /results/dash/snapshots/snapshot_4/tcpdump
2026-01-05 20:24:29,275 [INFO] [tcpdump] s12:s12cl23 -> /results/dash/snapshots/snapshot_4/tcpdump
2026-01-05 20:24:29,350 [INFO] [tcpdump] s12:s12cl24 -> /results/dash/snapshots/snapshot_4/tcpdump
2026-01-05 20:24:29,425 [INFO] [tcpdump] s12:s12cl25 -> /results/dash/snapshots/snapshot_4/tcpdump
2026-01-05 20:24:29,502 [INFO] [tcpdump] s12:s12cl26 -> /results/dash/snapshots/snapshot_4/tcpdump
2026-01-05 20:24:29,581 [INFO] [tcpdump] s12:s12cl27 -> /results/dash/snapshots/snapshot_4/tcpdump
2026-01-05 20:24:29,657 [INFO] [tcpdump] s12:s12cl28 -> /results/dash/snapshots/snapshot_4/tcpdump
2026-01-05 20:24:29,814 [INFO] [tcpdump] s13:s13cl29 -> /results/dash/snapshots/snapshot_4/tcpdump
2026-01-05 20:24:29,893 [INFO] [tcpdump] s13:s13cl30 -> /results/dash/snapshots/snapshot_4/tcpdump
2026-01-05 20:24:29,967 [INFO] [tcpdump] s13:s13cl31 -> /results/dash/snapshots/snapshot_4/tcpdump
2026-01-05 20:24:30,044 [INFO] [tcpdump] s13:s13cl32 -> /results/dash/snapshots/snapshot_4/tcpdump
2026-01-05 20:24:30,123 [INFO] [tcpdump] s13:s13cl33 -> /results/dash/snapshots/snapshot_4/tcpdump
2026-01-05 20:24:30,265 [INFO] [tcpdump] s14:s14cl34 -> /results/dash/snapshots/snapshot_4/tcpdump
2026-01-05 20:24:30,341 [INFO] [tcpdump] s14:s14cl35 -> /results/dash/snapshots/snapshot_4/tcpdump
2026-01-05 20:24:30,415 [INFO] [tcpdump] s14:s14cl36 -> /results/dash/snapshots/snapshot_4/tcpdump
2026-01-05 20:24:30,490 [INFO] [tcpdump] s14:s14cl37 -> /results/dash/snapshots/snapshot_4/tcpdump
2026-01-05 20:24:30,566 [INFO] [tcpdump] s14:s14cl38 -> /results/dash/snapshots/snapshot_4/tcpdump
2026-01-05 20:24:30,643 [INFO] [tcpdump] s14:s14cl39 -> /results/dash/snapshots/snapshot_4/tcpdump
2026-01-05 20:24:30,722 [INFO] [tcpdump] s14:s14cl40 -> /results/dash/snapshots/snapshot_4/tcpdump
2026-01-05 20:24:30,798 [INFO] [tcpdump] s14:s14cl41 -> /results/dash/snapshots/snapshot_4/tcpdump
2026-01-05 20:24:30,952 [INFO] [tcpdump] s15:s15cl42 -> /results/dash/snapshots/snapshot_4/tcpdump
2026-01-05 20:24:31,034 [INFO] [tcpdump] s15:s15cl43 -> /results/dash/snapshots/snapshot_4/tcpdump
2026-01-05 20:24:31,113 [INFO] [tcpdump] s15:s15cl44 -> /results/dash/snapshots/snapshot_4/tcpdump
2026-01-05 20:24:31,193 [INFO] [tcpdump] s15:s15cl45 -> /results/dash/snapshots/snapshot_4/tcpdump
2026-01-05 20:24:31,273 [INFO] [tcpdump] s15:s15cl46 -> /results/dash/snapshots/snapshot_4/tcpdump
2026-01-05 20:24:31,348 [INFO] [tcpdump] s15:s15cl47 -> /results/dash/snapshots/snapshot_4/tcpdump
2026-01-05 20:24:31,492 [INFO] [tcpdump] s16:s16cl48 -> /results/dash/snapshots/snapshot_4/tcpdump
2026-01-05 20:24:31,564 [INFO] [tcpdump] s16:s16cl49 -> /results/dash/snapshots/snapshot_4/tcpdump
2026-01-05 20:24:31,641 [INFO] [tcpdump] s16:s16cl50 -> /results/dash/snapshots/snapshot_4/tcpdump
2026-01-05 20:24:31,715 [INFO] [tcpdump] s16:s16cl51 -> /results/dash/snapshots/snapshot_4/tcpdump
2026-01-05 20:24:31,790 [INFO] [tcpdump] s16:s16cl52 -> /results/dash/snapshots/snapshot_4/tcpdump
2026-01-05 20:24:31,867 [INFO] [tcpdump] s16:s16cl53 -> /results/dash/snapshots/snapshot_4/tcpdump
2026-01-05 20:24:31,941 [INFO] [tcpdump] s16:s16cl54 -> /results/dash/snapshots/snapshot_4/tcpdump
2026-01-05 20:24:32,018 [INFO] [tcpdump] s16:s16cl55 -> /results/dash/snapshots/snapshot_4/tcpdump
2026-01-05 20:24:32,092 [INFO] [tcpdump] s16:s16cl56 -> /results/dash/snapshots/snapshot_4/tcpdump
2026-01-05 20:24:32,238 [INFO] [tcpdump] s17:s17cl57 -> /results/dash/snapshots/snapshot_4/tcpdump
2026-01-05 20:24:32,317 [INFO] [tcpdump] s17:s17cl58 -> /results/dash/snapshots/snapshot_4/tcpdump
2026-01-05 20:24:32,393 [INFO] [tcpdump] s17:s17cl59 -> /results/dash/snapshots/snapshot_4/tcpdump
2026-01-05 20:24:32,469 [INFO] [tcpdump] s17:s17cl60 -> /results/dash/snapshots/snapshot_4/tcpdump
2026-01-05 20:24:32,544 [INFO] [tcpdump] s17:s17cl61 -> /results/dash/snapshots/snapshot_4/tcpdump
2026-01-05 20:24:32,619 [INFO] [tcpdump] s17:s17cl62 -> /results/dash/snapshots/snapshot_4/tcpdump
2026-01-05 20:24:32,699 [INFO] [tcpdump] s17:s17cl63 -> /results/dash/snapshots/snapshot_4/tcpdump
2026-01-05 20:24:32,854 [INFO] [tcpdump] s18:s18cl64 -> /results/dash/snapshots/snapshot_4/tcpdump
2026-01-05 20:24:32,931 [INFO] [tcpdump] s18:s18cl65 -> /results/dash/snapshots/snapshot_4/tcpdump
2026-01-05 20:24:33,012 [INFO] [tcpdump] s18:s18cl66 -> /results/dash/snapshots/snapshot_4/tcpdump
2026-01-05 20:24:33,090 [INFO] [tcpdump] s18:s18cl67 -> /results/dash/snapshots/snapshot_4/tcpdump
2026-01-05 20:24:33,168 [INFO] [tcpdump] s18:s18cl68 -> /results/dash/snapshots/snapshot_4/tcpdump
2026-01-05 20:24:33,246 [INFO] [tcpdump] s18:s18cl69 -> /results/dash/snapshots/snapshot_4/tcpdump
2026-01-05 20:24:33,395 [INFO] [tcpdump] s19:s19cl70 -> /results/dash/snapshots/snapshot_4/tcpdump
2026-01-05 20:24:33,473 [INFO] [tcpdump] s19:s19cl71 -> /results/dash/snapshots/snapshot_4/tcpdump
2026-01-05 20:24:33,547 [INFO] [tcpdump] s19:s19cl72 -> /results/dash/snapshots/snapshot_4/tcpdump
2026-01-05 20:24:33,641 [INFO] [tcpdump] s19:s19cl73 -> /results/dash/snapshots/snapshot_4/tcpdump
2026-01-05 20:24:33,716 [INFO] [tcpdump] s19:s19cl74 -> /results/dash/snapshots/snapshot_4/tcpdump
2026-01-05 20:24:33,793 [INFO] [tcpdump] s19:s19cl75 -> /results/dash/snapshots/snapshot_4/tcpdump
2026-01-05 20:24:33,935 [INFO] [tcpdump] s20:s20cl76 -> /results/dash/snapshots/snapshot_4/tcpdump
2026-01-05 20:24:34,009 [INFO] [tcpdump] s20:s20cl77 -> /results/dash/snapshots/snapshot_4/tcpdump
2026-01-05 20:24:34,086 [INFO] [tcpdump] s20:s20cl78 -> /results/dash/snapshots/snapshot_4/tcpdump
2026-01-05 20:24:34,162 [INFO] [tcpdump] s20:s20cl79 -> /results/dash/snapshots/snapshot_4/tcpdump
2026-01-05 20:24:34,237 [INFO] [tcpdump] s20:s20cl80 -> /results/dash/snapshots/snapshot_4/tcpdump
2026-01-05 20:24:34,383 [INFO] [tcpdump] s21:s21cl81 -> /results/dash/snapshots/snapshot_4/tcpdump
2026-01-05 20:24:34,456 [INFO] [tcpdump] s21:s21cl82 -> /results/dash/snapshots/snapshot_4/tcpdump
2026-01-05 20:24:34,534 [INFO] [tcpdump] s21:s21cl83 -> /results/dash/snapshots/snapshot_4/tcpdump
2026-01-05 20:24:34,609 [INFO] [tcpdump] s21:s21cl84 -> /results/dash/snapshots/snapshot_4/tcpdump
2026-01-05 20:24:34,686 [INFO] [tcpdump] s21:s21cl85 -> /results/dash/snapshots/snapshot_4/tcpdump
2026-01-05 20:24:34,759 [INFO] [tcpdump] s21:s21cl86 -> /results/dash/snapshots/snapshot_4/tcpdump
2026-01-05 20:24:34,905 [INFO] [tcpdump] s22:s22cl87 -> /results/dash/snapshots/snapshot_4/tcpdump
2026-01-05 20:24:34,980 [INFO] [tcpdump] s22:s22cl88 -> /results/dash/snapshots/snapshot_4/tcpdump
2026-01-05 20:24:35,056 [INFO] [tcpdump] s22:s22cl89 -> /results/dash/snapshots/snapshot_4/tcpdump
2026-01-05 20:24:35,131 [INFO] [tcpdump] s22:s22cl90 -> /results/dash/snapshots/snapshot_4/tcpdump
2026-01-05 20:24:35,131 [INFO] [tcpdump] skip s23 (no host-facing nodes for pop=PoP-SC)
2026-01-05 20:24:35,279 [INFO] [tcpdump] s24:s24cl91 -> /results/dash/snapshots/snapshot_4/tcpdump
2026-01-05 20:24:35,352 [INFO] [tcpdump] s24:s24cl92 -> /results/dash/snapshots/snapshot_4/tcpdump
2026-01-05 20:24:35,425 [INFO] [tcpdump] s24:s24cl93 -> /results/dash/snapshots/snapshot_4/tcpdump
2026-01-05 20:24:35,507 [INFO] [tcpdump] s24:s24cl94 -> /results/dash/snapshots/snapshot_4/tcpdump
2026-01-05 20:24:35,590 [INFO] [tcpdump] s24:s24cl95 -> /results/dash/snapshots/snapshot_4/tcpdump
2026-01-05 20:24:35,665 [INFO] [tcpdump] s24:s24cl96 -> /results/dash/snapshots/snapshot_4/tcpdump
2026-01-05 20:24:35,743 [INFO] [tcpdump] s24:s24cl97 -> /results/dash/snapshots/snapshot_4/tcpdump
2026-01-05 20:24:35,816 [INFO] [tcpdump] s24:s24cl98 -> /results/dash/snapshots/snapshot_4/tcpdump
2026-01-05 20:24:35,972 [INFO] [tcpdump] s25:s25cl100 -> /results/dash/snapshots/snapshot_4/tcpdump
2026-01-05 20:24:36,052 [INFO] [tcpdump] s25:s25cl101 -> /results/dash/snapshots/snapshot_4/tcpdump
2026-01-05 20:24:36,131 [INFO] [tcpdump] s25:s25cl99 -> /results/dash/snapshots/snapshot_4/tcpdump
2026-01-05 20:24:36,131 [INFO] [tcpdump] skip s26 (no host-facing nodes for pop=PoP-TO)
2026-01-05 20:24:36,131 [INFO] [EXPERIMENT] snapshot_4: running cumulative dash-client k=100
2026-01-05 20:31:42,856 [INFO] [PCAP->CSV] snapshot_4: pcaps=106 rows=214220 -> /home/arthur.barbabella/lft/results/dash/run_2026-01-05_19-57-08/snapshots/snapshot_4/tcpdump/packet_flow.csv
2026-01-05 20:31:42,857 [INFO] [OK] snapshot_4 -> /home/arthur.barbabella/lft/results/dash/run_2026-01-05_19-57-08/snapshots/snapshot_4
2026-01-05 20:31:54,027 [INFO] [CSV-MERGE] files=4 rows=639533 -> /home/arthur.barbabella/lft/results/dash/run_2026-01-05_19-57-08/packet_flow_all.csv
2026-01-05 20:31:54,047 [INFO] [OVS-MERGE] flows={'files': 4, 'rows': 432, 'out': '/home/arthur.barbabella/lft/results/dash/run_2026-01-05_19-57-08/ovs_flows_all.csv'} ports={'files': 4, 'rows': 904, 'out': '/home/arthur.barbabella/lft/results/dash/run_2026-01-05_19-57-08/ovs_ports_all.csv'}
2026-01-05 20:31:54,047 [INFO] [RESET] utils.cleanup() (post)
