2025-12-30 18:06:18,344 [INFO] [RESET] utils.cleanup() (pre)
2025-12-30 18:06:50,477 [INFO] Connected (version 2.0, client APACHE-SSHD-2.5.1)
2025-12-30 18:06:51,352 [INFO] Authentication (password) successful!
2025-12-30 18:12:18,770 [INFO] [EXPERIMENT] ROTATE_S=300s, servers=['192.168.0.1', '192.168.0.2', '192.168.0.3', '192.168.0.4'], total_clients_pool=100
2025-12-30 18:12:18,943 [INFO] [tcpdump] s0:s0ds0 -> /results/dash/snapshots/snapshot_1/tcpdump
2025-12-30 18:12:19,094 [INFO] [tcpdump] s1:s1ds1 -> /results/dash/snapshots/snapshot_1/tcpdump
2025-12-30 18:12:19,245 [INFO] [tcpdump] s2:s2ds2 -> /results/dash/snapshots/snapshot_1/tcpdump
2025-12-30 18:12:19,399 [INFO] [tcpdump] s3:s3ds3 -> /results/dash/snapshots/snapshot_1/tcpdump
2025-12-30 18:12:19,553 [INFO] [tcpdump] s4:s4cl0 -> /results/dash/snapshots/snapshot_1/tcpdump
2025-12-30 18:12:19,629 [INFO] [tcpdump] s4:s4cl1 -> /results/dash/snapshots/snapshot_1/tcpdump
2025-12-30 18:12:19,707 [INFO] [tcpdump] s4:s4cl2 -> /results/dash/snapshots/snapshot_1/tcpdump
2025-12-30 18:12:19,786 [INFO] [tcpdump] s4:s4cl3 -> /results/dash/snapshots/snapshot_1/tcpdump
2025-12-30 18:12:19,937 [INFO] [tcpdump] s5:s5cl4 -> /results/dash/snapshots/snapshot_1/tcpdump
2025-12-30 18:12:20,014 [INFO] [tcpdump] s5:s5cl5 -> /results/dash/snapshots/snapshot_1/tcpdump
2025-12-30 18:12:20,095 [INFO] [tcpdump] s5:s5cl6 -> /results/dash/snapshots/snapshot_1/tcpdump
2025-12-30 18:12:20,189 [INFO] [tcpdump] s5:s5cl7 -> /results/dash/snapshots/snapshot_1/tcpdump
2025-12-30 18:12:20,280 [INFO] [tcpdump] s5:s5cl8 -> /results/dash/snapshots/snapshot_1/tcpdump
2025-12-30 18:12:20,436 [INFO] [tcpdump] s6:s6cl10 -> /results/dash/snapshots/snapshot_1/tcpdump
2025-12-30 18:12:20,510 [INFO] [tcpdump] s6:s6cl11 -> /results/dash/snapshots/snapshot_1/tcpdump
2025-12-30 18:12:20,587 [INFO] [tcpdump] s6:s6cl12 -> /results/dash/snapshots/snapshot_1/tcpdump
2025-12-30 18:12:20,666 [INFO] [tcpdump] s6:s6cl13 -> /results/dash/snapshots/snapshot_1/tcpdump
2025-12-30 18:12:20,749 [INFO] [tcpdump] s6:s6cl9 -> /results/dash/snapshots/snapshot_1/tcpdump
2025-12-30 18:12:20,749 [INFO] [tcpdump] skip s7 (no host-facing nodes for pop=PoP-ES)
2025-12-30 18:12:20,749 [INFO] [tcpdump] skip s8 (no host-facing nodes for pop=PoP-GO)
2025-12-30 18:12:20,902 [INFO] [tcpdump] s9:s9cl14 -> /results/dash/snapshots/snapshot_1/tcpdump
2025-12-30 18:12:20,980 [INFO] [tcpdump] s9:s9cl15 -> /results/dash/snapshots/snapshot_1/tcpdump
2025-12-30 18:12:21,130 [INFO] [tcpdump] s10:s10cl16 -> /results/dash/snapshots/snapshot_1/tcpdump
2025-12-30 18:12:21,204 [INFO] [tcpdump] s10:s10cl17 -> /results/dash/snapshots/snapshot_1/tcpdump
2025-12-30 18:12:21,285 [INFO] [tcpdump] s10:s10cl18 -> /results/dash/snapshots/snapshot_1/tcpdump
2025-12-30 18:12:21,440 [INFO] [tcpdump] s11:s11cl19 -> /results/dash/snapshots/snapshot_1/tcpdump
2025-12-30 18:12:21,518 [INFO] [tcpdump] s11:s11cl20 -> /results/dash/snapshots/snapshot_1/tcpdump
2025-12-30 18:12:21,597 [INFO] [tcpdump] s11:s11cl21 -> /results/dash/snapshots/snapshot_1/tcpdump
2025-12-30 18:12:21,757 [INFO] [tcpdump] s12:s12cl22 -> /results/dash/snapshots/snapshot_1/tcpdump
2025-12-30 18:12:21,838 [INFO] [tcpdump] s12:s12cl23 -> /results/dash/snapshots/snapshot_1/tcpdump
2025-12-30 18:12:21,913 [INFO] [tcpdump] s12:s12cl24 -> /results/dash/snapshots/snapshot_1/tcpdump
2025-12-30 18:12:21,989 [INFO] [tcpdump] s12:s12cl25 -> /results/dash/snapshots/snapshot_1/tcpdump
2025-12-30 18:12:22,064 [INFO] [tcpdump] s12:s12cl26 -> /results/dash/snapshots/snapshot_1/tcpdump
2025-12-30 18:12:22,138 [INFO] [tcpdump] s12:s12cl27 -> /results/dash/snapshots/snapshot_1/tcpdump
2025-12-30 18:12:22,223 [INFO] [tcpdump] s12:s12cl28 -> /results/dash/snapshots/snapshot_1/tcpdump
2025-12-30 18:12:22,381 [INFO] [tcpdump] s13:s13cl29 -> /results/dash/snapshots/snapshot_1/tcpdump
2025-12-30 18:12:22,459 [INFO] [tcpdump] s13:s13cl30 -> /results/dash/snapshots/snapshot_1/tcpdump
2025-12-30 18:12:22,534 [INFO] [tcpdump] s13:s13cl31 -> /results/dash/snapshots/snapshot_1/tcpdump
2025-12-30 18:12:22,610 [INFO] [tcpdump] s13:s13cl32 -> /results/dash/snapshots/snapshot_1/tcpdump
2025-12-30 18:12:22,686 [INFO] [tcpdump] s13:s13cl33 -> /results/dash/snapshots/snapshot_1/tcpdump
2025-12-30 18:12:22,844 [INFO] [tcpdump] s14:s14cl34 -> /results/dash/snapshots/snapshot_1/tcpdump
2025-12-30 18:12:22,918 [INFO] [tcpdump] s14:s14cl35 -> /results/dash/snapshots/snapshot_1/tcpdump
2025-12-30 18:12:23,026 [INFO] [tcpdump] s14:s14cl36 -> /results/dash/snapshots/snapshot_1/tcpdump
2025-12-30 18:12:23,118 [INFO] [tcpdump] s14:s14cl37 -> /results/dash/snapshots/snapshot_1/tcpdump
2025-12-30 18:12:23,202 [INFO] [tcpdump] s14:s14cl38 -> /results/dash/snapshots/snapshot_1/tcpdump
2025-12-30 18:12:23,277 [INFO] [tcpdump] s14:s14cl39 -> /results/dash/snapshots/snapshot_1/tcpdump
2025-12-30 18:12:23,353 [INFO] [tcpdump] s14:s14cl40 -> /results/dash/snapshots/snapshot_1/tcpdump
2025-12-30 18:12:23,473 [INFO] [tcpdump] s14:s14cl41 -> /results/dash/snapshots/snapshot_1/tcpdump
2025-12-30 18:12:23,632 [INFO] [tcpdump] s15:s15cl42 -> /results/dash/snapshots/snapshot_1/tcpdump
2025-12-30 18:12:23,716 [INFO] [tcpdump] s15:s15cl43 -> /results/dash/snapshots/snapshot_1/tcpdump
2025-12-30 18:12:23,798 [INFO] [tcpdump] s15:s15cl44 -> /results/dash/snapshots/snapshot_1/tcpdump
2025-12-30 18:12:23,875 [INFO] [tcpdump] s15:s15cl45 -> /results/dash/snapshots/snapshot_1/tcpdump
2025-12-30 18:12:23,956 [INFO] [tcpdump] s15:s15cl46 -> /results/dash/snapshots/snapshot_1/tcpdump
2025-12-30 18:12:24,036 [INFO] [tcpdump] s15:s15cl47 -> /results/dash/snapshots/snapshot_1/tcpdump
2025-12-30 18:12:24,195 [INFO] [tcpdump] s16:s16cl48 -> /results/dash/snapshots/snapshot_1/tcpdump
2025-12-30 18:12:24,275 [INFO] [tcpdump] s16:s16cl49 -> /results/dash/snapshots/snapshot_1/tcpdump
2025-12-30 18:12:24,356 [INFO] [tcpdump] s16:s16cl50 -> /results/dash/snapshots/snapshot_1/tcpdump
2025-12-30 18:12:24,439 [INFO] [tcpdump] s16:s16cl51 -> /results/dash/snapshots/snapshot_1/tcpdump
2025-12-30 18:12:24,522 [INFO] [tcpdump] s16:s16cl52 -> /results/dash/snapshots/snapshot_1/tcpdump
2025-12-30 18:12:24,605 [INFO] [tcpdump] s16:s16cl53 -> /results/dash/snapshots/snapshot_1/tcpdump
2025-12-30 18:12:24,685 [INFO] [tcpdump] s16:s16cl54 -> /results/dash/snapshots/snapshot_1/tcpdump
2025-12-30 18:12:24,771 [INFO] [tcpdump] s16:s16cl55 -> /results/dash/snapshots/snapshot_1/tcpdump
2025-12-30 18:12:24,854 [INFO] [tcpdump] s16:s16cl56 -> /results/dash/snapshots/snapshot_1/tcpdump
2025-12-30 18:12:25,014 [INFO] [tcpdump] s17:s17cl57 -> /results/dash/snapshots/snapshot_1/tcpdump
2025-12-30 18:12:25,094 [INFO] [tcpdump] s17:s17cl58 -> /results/dash/snapshots/snapshot_1/tcpdump
2025-12-30 18:12:25,176 [INFO] [tcpdump] s17:s17cl59 -> /results/dash/snapshots/snapshot_1/tcpdump
2025-12-30 18:12:25,255 [INFO] [tcpdump] s17:s17cl60 -> /results/dash/snapshots/snapshot_1/tcpdump
2025-12-30 18:12:25,340 [INFO] [tcpdump] s17:s17cl61 -> /results/dash/snapshots/snapshot_1/tcpdump
2025-12-30 18:12:25,422 [INFO] [tcpdump] s17:s17cl62 -> /results/dash/snapshots/snapshot_1/tcpdump
2025-12-30 18:12:25,521 [INFO] [tcpdump] s17:s17cl63 -> /results/dash/snapshots/snapshot_1/tcpdump
2025-12-30 18:12:25,691 [INFO] [tcpdump] s18:s18cl64 -> /results/dash/snapshots/snapshot_1/tcpdump
2025-12-30 18:12:25,773 [INFO] [tcpdump] s18:s18cl65 -> /results/dash/snapshots/snapshot_1/tcpdump
2025-12-30 18:12:25,856 [INFO] [tcpdump] s18:s18cl66 -> /results/dash/snapshots/snapshot_1/tcpdump
2025-12-30 18:12:25,934 [INFO] [tcpdump] s18:s18cl67 -> /results/dash/snapshots/snapshot_1/tcpdump
2025-12-30 18:12:26,013 [INFO] [tcpdump] s18:s18cl68 -> /results/dash/snapshots/snapshot_1/tcpdump
2025-12-30 18:12:26,089 [INFO] [tcpdump] s18:s18cl69 -> /results/dash/snapshots/snapshot_1/tcpdump
2025-12-30 18:12:26,237 [INFO] [tcpdump] s19:s19cl70 -> /results/dash/snapshots/snapshot_1/tcpdump
2025-12-30 18:12:26,316 [INFO] [tcpdump] s19:s19cl71 -> /results/dash/snapshots/snapshot_1/tcpdump
2025-12-30 18:12:26,402 [INFO] [tcpdump] s19:s19cl72 -> /results/dash/snapshots/snapshot_1/tcpdump
2025-12-30 18:12:26,477 [INFO] [tcpdump] s19:s19cl73 -> /results/dash/snapshots/snapshot_1/tcpdump
2025-12-30 18:12:26,554 [INFO] [tcpdump] s19:s19cl74 -> /results/dash/snapshots/snapshot_1/tcpdump
2025-12-30 18:12:26,636 [INFO] [tcpdump] s19:s19cl75 -> /results/dash/snapshots/snapshot_1/tcpdump
2025-12-30 18:12:26,809 [INFO] [tcpdump] s20:s20cl76 -> /results/dash/snapshots/snapshot_1/tcpdump
2025-12-30 18:12:26,888 [INFO] [tcpdump] s20:s20cl77 -> /results/dash/snapshots/snapshot_1/tcpdump
2025-12-30 18:12:26,965 [INFO] [tcpdump] s20:s20cl78 -> /results/dash/snapshots/snapshot_1/tcpdump
2025-12-30 18:12:27,041 [INFO] [tcpdump] s20:s20cl79 -> /results/dash/snapshots/snapshot_1/tcpdump
2025-12-30 18:12:27,123 [INFO] [tcpdump] s20:s20cl80 -> /results/dash/snapshots/snapshot_1/tcpdump
2025-12-30 18:12:27,278 [INFO] [tcpdump] s21:s21cl81 -> /results/dash/snapshots/snapshot_1/tcpdump
2025-12-30 18:12:27,351 [INFO] [tcpdump] s21:s21cl82 -> /results/dash/snapshots/snapshot_1/tcpdump
2025-12-30 18:12:27,425 [INFO] [tcpdump] s21:s21cl83 -> /results/dash/snapshots/snapshot_1/tcpdump
2025-12-30 18:12:27,501 [INFO] [tcpdump] s21:s21cl84 -> /results/dash/snapshots/snapshot_1/tcpdump
2025-12-30 18:12:27,575 [INFO] [tcpdump] s21:s21cl85 -> /results/dash/snapshots/snapshot_1/tcpdump
2025-12-30 18:12:27,651 [INFO] [tcpdump] s21:s21cl86 -> /results/dash/snapshots/snapshot_1/tcpdump
2025-12-30 18:12:27,804 [INFO] [tcpdump] s22:s22cl87 -> /results/dash/snapshots/snapshot_1/tcpdump
2025-12-30 18:12:27,880 [INFO] [tcpdump] s22:s22cl88 -> /results/dash/snapshots/snapshot_1/tcpdump
2025-12-30 18:12:27,957 [INFO] [tcpdump] s22:s22cl89 -> /results/dash/snapshots/snapshot_1/tcpdump
2025-12-30 18:12:28,039 [INFO] [tcpdump] s22:s22cl90 -> /results/dash/snapshots/snapshot_1/tcpdump
2025-12-30 18:12:28,039 [INFO] [tcpdump] skip s23 (no host-facing nodes for pop=PoP-SC)
2025-12-30 18:12:28,191 [INFO] [tcpdump] s24:s24cl91 -> /results/dash/snapshots/snapshot_1/tcpdump
2025-12-30 18:12:28,269 [INFO] [tcpdump] s24:s24cl92 -> /results/dash/snapshots/snapshot_1/tcpdump
2025-12-30 18:12:28,345 [INFO] [tcpdump] s24:s24cl93 -> /results/dash/snapshots/snapshot_1/tcpdump
2025-12-30 18:12:28,438 [INFO] [tcpdump] s24:s24cl94 -> /results/dash/snapshots/snapshot_1/tcpdump
2025-12-30 18:12:28,516 [INFO] [tcpdump] s24:s24cl95 -> /results/dash/snapshots/snapshot_1/tcpdump
2025-12-30 18:12:28,591 [INFO] [tcpdump] s24:s24cl96 -> /results/dash/snapshots/snapshot_1/tcpdump
2025-12-30 18:12:28,669 [INFO] [tcpdump] s24:s24cl97 -> /results/dash/snapshots/snapshot_1/tcpdump
2025-12-30 18:12:28,753 [INFO] [tcpdump] s24:s24cl98 -> /results/dash/snapshots/snapshot_1/tcpdump
2025-12-30 18:12:28,902 [INFO] [tcpdump] s25:s25cl100 -> /results/dash/snapshots/snapshot_1/tcpdump
2025-12-30 18:12:28,976 [INFO] [tcpdump] s25:s25cl101 -> /results/dash/snapshots/snapshot_1/tcpdump
2025-12-30 18:12:29,053 [INFO] [tcpdump] s25:s25cl99 -> /results/dash/snapshots/snapshot_1/tcpdump
2025-12-30 18:12:29,053 [INFO] [tcpdump] skip s26 (no host-facing nodes for pop=PoP-TO)
2025-12-30 18:12:29,054 [INFO] [EXPERIMENT] snapshot_1: running cumulative dash-client k=25
2025-12-30 18:19:10,910 [INFO] [PCAP->CSV] snapshot_1: pcaps=106 rows=105985 -> /home/arthur.barbabella/lft/results/dash/run_2025-12-30_18-06-18/snapshots/snapshot_1/tcpdump/packet_flow.csv
2025-12-30 18:19:10,910 [INFO] [OK] snapshot_1 -> /home/arthur.barbabella/lft/results/dash/run_2025-12-30_18-06-18/snapshots/snapshot_1
2025-12-30 18:19:11,056 [INFO] [tcpdump] s0:s0ds0 -> /results/dash/snapshots/snapshot_2/tcpdump
2025-12-30 18:19:11,204 [INFO] [tcpdump] s1:s1ds1 -> /results/dash/snapshots/snapshot_2/tcpdump
2025-12-30 18:19:11,352 [INFO] [tcpdump] s2:s2ds2 -> /results/dash/snapshots/snapshot_2/tcpdump
2025-12-30 18:19:11,503 [INFO] [tcpdump] s3:s3ds3 -> /results/dash/snapshots/snapshot_2/tcpdump
2025-12-30 18:19:11,649 [INFO] [tcpdump] s4:s4cl0 -> /results/dash/snapshots/snapshot_2/tcpdump
2025-12-30 18:19:11,727 [INFO] [tcpdump] s4:s4cl1 -> /results/dash/snapshots/snapshot_2/tcpdump
2025-12-30 18:19:11,804 [INFO] [tcpdump] s4:s4cl2 -> /results/dash/snapshots/snapshot_2/tcpdump
2025-12-30 18:19:11,878 [INFO] [tcpdump] s4:s4cl3 -> /results/dash/snapshots/snapshot_2/tcpdump
2025-12-30 18:19:12,023 [INFO] [tcpdump] s5:s5cl4 -> /results/dash/snapshots/snapshot_2/tcpdump
2025-12-30 18:19:12,101 [INFO] [tcpdump] s5:s5cl5 -> /results/dash/snapshots/snapshot_2/tcpdump
2025-12-30 18:19:12,178 [INFO] [tcpdump] s5:s5cl6 -> /results/dash/snapshots/snapshot_2/tcpdump
2025-12-30 18:19:12,252 [INFO] [tcpdump] s5:s5cl7 -> /results/dash/snapshots/snapshot_2/tcpdump
2025-12-30 18:19:12,326 [INFO] [tcpdump] s5:s5cl8 -> /results/dash/snapshots/snapshot_2/tcpdump
2025-12-30 18:19:12,476 [INFO] [tcpdump] s6:s6cl10 -> /results/dash/snapshots/snapshot_2/tcpdump
2025-12-30 18:19:12,552 [INFO] [tcpdump] s6:s6cl11 -> /results/dash/snapshots/snapshot_2/tcpdump
2025-12-30 18:19:12,630 [INFO] [tcpdump] s6:s6cl12 -> /results/dash/snapshots/snapshot_2/tcpdump
2025-12-30 18:19:12,708 [INFO] [tcpdump] s6:s6cl13 -> /results/dash/snapshots/snapshot_2/tcpdump
2025-12-30 18:19:12,787 [INFO] [tcpdump] s6:s6cl9 -> /results/dash/snapshots/snapshot_2/tcpdump
2025-12-30 18:19:12,787 [INFO] [tcpdump] skip s7 (no host-facing nodes for pop=PoP-ES)
2025-12-30 18:19:12,787 [INFO] [tcpdump] skip s8 (no host-facing nodes for pop=PoP-GO)
2025-12-30 18:19:12,934 [INFO] [tcpdump] s9:s9cl14 -> /results/dash/snapshots/snapshot_2/tcpdump
2025-12-30 18:19:13,009 [INFO] [tcpdump] s9:s9cl15 -> /results/dash/snapshots/snapshot_2/tcpdump
2025-12-30 18:19:13,157 [INFO] [tcpdump] s10:s10cl16 -> /results/dash/snapshots/snapshot_2/tcpdump
2025-12-30 18:19:13,239 [INFO] [tcpdump] s10:s10cl17 -> /results/dash/snapshots/snapshot_2/tcpdump
2025-12-30 18:19:13,314 [INFO] [tcpdump] s10:s10cl18 -> /results/dash/snapshots/snapshot_2/tcpdump
2025-12-30 18:19:13,462 [INFO] [tcpdump] s11:s11cl19 -> /results/dash/snapshots/snapshot_2/tcpdump
2025-12-30 18:19:13,537 [INFO] [tcpdump] s11:s11cl20 -> /results/dash/snapshots/snapshot_2/tcpdump
2025-12-30 18:19:13,612 [INFO] [tcpdump] s11:s11cl21 -> /results/dash/snapshots/snapshot_2/tcpdump
2025-12-30 18:19:13,759 [INFO] [tcpdump] s12:s12cl22 -> /results/dash/snapshots/snapshot_2/tcpdump
2025-12-30 18:19:13,837 [INFO] [tcpdump] s12:s12cl23 -> /results/dash/snapshots/snapshot_2/tcpdump
2025-12-30 18:19:13,914 [INFO] [tcpdump] s12:s12cl24 -> /results/dash/snapshots/snapshot_2/tcpdump
2025-12-30 18:19:13,992 [INFO] [tcpdump] s12:s12cl25 -> /results/dash/snapshots/snapshot_2/tcpdump
2025-12-30 18:19:14,072 [INFO] [tcpdump] s12:s12cl26 -> /results/dash/snapshots/snapshot_2/tcpdump
2025-12-30 18:19:14,150 [INFO] [tcpdump] s12:s12cl27 -> /results/dash/snapshots/snapshot_2/tcpdump
2025-12-30 18:19:14,227 [INFO] [tcpdump] s12:s12cl28 -> /results/dash/snapshots/snapshot_2/tcpdump
2025-12-30 18:19:14,378 [INFO] [tcpdump] s13:s13cl29 -> /results/dash/snapshots/snapshot_2/tcpdump
2025-12-30 18:19:14,454 [INFO] [tcpdump] s13:s13cl30 -> /results/dash/snapshots/snapshot_2/tcpdump
2025-12-30 18:19:14,534 [INFO] [tcpdump] s13:s13cl31 -> /results/dash/snapshots/snapshot_2/tcpdump
2025-12-30 18:19:14,608 [INFO] [tcpdump] s13:s13cl32 -> /results/dash/snapshots/snapshot_2/tcpdump
2025-12-30 18:19:14,684 [INFO] [tcpdump] s13:s13cl33 -> /results/dash/snapshots/snapshot_2/tcpdump
2025-12-30 18:19:14,832 [INFO] [tcpdump] s14:s14cl34 -> /results/dash/snapshots/snapshot_2/tcpdump
2025-12-30 18:19:14,910 [INFO] [tcpdump] s14:s14cl35 -> /results/dash/snapshots/snapshot_2/tcpdump
2025-12-30 18:19:14,986 [INFO] [tcpdump] s14:s14cl36 -> /results/dash/snapshots/snapshot_2/tcpdump
2025-12-30 18:19:15,061 [INFO] [tcpdump] s14:s14cl37 -> /results/dash/snapshots/snapshot_2/tcpdump
2025-12-30 18:19:15,138 [INFO] [tcpdump] s14:s14cl38 -> /results/dash/snapshots/snapshot_2/tcpdump
2025-12-30 18:19:15,217 [INFO] [tcpdump] s14:s14cl39 -> /results/dash/snapshots/snapshot_2/tcpdump
2025-12-30 18:19:15,339 [INFO] [tcpdump] s14:s14cl40 -> /results/dash/snapshots/snapshot_2/tcpdump
2025-12-30 18:19:15,418 [INFO] [tcpdump] s14:s14cl41 -> /results/dash/snapshots/snapshot_2/tcpdump
2025-12-30 18:19:15,568 [INFO] [tcpdump] s15:s15cl42 -> /results/dash/snapshots/snapshot_2/tcpdump
2025-12-30 18:19:15,646 [INFO] [tcpdump] s15:s15cl43 -> /results/dash/snapshots/snapshot_2/tcpdump
2025-12-30 18:19:15,722 [INFO] [tcpdump] s15:s15cl44 -> /results/dash/snapshots/snapshot_2/tcpdump
2025-12-30 18:19:15,799 [INFO] [tcpdump] s15:s15cl45 -> /results/dash/snapshots/snapshot_2/tcpdump
2025-12-30 18:19:15,874 [INFO] [tcpdump] s15:s15cl46 -> /results/dash/snapshots/snapshot_2/tcpdump
2025-12-30 18:19:15,950 [INFO] [tcpdump] s15:s15cl47 -> /results/dash/snapshots/snapshot_2/tcpdump
2025-12-30 18:19:16,101 [INFO] [tcpdump] s16:s16cl48 -> /results/dash/snapshots/snapshot_2/tcpdump
2025-12-30 18:19:16,182 [INFO] [tcpdump] s16:s16cl49 -> /results/dash/snapshots/snapshot_2/tcpdump
2025-12-30 18:19:16,261 [INFO] [tcpdump] s16:s16cl50 -> /results/dash/snapshots/snapshot_2/tcpdump
2025-12-30 18:19:16,343 [INFO] [tcpdump] s16:s16cl51 -> /results/dash/snapshots/snapshot_2/tcpdump
2025-12-30 18:19:16,425 [INFO] [tcpdump] s16:s16cl52 -> /results/dash/snapshots/snapshot_2/tcpdump
2025-12-30 18:19:16,502 [INFO] [tcpdump] s16:s16cl53 -> /results/dash/snapshots/snapshot_2/tcpdump
2025-12-30 18:19:16,580 [INFO] [tcpdump] s16:s16cl54 -> /results/dash/snapshots/snapshot_2/tcpdump
2025-12-30 18:19:16,656 [INFO] [tcpdump] s16:s16cl55 -> /results/dash/snapshots/snapshot_2/tcpdump
2025-12-30 18:19:16,734 [INFO] [tcpdump] s16:s16cl56 -> /results/dash/snapshots/snapshot_2/tcpdump
2025-12-30 18:19:16,882 [INFO] [tcpdump] s17:s17cl57 -> /results/dash/snapshots/snapshot_2/tcpdump
2025-12-30 18:19:16,958 [INFO] [tcpdump] s17:s17cl58 -> /results/dash/snapshots/snapshot_2/tcpdump
2025-12-30 18:19:17,034 [INFO] [tcpdump] s17:s17cl59 -> /results/dash/snapshots/snapshot_2/tcpdump
2025-12-30 18:19:17,112 [INFO] [tcpdump] s17:s17cl60 -> /results/dash/snapshots/snapshot_2/tcpdump
2025-12-30 18:19:17,189 [INFO] [tcpdump] s17:s17cl61 -> /results/dash/snapshots/snapshot_2/tcpdump
2025-12-30 18:19:17,266 [INFO] [tcpdump] s17:s17cl62 -> /results/dash/snapshots/snapshot_2/tcpdump
2025-12-30 18:19:17,342 [INFO] [tcpdump] s17:s17cl63 -> /results/dash/snapshots/snapshot_2/tcpdump
2025-12-30 18:19:17,499 [INFO] [tcpdump] s18:s18cl64 -> /results/dash/snapshots/snapshot_2/tcpdump
2025-12-30 18:19:17,577 [INFO] [tcpdump] s18:s18cl65 -> /results/dash/snapshots/snapshot_2/tcpdump
2025-12-30 18:19:17,658 [INFO] [tcpdump] s18:s18cl66 -> /results/dash/snapshots/snapshot_2/tcpdump
2025-12-30 18:19:17,740 [INFO] [tcpdump] s18:s18cl67 -> /results/dash/snapshots/snapshot_2/tcpdump
2025-12-30 18:19:17,822 [INFO] [tcpdump] s18:s18cl68 -> /results/dash/snapshots/snapshot_2/tcpdump
2025-12-30 18:19:17,903 [INFO] [tcpdump] s18:s18cl69 -> /results/dash/snapshots/snapshot_2/tcpdump
2025-12-30 18:19:18,051 [INFO] [tcpdump] s19:s19cl70 -> /results/dash/snapshots/snapshot_2/tcpdump
2025-12-30 18:19:18,126 [INFO] [tcpdump] s19:s19cl71 -> /results/dash/snapshots/snapshot_2/tcpdump
2025-12-30 18:19:18,201 [INFO] [tcpdump] s19:s19cl72 -> /results/dash/snapshots/snapshot_2/tcpdump
2025-12-30 18:19:18,275 [INFO] [tcpdump] s19:s19cl73 -> /results/dash/snapshots/snapshot_2/tcpdump
2025-12-30 18:19:18,355 [INFO] [tcpdump] s19:s19cl74 -> /results/dash/snapshots/snapshot_2/tcpdump
2025-12-30 18:19:18,429 [INFO] [tcpdump] s19:s19cl75 -> /results/dash/snapshots/snapshot_2/tcpdump
2025-12-30 18:19:18,580 [INFO] [tcpdump] s20:s20cl76 -> /results/dash/snapshots/snapshot_2/tcpdump
2025-12-30 18:19:18,657 [INFO] [tcpdump] s20:s20cl77 -> /results/dash/snapshots/snapshot_2/tcpdump
2025-12-30 18:19:18,731 [INFO] [tcpdump] s20:s20cl78 -> /results/dash/snapshots/snapshot_2/tcpdump
2025-12-30 18:19:18,805 [INFO] [tcpdump] s20:s20cl79 -> /results/dash/snapshots/snapshot_2/tcpdump
2025-12-30 18:19:18,886 [INFO] [tcpdump] s20:s20cl80 -> /results/dash/snapshots/snapshot_2/tcpdump
2025-12-30 18:19:19,031 [INFO] [tcpdump] s21:s21cl81 -> /results/dash/snapshots/snapshot_2/tcpdump
2025-12-30 18:19:19,104 [INFO] [tcpdump] s21:s21cl82 -> /results/dash/snapshots/snapshot_2/tcpdump
2025-12-30 18:19:19,178 [INFO] [tcpdump] s21:s21cl83 -> /results/dash/snapshots/snapshot_2/tcpdump
2025-12-30 18:19:19,252 [INFO] [tcpdump] s21:s21cl84 -> /results/dash/snapshots/snapshot_2/tcpdump
2025-12-30 18:19:19,327 [INFO] [tcpdump] s21:s21cl85 -> /results/dash/snapshots/snapshot_2/tcpdump
2025-12-30 18:19:19,401 [INFO] [tcpdump] s21:s21cl86 -> /results/dash/snapshots/snapshot_2/tcpdump
2025-12-30 18:19:19,550 [INFO] [tcpdump] s22:s22cl87 -> /results/dash/snapshots/snapshot_2/tcpdump
2025-12-30 18:19:19,625 [INFO] [tcpdump] s22:s22cl88 -> /results/dash/snapshots/snapshot_2/tcpdump
2025-12-30 18:19:19,706 [INFO] [tcpdump] s22:s22cl89 -> /results/dash/snapshots/snapshot_2/tcpdump
2025-12-30 18:19:19,780 [INFO] [tcpdump] s22:s22cl90 -> /results/dash/snapshots/snapshot_2/tcpdump
2025-12-30 18:19:19,781 [INFO] [tcpdump] skip s23 (no host-facing nodes for pop=PoP-SC)
2025-12-30 18:19:19,925 [INFO] [tcpdump] s24:s24cl91 -> /results/dash/snapshots/snapshot_2/tcpdump
2025-12-30 18:19:20,000 [INFO] [tcpdump] s24:s24cl92 -> /results/dash/snapshots/snapshot_2/tcpdump
2025-12-30 18:19:20,080 [INFO] [tcpdump] s24:s24cl93 -> /results/dash/snapshots/snapshot_2/tcpdump
2025-12-30 18:19:20,156 [INFO] [tcpdump] s24:s24cl94 -> /results/dash/snapshots/snapshot_2/tcpdump
2025-12-30 18:19:20,265 [INFO] [tcpdump] s24:s24cl95 -> /results/dash/snapshots/snapshot_2/tcpdump
2025-12-30 18:19:20,339 [INFO] [tcpdump] s24:s24cl96 -> /results/dash/snapshots/snapshot_2/tcpdump
2025-12-30 18:19:20,421 [INFO] [tcpdump] s24:s24cl97 -> /results/dash/snapshots/snapshot_2/tcpdump
2025-12-30 18:19:20,497 [INFO] [tcpdump] s24:s24cl98 -> /results/dash/snapshots/snapshot_2/tcpdump
2025-12-30 18:19:20,652 [INFO] [tcpdump] s25:s25cl100 -> /results/dash/snapshots/snapshot_2/tcpdump
2025-12-30 18:19:20,731 [INFO] [tcpdump] s25:s25cl101 -> /results/dash/snapshots/snapshot_2/tcpdump
2025-12-30 18:19:20,807 [INFO] [tcpdump] s25:s25cl99 -> /results/dash/snapshots/snapshot_2/tcpdump
2025-12-30 18:19:20,808 [INFO] [tcpdump] skip s26 (no host-facing nodes for pop=PoP-TO)
2025-12-30 18:19:20,808 [INFO] [EXPERIMENT] snapshot_2: running cumulative dash-client k=50
2025-12-30 18:26:27,523 [INFO] [PCAP->CSV] snapshot_2: pcaps=106 rows=158647 -> /home/arthur.barbabella/lft/results/dash/run_2025-12-30_18-06-18/snapshots/snapshot_2/tcpdump/packet_flow.csv
2025-12-30 18:26:27,524 [INFO] [OK] snapshot_2 -> /home/arthur.barbabella/lft/results/dash/run_2025-12-30_18-06-18/snapshots/snapshot_2
2025-12-30 18:26:27,715 [INFO] [tcpdump] s0:s0ds0 -> /results/dash/snapshots/snapshot_3/tcpdump
2025-12-30 18:26:27,867 [INFO] [tcpdump] s1:s1ds1 -> /results/dash/snapshots/snapshot_3/tcpdump
2025-12-30 18:26:28,016 [INFO] [tcpdump] s2:s2ds2 -> /results/dash/snapshots/snapshot_3/tcpdump
2025-12-30 18:26:28,164 [INFO] [tcpdump] s3:s3ds3 -> /results/dash/snapshots/snapshot_3/tcpdump
2025-12-30 18:26:28,315 [INFO] [tcpdump] s4:s4cl0 -> /results/dash/snapshots/snapshot_3/tcpdump
2025-12-30 18:26:28,394 [INFO] [tcpdump] s4:s4cl1 -> /results/dash/snapshots/snapshot_3/tcpdump
2025-12-30 18:26:28,471 [INFO] [tcpdump] s4:s4cl2 -> /results/dash/snapshots/snapshot_3/tcpdump
2025-12-30 18:26:28,545 [INFO] [tcpdump] s4:s4cl3 -> /results/dash/snapshots/snapshot_3/tcpdump
2025-12-30 18:26:28,698 [INFO] [tcpdump] s5:s5cl4 -> /results/dash/snapshots/snapshot_3/tcpdump
2025-12-30 18:26:28,772 [INFO] [tcpdump] s5:s5cl5 -> /results/dash/snapshots/snapshot_3/tcpdump
2025-12-30 18:26:28,851 [INFO] [tcpdump] s5:s5cl6 -> /results/dash/snapshots/snapshot_3/tcpdump
2025-12-30 18:26:28,931 [INFO] [tcpdump] s5:s5cl7 -> /results/dash/snapshots/snapshot_3/tcpdump
2025-12-30 18:26:29,005 [INFO] [tcpdump] s5:s5cl8 -> /results/dash/snapshots/snapshot_3/tcpdump
2025-12-30 18:26:29,154 [INFO] [tcpdump] s6:s6cl10 -> /results/dash/snapshots/snapshot_3/tcpdump
2025-12-30 18:26:29,227 [INFO] [tcpdump] s6:s6cl11 -> /results/dash/snapshots/snapshot_3/tcpdump
2025-12-30 18:26:29,304 [INFO] [tcpdump] s6:s6cl12 -> /results/dash/snapshots/snapshot_3/tcpdump
2025-12-30 18:26:29,377 [INFO] [tcpdump] s6:s6cl13 -> /results/dash/snapshots/snapshot_3/tcpdump
2025-12-30 18:26:29,458 [INFO] [tcpdump] s6:s6cl9 -> /results/dash/snapshots/snapshot_3/tcpdump
2025-12-30 18:26:29,458 [INFO] [tcpdump] skip s7 (no host-facing nodes for pop=PoP-ES)
2025-12-30 18:26:29,458 [INFO] [tcpdump] skip s8 (no host-facing nodes for pop=PoP-GO)
2025-12-30 18:26:29,606 [INFO] [tcpdump] s9:s9cl14 -> /results/dash/snapshots/snapshot_3/tcpdump
2025-12-30 18:26:29,685 [INFO] [tcpdump] s9:s9cl15 -> /results/dash/snapshots/snapshot_3/tcpdump
2025-12-30 18:26:29,833 [INFO] [tcpdump] s10:s10cl16 -> /results/dash/snapshots/snapshot_3/tcpdump
2025-12-30 18:26:29,910 [INFO] [tcpdump] s10:s10cl17 -> /results/dash/snapshots/snapshot_3/tcpdump
2025-12-30 18:26:29,987 [INFO] [tcpdump] s10:s10cl18 -> /results/dash/snapshots/snapshot_3/tcpdump
2025-12-30 18:26:30,138 [INFO] [tcpdump] s11:s11cl19 -> /results/dash/snapshots/snapshot_3/tcpdump
2025-12-30 18:26:30,213 [INFO] [tcpdump] s11:s11cl20 -> /results/dash/snapshots/snapshot_3/tcpdump
2025-12-30 18:26:30,292 [INFO] [tcpdump] s11:s11cl21 -> /results/dash/snapshots/snapshot_3/tcpdump
2025-12-30 18:26:30,438 [INFO] [tcpdump] s12:s12cl22 -> /results/dash/snapshots/snapshot_3/tcpdump
2025-12-30 18:26:30,518 [INFO] [tcpdump] s12:s12cl23 -> /results/dash/snapshots/snapshot_3/tcpdump
2025-12-30 18:26:30,594 [INFO] [tcpdump] s12:s12cl24 -> /results/dash/snapshots/snapshot_3/tcpdump
2025-12-30 18:26:30,671 [INFO] [tcpdump] s12:s12cl25 -> /results/dash/snapshots/snapshot_3/tcpdump
2025-12-30 18:26:30,749 [INFO] [tcpdump] s12:s12cl26 -> /results/dash/snapshots/snapshot_3/tcpdump
2025-12-30 18:26:30,826 [INFO] [tcpdump] s12:s12cl27 -> /results/dash/snapshots/snapshot_3/tcpdump
2025-12-30 18:26:30,900 [INFO] [tcpdump] s12:s12cl28 -> /results/dash/snapshots/snapshot_3/tcpdump
2025-12-30 18:26:31,050 [INFO] [tcpdump] s13:s13cl29 -> /results/dash/snapshots/snapshot_3/tcpdump
2025-12-30 18:26:31,127 [INFO] [tcpdump] s13:s13cl30 -> /results/dash/snapshots/snapshot_3/tcpdump
2025-12-30 18:26:31,202 [INFO] [tcpdump] s13:s13cl31 -> /results/dash/snapshots/snapshot_3/tcpdump
2025-12-30 18:26:31,279 [INFO] [tcpdump] s13:s13cl32 -> /results/dash/snapshots/snapshot_3/tcpdump
2025-12-30 18:26:31,357 [INFO] [tcpdump] s13:s13cl33 -> /results/dash/snapshots/snapshot_3/tcpdump
2025-12-30 18:26:31,515 [INFO] [tcpdump] s14:s14cl34 -> /results/dash/snapshots/snapshot_3/tcpdump
2025-12-30 18:26:31,592 [INFO] [tcpdump] s14:s14cl35 -> /results/dash/snapshots/snapshot_3/tcpdump
2025-12-30 18:26:31,667 [INFO] [tcpdump] s14:s14cl36 -> /results/dash/snapshots/snapshot_3/tcpdump
2025-12-30 18:26:31,745 [INFO] [tcpdump] s14:s14cl37 -> /results/dash/snapshots/snapshot_3/tcpdump
2025-12-30 18:26:31,821 [INFO] [tcpdump] s14:s14cl38 -> /results/dash/snapshots/snapshot_3/tcpdump
2025-12-30 18:26:31,897 [INFO] [tcpdump] s14:s14cl39 -> /results/dash/snapshots/snapshot_3/tcpdump
2025-12-30 18:26:31,974 [INFO] [tcpdump] s14:s14cl40 -> /results/dash/snapshots/snapshot_3/tcpdump
2025-12-30 18:26:32,050 [INFO] [tcpdump] s14:s14cl41 -> /results/dash/snapshots/snapshot_3/tcpdump
2025-12-30 18:26:32,203 [INFO] [tcpdump] s15:s15cl42 -> /results/dash/snapshots/snapshot_3/tcpdump
2025-12-30 18:26:32,281 [INFO] [tcpdump] s15:s15cl43 -> /results/dash/snapshots/snapshot_3/tcpdump
2025-12-30 18:26:32,362 [INFO] [tcpdump] s15:s15cl44 -> /results/dash/snapshots/snapshot_3/tcpdump
2025-12-30 18:26:32,475 [INFO] [tcpdump] s15:s15cl45 -> /results/dash/snapshots/snapshot_3/tcpdump
2025-12-30 18:26:32,552 [INFO] [tcpdump] s15:s15cl46 -> /results/dash/snapshots/snapshot_3/tcpdump
2025-12-30 18:26:32,627 [INFO] [tcpdump] s15:s15cl47 -> /results/dash/snapshots/snapshot_3/tcpdump
2025-12-30 18:26:32,774 [INFO] [tcpdump] s16:s16cl48 -> /results/dash/snapshots/snapshot_3/tcpdump
2025-12-30 18:26:32,855 [INFO] [tcpdump] s16:s16cl49 -> /results/dash/snapshots/snapshot_3/tcpdump
2025-12-30 18:26:32,935 [INFO] [tcpdump] s16:s16cl50 -> /results/dash/snapshots/snapshot_3/tcpdump
2025-12-30 18:26:33,009 [INFO] [tcpdump] s16:s16cl51 -> /results/dash/snapshots/snapshot_3/tcpdump
2025-12-30 18:26:33,082 [INFO] [tcpdump] s16:s16cl52 -> /results/dash/snapshots/snapshot_3/tcpdump
2025-12-30 18:26:33,158 [INFO] [tcpdump] s16:s16cl53 -> /results/dash/snapshots/snapshot_3/tcpdump
2025-12-30 18:26:33,234 [INFO] [tcpdump] s16:s16cl54 -> /results/dash/snapshots/snapshot_3/tcpdump
2025-12-30 18:26:33,308 [INFO] [tcpdump] s16:s16cl55 -> /results/dash/snapshots/snapshot_3/tcpdump
2025-12-30 18:26:33,385 [INFO] [tcpdump] s16:s16cl56 -> /results/dash/snapshots/snapshot_3/tcpdump
2025-12-30 18:26:33,530 [INFO] [tcpdump] s17:s17cl57 -> /results/dash/snapshots/snapshot_3/tcpdump
2025-12-30 18:26:33,604 [INFO] [tcpdump] s17:s17cl58 -> /results/dash/snapshots/snapshot_3/tcpdump
2025-12-30 18:26:33,681 [INFO] [tcpdump] s17:s17cl59 -> /results/dash/snapshots/snapshot_3/tcpdump
2025-12-30 18:26:33,757 [INFO] [tcpdump] s17:s17cl60 -> /results/dash/snapshots/snapshot_3/tcpdump
2025-12-30 18:26:33,831 [INFO] [tcpdump] s17:s17cl61 -> /results/dash/snapshots/snapshot_3/tcpdump
2025-12-30 18:26:33,908 [INFO] [tcpdump] s17:s17cl62 -> /results/dash/snapshots/snapshot_3/tcpdump
2025-12-30 18:26:33,985 [INFO] [tcpdump] s17:s17cl63 -> /results/dash/snapshots/snapshot_3/tcpdump
2025-12-30 18:26:34,136 [INFO] [tcpdump] s18:s18cl64 -> /results/dash/snapshots/snapshot_3/tcpdump
2025-12-30 18:26:34,212 [INFO] [tcpdump] s18:s18cl65 -> /results/dash/snapshots/snapshot_3/tcpdump
2025-12-30 18:26:34,287 [INFO] [tcpdump] s18:s18cl66 -> /results/dash/snapshots/snapshot_3/tcpdump
2025-12-30 18:26:34,362 [INFO] [tcpdump] s18:s18cl67 -> /results/dash/snapshots/snapshot_3/tcpdump
2025-12-30 18:26:34,438 [INFO] [tcpdump] s18:s18cl68 -> /results/dash/snapshots/snapshot_3/tcpdump
2025-12-30 18:26:34,518 [INFO] [tcpdump] s18:s18cl69 -> /results/dash/snapshots/snapshot_3/tcpdump
2025-12-30 18:26:34,678 [INFO] [tcpdump] s19:s19cl70 -> /results/dash/snapshots/snapshot_3/tcpdump
2025-12-30 18:26:34,757 [INFO] [tcpdump] s19:s19cl71 -> /results/dash/snapshots/snapshot_3/tcpdump
2025-12-30 18:26:34,835 [INFO] [tcpdump] s19:s19cl72 -> /results/dash/snapshots/snapshot_3/tcpdump
2025-12-30 18:26:34,916 [INFO] [tcpdump] s19:s19cl73 -> /results/dash/snapshots/snapshot_3/tcpdump
2025-12-30 18:26:34,996 [INFO] [tcpdump] s19:s19cl74 -> /results/dash/snapshots/snapshot_3/tcpdump
2025-12-30 18:26:35,073 [INFO] [tcpdump] s19:s19cl75 -> /results/dash/snapshots/snapshot_3/tcpdump
2025-12-30 18:26:35,226 [INFO] [tcpdump] s20:s20cl76 -> /results/dash/snapshots/snapshot_3/tcpdump
2025-12-30 18:26:35,307 [INFO] [tcpdump] s20:s20cl77 -> /results/dash/snapshots/snapshot_3/tcpdump
2025-12-30 18:26:35,389 [INFO] [tcpdump] s20:s20cl78 -> /results/dash/snapshots/snapshot_3/tcpdump
2025-12-30 18:26:35,467 [INFO] [tcpdump] s20:s20cl79 -> /results/dash/snapshots/snapshot_3/tcpdump
2025-12-30 18:26:35,547 [INFO] [tcpdump] s20:s20cl80 -> /results/dash/snapshots/snapshot_3/tcpdump
2025-12-30 18:26:35,701 [INFO] [tcpdump] s21:s21cl81 -> /results/dash/snapshots/snapshot_3/tcpdump
2025-12-30 18:26:35,783 [INFO] [tcpdump] s21:s21cl82 -> /results/dash/snapshots/snapshot_3/tcpdump
2025-12-30 18:26:35,862 [INFO] [tcpdump] s21:s21cl83 -> /results/dash/snapshots/snapshot_3/tcpdump
2025-12-30 18:26:35,945 [INFO] [tcpdump] s21:s21cl84 -> /results/dash/snapshots/snapshot_3/tcpdump
2025-12-30 18:26:36,024 [INFO] [tcpdump] s21:s21cl85 -> /results/dash/snapshots/snapshot_3/tcpdump
2025-12-30 18:26:36,101 [INFO] [tcpdump] s21:s21cl86 -> /results/dash/snapshots/snapshot_3/tcpdump
2025-12-30 18:26:36,252 [INFO] [tcpdump] s22:s22cl87 -> /results/dash/snapshots/snapshot_3/tcpdump
2025-12-30 18:26:36,339 [INFO] [tcpdump] s22:s22cl88 -> /results/dash/snapshots/snapshot_3/tcpdump
2025-12-30 18:26:36,416 [INFO] [tcpdump] s22:s22cl89 -> /results/dash/snapshots/snapshot_3/tcpdump
2025-12-30 18:26:36,496 [INFO] [tcpdump] s22:s22cl90 -> /results/dash/snapshots/snapshot_3/tcpdump
2025-12-30 18:26:36,496 [INFO] [tcpdump] skip s23 (no host-facing nodes for pop=PoP-SC)
2025-12-30 18:26:36,648 [INFO] [tcpdump] s24:s24cl91 -> /results/dash/snapshots/snapshot_3/tcpdump
2025-12-30 18:26:36,723 [INFO] [tcpdump] s24:s24cl92 -> /results/dash/snapshots/snapshot_3/tcpdump
2025-12-30 18:26:36,803 [INFO] [tcpdump] s24:s24cl93 -> /results/dash/snapshots/snapshot_3/tcpdump
2025-12-30 18:26:36,879 [INFO] [tcpdump] s24:s24cl94 -> /results/dash/snapshots/snapshot_3/tcpdump
2025-12-30 18:26:36,957 [INFO] [tcpdump] s24:s24cl95 -> /results/dash/snapshots/snapshot_3/tcpdump
2025-12-30 18:26:37,032 [INFO] [tcpdump] s24:s24cl96 -> /results/dash/snapshots/snapshot_3/tcpdump
2025-12-30 18:26:37,107 [INFO] [tcpdump] s24:s24cl97 -> /results/dash/snapshots/snapshot_3/tcpdump
2025-12-30 18:26:37,182 [INFO] [tcpdump] s24:s24cl98 -> /results/dash/snapshots/snapshot_3/tcpdump
2025-12-30 18:26:37,333 [INFO] [tcpdump] s25:s25cl100 -> /results/dash/snapshots/snapshot_3/tcpdump
2025-12-30 18:26:37,419 [INFO] [tcpdump] s25:s25cl101 -> /results/dash/snapshots/snapshot_3/tcpdump
2025-12-30 18:26:37,496 [INFO] [tcpdump] s25:s25cl99 -> /results/dash/snapshots/snapshot_3/tcpdump
2025-12-30 18:26:37,497 [INFO] [tcpdump] skip s26 (no host-facing nodes for pop=PoP-TO)
2025-12-30 18:26:37,497 [INFO] [EXPERIMENT] snapshot_3: running cumulative dash-client k=75
2025-12-30 18:33:34,287 [INFO] [PCAP->CSV] snapshot_3: pcaps=106 rows=192683 -> /home/arthur.barbabella/lft/results/dash/run_2025-12-30_18-06-18/snapshots/snapshot_3/tcpdump/packet_flow.csv
2025-12-30 18:33:34,287 [INFO] [OK] snapshot_3 -> /home/arthur.barbabella/lft/results/dash/run_2025-12-30_18-06-18/snapshots/snapshot_3
2025-12-30 18:33:34,438 [INFO] [tcpdump] s0:s0ds0 -> /results/dash/snapshots/snapshot_4/tcpdump
2025-12-30 18:33:34,587 [INFO] [tcpdump] s1:s1ds1 -> /results/dash/snapshots/snapshot_4/tcpdump
2025-12-30 18:33:34,733 [INFO] [tcpdump] s2:s2ds2 -> /results/dash/snapshots/snapshot_4/tcpdump
2025-12-30 18:33:34,877 [INFO] [tcpdump] s3:s3ds3 -> /results/dash/snapshots/snapshot_4/tcpdump
2025-12-30 18:33:35,025 [INFO] [tcpdump] s4:s4cl0 -> /results/dash/snapshots/snapshot_4/tcpdump
2025-12-30 18:33:35,105 [INFO] [tcpdump] s4:s4cl1 -> /results/dash/snapshots/snapshot_4/tcpdump
2025-12-30 18:33:35,185 [INFO] [tcpdump] s4:s4cl2 -> /results/dash/snapshots/snapshot_4/tcpdump
2025-12-30 18:33:35,261 [INFO] [tcpdump] s4:s4cl3 -> /results/dash/snapshots/snapshot_4/tcpdump
2025-12-30 18:33:35,412 [INFO] [tcpdump] s5:s5cl4 -> /results/dash/snapshots/snapshot_4/tcpdump
2025-12-30 18:33:35,493 [INFO] [tcpdump] s5:s5cl5 -> /results/dash/snapshots/snapshot_4/tcpdump
2025-12-30 18:33:35,576 [INFO] [tcpdump] s5:s5cl6 -> /results/dash/snapshots/snapshot_4/tcpdump
2025-12-30 18:33:35,656 [INFO] [tcpdump] s5:s5cl7 -> /results/dash/snapshots/snapshot_4/tcpdump
2025-12-30 18:33:35,740 [INFO] [tcpdump] s5:s5cl8 -> /results/dash/snapshots/snapshot_4/tcpdump
2025-12-30 18:33:35,905 [INFO] [tcpdump] s6:s6cl10 -> /results/dash/snapshots/snapshot_4/tcpdump
2025-12-30 18:33:35,988 [INFO] [tcpdump] s6:s6cl11 -> /results/dash/snapshots/snapshot_4/tcpdump
2025-12-30 18:33:36,070 [INFO] [tcpdump] s6:s6cl12 -> /results/dash/snapshots/snapshot_4/tcpdump
2025-12-30 18:33:36,148 [INFO] [tcpdump] s6:s6cl13 -> /results/dash/snapshots/snapshot_4/tcpdump
2025-12-30 18:33:36,226 [INFO] [tcpdump] s6:s6cl9 -> /results/dash/snapshots/snapshot_4/tcpdump
2025-12-30 18:33:36,226 [INFO] [tcpdump] skip s7 (no host-facing nodes for pop=PoP-ES)
2025-12-30 18:33:36,226 [INFO] [tcpdump] skip s8 (no host-facing nodes for pop=PoP-GO)
2025-12-30 18:33:36,372 [INFO] [tcpdump] s9:s9cl14 -> /results/dash/snapshots/snapshot_4/tcpdump
2025-12-30 18:33:36,449 [INFO] [tcpdump] s9:s9cl15 -> /results/dash/snapshots/snapshot_4/tcpdump
2025-12-30 18:33:36,605 [INFO] [tcpdump] s10:s10cl16 -> /results/dash/snapshots/snapshot_4/tcpdump
2025-12-30 18:33:36,683 [INFO] [tcpdump] s10:s10cl17 -> /results/dash/snapshots/snapshot_4/tcpdump
2025-12-30 18:33:36,759 [INFO] [tcpdump] s10:s10cl18 -> /results/dash/snapshots/snapshot_4/tcpdump
2025-12-30 18:33:36,908 [INFO] [tcpdump] s11:s11cl19 -> /results/dash/snapshots/snapshot_4/tcpdump
2025-12-30 18:33:36,984 [INFO] [tcpdump] s11:s11cl20 -> /results/dash/snapshots/snapshot_4/tcpdump
2025-12-30 18:33:37,060 [INFO] [tcpdump] s11:s11cl21 -> /results/dash/snapshots/snapshot_4/tcpdump
2025-12-30 18:33:37,212 [INFO] [tcpdump] s12:s12cl22 -> /results/dash/snapshots/snapshot_4/tcpdump
2025-12-30 18:33:37,287 [INFO] [tcpdump] s12:s12cl23 -> /results/dash/snapshots/snapshot_4/tcpdump
2025-12-30 18:33:37,365 [INFO] [tcpdump] s12:s12cl24 -> /results/dash/snapshots/snapshot_4/tcpdump
2025-12-30 18:33:37,444 [INFO] [tcpdump] s12:s12cl25 -> /results/dash/snapshots/snapshot_4/tcpdump
2025-12-30 18:33:37,523 [INFO] [tcpdump] s12:s12cl26 -> /results/dash/snapshots/snapshot_4/tcpdump
2025-12-30 18:33:37,600 [INFO] [tcpdump] s12:s12cl27 -> /results/dash/snapshots/snapshot_4/tcpdump
2025-12-30 18:33:37,677 [INFO] [tcpdump] s12:s12cl28 -> /results/dash/snapshots/snapshot_4/tcpdump
2025-12-30 18:33:37,832 [INFO] [tcpdump] s13:s13cl29 -> /results/dash/snapshots/snapshot_4/tcpdump
2025-12-30 18:33:37,909 [INFO] [tcpdump] s13:s13cl30 -> /results/dash/snapshots/snapshot_4/tcpdump
2025-12-30 18:33:37,986 [INFO] [tcpdump] s13:s13cl31 -> /results/dash/snapshots/snapshot_4/tcpdump
2025-12-30 18:33:38,063 [INFO] [tcpdump] s13:s13cl32 -> /results/dash/snapshots/snapshot_4/tcpdump
2025-12-30 18:33:38,137 [INFO] [tcpdump] s13:s13cl33 -> /results/dash/snapshots/snapshot_4/tcpdump
2025-12-30 18:33:38,283 [INFO] [tcpdump] s14:s14cl34 -> /results/dash/snapshots/snapshot_4/tcpdump
2025-12-30 18:33:38,358 [INFO] [tcpdump] s14:s14cl35 -> /results/dash/snapshots/snapshot_4/tcpdump
2025-12-30 18:33:38,433 [INFO] [tcpdump] s14:s14cl36 -> /results/dash/snapshots/snapshot_4/tcpdump
2025-12-30 18:33:38,510 [INFO] [tcpdump] s14:s14cl37 -> /results/dash/snapshots/snapshot_4/tcpdump
2025-12-30 18:33:38,585 [INFO] [tcpdump] s14:s14cl38 -> /results/dash/snapshots/snapshot_4/tcpdump
2025-12-30 18:33:38,664 [INFO] [tcpdump] s14:s14cl39 -> /results/dash/snapshots/snapshot_4/tcpdump
2025-12-30 18:33:38,740 [INFO] [tcpdump] s14:s14cl40 -> /results/dash/snapshots/snapshot_4/tcpdump
2025-12-30 18:33:38,819 [INFO] [tcpdump] s14:s14cl41 -> /results/dash/snapshots/snapshot_4/tcpdump
2025-12-30 18:33:38,999 [INFO] [tcpdump] s15:s15cl42 -> /results/dash/snapshots/snapshot_4/tcpdump
2025-12-30 18:33:39,077 [INFO] [tcpdump] s15:s15cl43 -> /results/dash/snapshots/snapshot_4/tcpdump
2025-12-30 18:33:39,152 [INFO] [tcpdump] s15:s15cl44 -> /results/dash/snapshots/snapshot_4/tcpdump
2025-12-30 18:33:39,229 [INFO] [tcpdump] s15:s15cl45 -> /results/dash/snapshots/snapshot_4/tcpdump
2025-12-30 18:33:39,309 [INFO] [tcpdump] s15:s15cl46 -> /results/dash/snapshots/snapshot_4/tcpdump
2025-12-30 18:33:39,386 [INFO] [tcpdump] s15:s15cl47 -> /results/dash/snapshots/snapshot_4/tcpdump
2025-12-30 18:33:39,534 [INFO] [tcpdump] s16:s16cl48 -> /results/dash/snapshots/snapshot_4/tcpdump
2025-12-30 18:33:39,616 [INFO] [tcpdump] s16:s16cl49 -> /results/dash/snapshots/snapshot_4/tcpdump
2025-12-30 18:33:39,692 [INFO] [tcpdump] s16:s16cl50 -> /results/dash/snapshots/snapshot_4/tcpdump
2025-12-30 18:33:39,771 [INFO] [tcpdump] s16:s16cl51 -> /results/dash/snapshots/snapshot_4/tcpdump
2025-12-30 18:33:39,847 [INFO] [tcpdump] s16:s16cl52 -> /results/dash/snapshots/snapshot_4/tcpdump
2025-12-30 18:33:39,922 [INFO] [tcpdump] s16:s16cl53 -> /results/dash/snapshots/snapshot_4/tcpdump
2025-12-30 18:33:40,001 [INFO] [tcpdump] s16:s16cl54 -> /results/dash/snapshots/snapshot_4/tcpdump
2025-12-30 18:33:40,080 [INFO] [tcpdump] s16:s16cl55 -> /results/dash/snapshots/snapshot_4/tcpdump
2025-12-30 18:33:40,157 [INFO] [tcpdump] s16:s16cl56 -> /results/dash/snapshots/snapshot_4/tcpdump
2025-12-30 18:33:40,307 [INFO] [tcpdump] s17:s17cl57 -> /results/dash/snapshots/snapshot_4/tcpdump
2025-12-30 18:33:40,381 [INFO] [tcpdump] s17:s17cl58 -> /results/dash/snapshots/snapshot_4/tcpdump
2025-12-30 18:33:40,457 [INFO] [tcpdump] s17:s17cl59 -> /results/dash/snapshots/snapshot_4/tcpdump
2025-12-30 18:33:40,534 [INFO] [tcpdump] s17:s17cl60 -> /results/dash/snapshots/snapshot_4/tcpdump
2025-12-30 18:33:40,609 [INFO] [tcpdump] s17:s17cl61 -> /results/dash/snapshots/snapshot_4/tcpdump
2025-12-30 18:33:40,686 [INFO] [tcpdump] s17:s17cl62 -> /results/dash/snapshots/snapshot_4/tcpdump
2025-12-30 18:33:40,762 [INFO] [tcpdump] s17:s17cl63 -> /results/dash/snapshots/snapshot_4/tcpdump
2025-12-30 18:33:40,913 [INFO] [tcpdump] s18:s18cl64 -> /results/dash/snapshots/snapshot_4/tcpdump
2025-12-30 18:33:40,990 [INFO] [tcpdump] s18:s18cl65 -> /results/dash/snapshots/snapshot_4/tcpdump
2025-12-30 18:33:41,067 [INFO] [tcpdump] s18:s18cl66 -> /results/dash/snapshots/snapshot_4/tcpdump
2025-12-30 18:33:41,146 [INFO] [tcpdump] s18:s18cl67 -> /results/dash/snapshots/snapshot_4/tcpdump
2025-12-30 18:33:41,227 [INFO] [tcpdump] s18:s18cl68 -> /results/dash/snapshots/snapshot_4/tcpdump
2025-12-30 18:33:41,303 [INFO] [tcpdump] s18:s18cl69 -> /results/dash/snapshots/snapshot_4/tcpdump
2025-12-30 18:33:41,454 [INFO] [tcpdump] s19:s19cl70 -> /results/dash/snapshots/snapshot_4/tcpdump
2025-12-30 18:33:41,532 [INFO] [tcpdump] s19:s19cl71 -> /results/dash/snapshots/snapshot_4/tcpdump
2025-12-30 18:33:41,610 [INFO] [tcpdump] s19:s19cl72 -> /results/dash/snapshots/snapshot_4/tcpdump
2025-12-30 18:33:41,688 [INFO] [tcpdump] s19:s19cl73 -> /results/dash/snapshots/snapshot_4/tcpdump
2025-12-30 18:33:41,766 [INFO] [tcpdump] s19:s19cl74 -> /results/dash/snapshots/snapshot_4/tcpdump
2025-12-30 18:33:41,843 [INFO] [tcpdump] s19:s19cl75 -> /results/dash/snapshots/snapshot_4/tcpdump
2025-12-30 18:33:41,991 [INFO] [tcpdump] s20:s20cl76 -> /results/dash/snapshots/snapshot_4/tcpdump
2025-12-30 18:33:42,065 [INFO] [tcpdump] s20:s20cl77 -> /results/dash/snapshots/snapshot_4/tcpdump
2025-12-30 18:33:42,143 [INFO] [tcpdump] s20:s20cl78 -> /results/dash/snapshots/snapshot_4/tcpdump
2025-12-30 18:33:42,222 [INFO] [tcpdump] s20:s20cl79 -> /results/dash/snapshots/snapshot_4/tcpdump
2025-12-30 18:33:42,300 [INFO] [tcpdump] s20:s20cl80 -> /results/dash/snapshots/snapshot_4/tcpdump
2025-12-30 18:33:42,447 [INFO] [tcpdump] s21:s21cl81 -> /results/dash/snapshots/snapshot_4/tcpdump
2025-12-30 18:33:42,523 [INFO] [tcpdump] s21:s21cl82 -> /results/dash/snapshots/snapshot_4/tcpdump
2025-12-30 18:33:42,599 [INFO] [tcpdump] s21:s21cl83 -> /results/dash/snapshots/snapshot_4/tcpdump
2025-12-30 18:33:42,679 [INFO] [tcpdump] s21:s21cl84 -> /results/dash/snapshots/snapshot_4/tcpdump
2025-12-30 18:33:42,755 [INFO] [tcpdump] s21:s21cl85 -> /results/dash/snapshots/snapshot_4/tcpdump
2025-12-30 18:33:42,834 [INFO] [tcpdump] s21:s21cl86 -> /results/dash/snapshots/snapshot_4/tcpdump
2025-12-30 18:33:42,998 [INFO] [tcpdump] s22:s22cl87 -> /results/dash/snapshots/snapshot_4/tcpdump
2025-12-30 18:33:43,076 [INFO] [tcpdump] s22:s22cl88 -> /results/dash/snapshots/snapshot_4/tcpdump
2025-12-30 18:33:43,150 [INFO] [tcpdump] s22:s22cl89 -> /results/dash/snapshots/snapshot_4/tcpdump
2025-12-30 18:33:43,225 [INFO] [tcpdump] s22:s22cl90 -> /results/dash/snapshots/snapshot_4/tcpdump
2025-12-30 18:33:43,225 [INFO] [tcpdump] skip s23 (no host-facing nodes for pop=PoP-SC)
2025-12-30 18:33:43,375 [INFO] [tcpdump] s24:s24cl91 -> /results/dash/snapshots/snapshot_4/tcpdump
2025-12-30 18:33:43,452 [INFO] [tcpdump] s24:s24cl92 -> /results/dash/snapshots/snapshot_4/tcpdump
2025-12-30 18:33:43,528 [INFO] [tcpdump] s24:s24cl93 -> /results/dash/snapshots/snapshot_4/tcpdump
2025-12-30 18:33:43,607 [INFO] [tcpdump] s24:s24cl94 -> /results/dash/snapshots/snapshot_4/tcpdump
2025-12-30 18:33:43,688 [INFO] [tcpdump] s24:s24cl95 -> /results/dash/snapshots/snapshot_4/tcpdump
2025-12-30 18:33:43,763 [INFO] [tcpdump] s24:s24cl96 -> /results/dash/snapshots/snapshot_4/tcpdump
2025-12-30 18:33:43,837 [INFO] [tcpdump] s24:s24cl97 -> /results/dash/snapshots/snapshot_4/tcpdump
2025-12-30 18:33:43,915 [INFO] [tcpdump] s24:s24cl98 -> /results/dash/snapshots/snapshot_4/tcpdump
2025-12-30 18:33:44,908 [INFO] [tcpdump] s25:s25cl100 -> /results/dash/snapshots/snapshot_4/tcpdump
2025-12-30 18:33:44,983 [INFO] [tcpdump] s25:s25cl101 -> /results/dash/snapshots/snapshot_4/tcpdump
2025-12-30 18:33:45,065 [INFO] [tcpdump] s25:s25cl99 -> /results/dash/snapshots/snapshot_4/tcpdump
2025-12-30 18:33:45,066 [INFO] [tcpdump] skip s26 (no host-facing nodes for pop=PoP-TO)
2025-12-30 18:33:45,066 [INFO] [EXPERIMENT] snapshot_4: running cumulative dash-client k=100
2025-12-30 18:40:50,805 [INFO] [PCAP->CSV] snapshot_4: pcaps=106 rows=222564 -> /home/arthur.barbabella/lft/results/dash/run_2025-12-30_18-06-18/snapshots/snapshot_4/tcpdump/packet_flow.csv
2025-12-30 18:40:50,805 [INFO] [OK] snapshot_4 -> /home/arthur.barbabella/lft/results/dash/run_2025-12-30_18-06-18/snapshots/snapshot_4
2025-12-30 18:41:03,685 [INFO] [CSV-MERGE] files=4 rows=679879 -> /home/arthur.barbabella/lft/results/dash/run_2025-12-30_18-06-18/packet_flow_all.csv
2025-12-30 18:41:03,685 [INFO] [RESET] utils.cleanup() (post)
