2025-12-08 23:05:21,105 [INFO] [RESET] utils.cleanup() (pre)
2025-12-08 23:06:42,537 [INFO] Connected (version 2.0, client APACHE-SSHD-2.5.1)
2025-12-08 23:06:43,242 [INFO] Authentication (password) successful!
2025-12-08 23:11:56,781 [INFO] [EXPERIMENT] ROTATE_S=120s, servers=['192.168.0.1', '192.168.0.2', '192.168.0.3', '192.168.0.4'], total_clients_pool=100
2025-12-08 23:11:57,016 [INFO] [tcpdump] s0:s0ds0 -> /results/dash/snapshots/snapshot_1/pcaps/s0/s0ds0
2025-12-08 23:11:57,178 [INFO] [tcpdump] s1:s1ds1 -> /results/dash/snapshots/snapshot_1/pcaps/s1/s1ds1
2025-12-08 23:11:57,339 [INFO] [tcpdump] s2:s2ds2 -> /results/dash/snapshots/snapshot_1/pcaps/s2/s2ds2
2025-12-08 23:11:57,488 [INFO] [tcpdump] s3:s3ds3 -> /results/dash/snapshots/snapshot_1/pcaps/s3/s3ds3
2025-12-08 23:11:57,643 [INFO] [tcpdump] s4:s4cl0 -> /results/dash/snapshots/snapshot_1/pcaps/s4/s4cl0
2025-12-08 23:11:57,720 [INFO] [tcpdump] s4:s4cl1 -> /results/dash/snapshots/snapshot_1/pcaps/s4/s4cl1
2025-12-08 23:11:57,803 [INFO] [tcpdump] s4:s4cl2 -> /results/dash/snapshots/snapshot_1/pcaps/s4/s4cl2
2025-12-08 23:11:57,880 [INFO] [tcpdump] s4:s4cl3 -> /results/dash/snapshots/snapshot_1/pcaps/s4/s4cl3
2025-12-08 23:11:58,037 [INFO] [tcpdump] s5:s5cl4 -> /results/dash/snapshots/snapshot_1/pcaps/s5/s5cl4
2025-12-08 23:11:58,115 [INFO] [tcpdump] s5:s5cl5 -> /results/dash/snapshots/snapshot_1/pcaps/s5/s5cl5
2025-12-08 23:11:58,199 [INFO] [tcpdump] s5:s5cl6 -> /results/dash/snapshots/snapshot_1/pcaps/s5/s5cl6
2025-12-08 23:11:58,282 [INFO] [tcpdump] s5:s5cl7 -> /results/dash/snapshots/snapshot_1/pcaps/s5/s5cl7
2025-12-08 23:11:58,369 [INFO] [tcpdump] s5:s5cl8 -> /results/dash/snapshots/snapshot_1/pcaps/s5/s5cl8
2025-12-08 23:11:58,536 [INFO] [tcpdump] s6:s6cl10 -> /results/dash/snapshots/snapshot_1/pcaps/s6/s6cl10
2025-12-08 23:11:58,615 [INFO] [tcpdump] s6:s6cl11 -> /results/dash/snapshots/snapshot_1/pcaps/s6/s6cl11
2025-12-08 23:11:58,701 [INFO] [tcpdump] s6:s6cl12 -> /results/dash/snapshots/snapshot_1/pcaps/s6/s6cl12
2025-12-08 23:11:58,785 [INFO] [tcpdump] s6:s6cl13 -> /results/dash/snapshots/snapshot_1/pcaps/s6/s6cl13
2025-12-08 23:11:58,862 [INFO] [tcpdump] s6:s6cl9 -> /results/dash/snapshots/snapshot_1/pcaps/s6/s6cl9
2025-12-08 23:11:58,862 [INFO] [tcpdump] skip s7 (no host-facing nodes for pop=PoP-ES)
2025-12-08 23:11:58,863 [INFO] [tcpdump] skip s8 (no host-facing nodes for pop=PoP-GO)
2025-12-08 23:11:59,023 [INFO] [tcpdump] s9:s9cl14 -> /results/dash/snapshots/snapshot_1/pcaps/s9/s9cl14
2025-12-08 23:11:59,103 [INFO] [tcpdump] s9:s9cl15 -> /results/dash/snapshots/snapshot_1/pcaps/s9/s9cl15
2025-12-08 23:11:59,257 [INFO] [tcpdump] s10:s10cl16 -> /results/dash/snapshots/snapshot_1/pcaps/s10/s10cl16
2025-12-08 23:11:59,334 [INFO] [tcpdump] s10:s10cl17 -> /results/dash/snapshots/snapshot_1/pcaps/s10/s10cl17
2025-12-08 23:11:59,417 [INFO] [tcpdump] s10:s10cl18 -> /results/dash/snapshots/snapshot_1/pcaps/s10/s10cl18
2025-12-08 23:11:59,568 [INFO] [tcpdump] s11:s11cl19 -> /results/dash/snapshots/snapshot_1/pcaps/s11/s11cl19
2025-12-08 23:11:59,645 [INFO] [tcpdump] s11:s11cl20 -> /results/dash/snapshots/snapshot_1/pcaps/s11/s11cl20
2025-12-08 23:11:59,723 [INFO] [tcpdump] s11:s11cl21 -> /results/dash/snapshots/snapshot_1/pcaps/s11/s11cl21
2025-12-08 23:11:59,882 [INFO] [tcpdump] s12:s12cl22 -> /results/dash/snapshots/snapshot_1/pcaps/s12/s12cl22
2025-12-08 23:11:59,962 [INFO] [tcpdump] s12:s12cl23 -> /results/dash/snapshots/snapshot_1/pcaps/s12/s12cl23
2025-12-08 23:12:00,040 [INFO] [tcpdump] s12:s12cl24 -> /results/dash/snapshots/snapshot_1/pcaps/s12/s12cl24
2025-12-08 23:12:00,117 [INFO] [tcpdump] s12:s12cl25 -> /results/dash/snapshots/snapshot_1/pcaps/s12/s12cl25
2025-12-08 23:12:00,195 [INFO] [tcpdump] s12:s12cl26 -> /results/dash/snapshots/snapshot_1/pcaps/s12/s12cl26
2025-12-08 23:12:00,277 [INFO] [tcpdump] s12:s12cl27 -> /results/dash/snapshots/snapshot_1/pcaps/s12/s12cl27
2025-12-08 23:12:00,357 [INFO] [tcpdump] s12:s12cl28 -> /results/dash/snapshots/snapshot_1/pcaps/s12/s12cl28
2025-12-08 23:12:00,516 [INFO] [tcpdump] s13:s13cl29 -> /results/dash/snapshots/snapshot_1/pcaps/s13/s13cl29
2025-12-08 23:12:00,590 [INFO] [tcpdump] s13:s13cl30 -> /results/dash/snapshots/snapshot_1/pcaps/s13/s13cl30
2025-12-08 23:12:00,674 [INFO] [tcpdump] s13:s13cl31 -> /results/dash/snapshots/snapshot_1/pcaps/s13/s13cl31
2025-12-08 23:12:00,760 [INFO] [tcpdump] s13:s13cl32 -> /results/dash/snapshots/snapshot_1/pcaps/s13/s13cl32
2025-12-08 23:12:00,837 [INFO] [tcpdump] s13:s13cl33 -> /results/dash/snapshots/snapshot_1/pcaps/s13/s13cl33
2025-12-08 23:12:00,989 [INFO] [tcpdump] s14:s14cl34 -> /results/dash/snapshots/snapshot_1/pcaps/s14/s14cl34
2025-12-08 23:12:01,068 [INFO] [tcpdump] s14:s14cl35 -> /results/dash/snapshots/snapshot_1/pcaps/s14/s14cl35
2025-12-08 23:12:01,150 [INFO] [tcpdump] s14:s14cl36 -> /results/dash/snapshots/snapshot_1/pcaps/s14/s14cl36
2025-12-08 23:12:01,231 [INFO] [tcpdump] s14:s14cl37 -> /results/dash/snapshots/snapshot_1/pcaps/s14/s14cl37
2025-12-08 23:12:01,310 [INFO] [tcpdump] s14:s14cl38 -> /results/dash/snapshots/snapshot_1/pcaps/s14/s14cl38
2025-12-08 23:12:01,392 [INFO] [tcpdump] s14:s14cl39 -> /results/dash/snapshots/snapshot_1/pcaps/s14/s14cl39
2025-12-08 23:12:01,478 [INFO] [tcpdump] s14:s14cl40 -> /results/dash/snapshots/snapshot_1/pcaps/s14/s14cl40
2025-12-08 23:12:01,564 [INFO] [tcpdump] s14:s14cl41 -> /results/dash/snapshots/snapshot_1/pcaps/s14/s14cl41
2025-12-08 23:12:01,725 [INFO] [tcpdump] s15:s15cl42 -> /results/dash/snapshots/snapshot_1/pcaps/s15/s15cl42
2025-12-08 23:12:01,839 [INFO] [tcpdump] s15:s15cl43 -> /results/dash/snapshots/snapshot_1/pcaps/s15/s15cl43
2025-12-08 23:12:01,920 [INFO] [tcpdump] s15:s15cl44 -> /results/dash/snapshots/snapshot_1/pcaps/s15/s15cl44
2025-12-08 23:12:02,000 [INFO] [tcpdump] s15:s15cl45 -> /results/dash/snapshots/snapshot_1/pcaps/s15/s15cl45
2025-12-08 23:12:02,079 [INFO] [tcpdump] s15:s15cl46 -> /results/dash/snapshots/snapshot_1/pcaps/s15/s15cl46
2025-12-08 23:12:02,158 [INFO] [tcpdump] s15:s15cl47 -> /results/dash/snapshots/snapshot_1/pcaps/s15/s15cl47
2025-12-08 23:12:02,309 [INFO] [tcpdump] s16:s16cl48 -> /results/dash/snapshots/snapshot_1/pcaps/s16/s16cl48
2025-12-08 23:12:02,389 [INFO] [tcpdump] s16:s16cl49 -> /results/dash/snapshots/snapshot_1/pcaps/s16/s16cl49
2025-12-08 23:12:02,471 [INFO] [tcpdump] s16:s16cl50 -> /results/dash/snapshots/snapshot_1/pcaps/s16/s16cl50
2025-12-08 23:12:02,549 [INFO] [tcpdump] s16:s16cl51 -> /results/dash/snapshots/snapshot_1/pcaps/s16/s16cl51
2025-12-08 23:12:02,635 [INFO] [tcpdump] s16:s16cl52 -> /results/dash/snapshots/snapshot_1/pcaps/s16/s16cl52
2025-12-08 23:12:02,718 [INFO] [tcpdump] s16:s16cl53 -> /results/dash/snapshots/snapshot_1/pcaps/s16/s16cl53
2025-12-08 23:12:02,798 [INFO] [tcpdump] s16:s16cl54 -> /results/dash/snapshots/snapshot_1/pcaps/s16/s16cl54
2025-12-08 23:12:02,876 [INFO] [tcpdump] s16:s16cl55 -> /results/dash/snapshots/snapshot_1/pcaps/s16/s16cl55
2025-12-08 23:12:02,957 [INFO] [tcpdump] s16:s16cl56 -> /results/dash/snapshots/snapshot_1/pcaps/s16/s16cl56
2025-12-08 23:12:03,110 [INFO] [tcpdump] s17:s17cl57 -> /results/dash/snapshots/snapshot_1/pcaps/s17/s17cl57
2025-12-08 23:12:03,188 [INFO] [tcpdump] s17:s17cl58 -> /results/dash/snapshots/snapshot_1/pcaps/s17/s17cl58
2025-12-08 23:12:03,271 [INFO] [tcpdump] s17:s17cl59 -> /results/dash/snapshots/snapshot_1/pcaps/s17/s17cl59
2025-12-08 23:12:03,348 [INFO] [tcpdump] s17:s17cl60 -> /results/dash/snapshots/snapshot_1/pcaps/s17/s17cl60
2025-12-08 23:12:03,430 [INFO] [tcpdump] s17:s17cl61 -> /results/dash/snapshots/snapshot_1/pcaps/s17/s17cl61
2025-12-08 23:12:03,529 [INFO] [tcpdump] s17:s17cl62 -> /results/dash/snapshots/snapshot_1/pcaps/s17/s17cl62
2025-12-08 23:12:03,611 [INFO] [tcpdump] s17:s17cl63 -> /results/dash/snapshots/snapshot_1/pcaps/s17/s17cl63
2025-12-08 23:12:03,776 [INFO] [tcpdump] s18:s18cl64 -> /results/dash/snapshots/snapshot_1/pcaps/s18/s18cl64
2025-12-08 23:12:03,855 [INFO] [tcpdump] s18:s18cl65 -> /results/dash/snapshots/snapshot_1/pcaps/s18/s18cl65
2025-12-08 23:12:03,939 [INFO] [tcpdump] s18:s18cl66 -> /results/dash/snapshots/snapshot_1/pcaps/s18/s18cl66
2025-12-08 23:12:04,016 [INFO] [tcpdump] s18:s18cl67 -> /results/dash/snapshots/snapshot_1/pcaps/s18/s18cl67
2025-12-08 23:12:04,097 [INFO] [tcpdump] s18:s18cl68 -> /results/dash/snapshots/snapshot_1/pcaps/s18/s18cl68
2025-12-08 23:12:04,176 [INFO] [tcpdump] s18:s18cl69 -> /results/dash/snapshots/snapshot_1/pcaps/s18/s18cl69
2025-12-08 23:12:04,326 [INFO] [tcpdump] s19:s19cl70 -> /results/dash/snapshots/snapshot_1/pcaps/s19/s19cl70
2025-12-08 23:12:04,403 [INFO] [tcpdump] s19:s19cl71 -> /results/dash/snapshots/snapshot_1/pcaps/s19/s19cl71
2025-12-08 23:12:04,483 [INFO] [tcpdump] s19:s19cl72 -> /results/dash/snapshots/snapshot_1/pcaps/s19/s19cl72
2025-12-08 23:12:04,564 [INFO] [tcpdump] s19:s19cl73 -> /results/dash/snapshots/snapshot_1/pcaps/s19/s19cl73
2025-12-08 23:12:04,641 [INFO] [tcpdump] s19:s19cl74 -> /results/dash/snapshots/snapshot_1/pcaps/s19/s19cl74
2025-12-08 23:12:04,722 [INFO] [tcpdump] s19:s19cl75 -> /results/dash/snapshots/snapshot_1/pcaps/s19/s19cl75
2025-12-08 23:12:04,877 [INFO] [tcpdump] s20:s20cl76 -> /results/dash/snapshots/snapshot_1/pcaps/s20/s20cl76
2025-12-08 23:12:04,953 [INFO] [tcpdump] s20:s20cl77 -> /results/dash/snapshots/snapshot_1/pcaps/s20/s20cl77
2025-12-08 23:12:05,030 [INFO] [tcpdump] s20:s20cl78 -> /results/dash/snapshots/snapshot_1/pcaps/s20/s20cl78
2025-12-08 23:12:05,114 [INFO] [tcpdump] s20:s20cl79 -> /results/dash/snapshots/snapshot_1/pcaps/s20/s20cl79
2025-12-08 23:12:05,195 [INFO] [tcpdump] s20:s20cl80 -> /results/dash/snapshots/snapshot_1/pcaps/s20/s20cl80
2025-12-08 23:12:05,348 [INFO] [tcpdump] s21:s21cl81 -> /results/dash/snapshots/snapshot_1/pcaps/s21/s21cl81
2025-12-08 23:12:05,426 [INFO] [tcpdump] s21:s21cl82 -> /results/dash/snapshots/snapshot_1/pcaps/s21/s21cl82
2025-12-08 23:12:05,505 [INFO] [tcpdump] s21:s21cl83 -> /results/dash/snapshots/snapshot_1/pcaps/s21/s21cl83
2025-12-08 23:12:05,582 [INFO] [tcpdump] s21:s21cl84 -> /results/dash/snapshots/snapshot_1/pcaps/s21/s21cl84
2025-12-08 23:12:05,661 [INFO] [tcpdump] s21:s21cl85 -> /results/dash/snapshots/snapshot_1/pcaps/s21/s21cl85
2025-12-08 23:12:05,745 [INFO] [tcpdump] s21:s21cl86 -> /results/dash/snapshots/snapshot_1/pcaps/s21/s21cl86
2025-12-08 23:12:05,894 [INFO] [tcpdump] s22:s22cl87 -> /results/dash/snapshots/snapshot_1/pcaps/s22/s22cl87
2025-12-08 23:12:05,971 [INFO] [tcpdump] s22:s22cl88 -> /results/dash/snapshots/snapshot_1/pcaps/s22/s22cl88
2025-12-08 23:12:06,052 [INFO] [tcpdump] s22:s22cl89 -> /results/dash/snapshots/snapshot_1/pcaps/s22/s22cl89
2025-12-08 23:12:06,136 [INFO] [tcpdump] s22:s22cl90 -> /results/dash/snapshots/snapshot_1/pcaps/s22/s22cl90
2025-12-08 23:12:06,137 [INFO] [tcpdump] skip s23 (no host-facing nodes for pop=PoP-SC)
2025-12-08 23:12:06,292 [INFO] [tcpdump] s24:s24cl91 -> /results/dash/snapshots/snapshot_1/pcaps/s24/s24cl91
2025-12-08 23:12:06,373 [INFO] [tcpdump] s24:s24cl92 -> /results/dash/snapshots/snapshot_1/pcaps/s24/s24cl92
2025-12-08 23:12:06,449 [INFO] [tcpdump] s24:s24cl93 -> /results/dash/snapshots/snapshot_1/pcaps/s24/s24cl93
2025-12-08 23:12:06,524 [INFO] [tcpdump] s24:s24cl94 -> /results/dash/snapshots/snapshot_1/pcaps/s24/s24cl94
2025-12-08 23:12:06,603 [INFO] [tcpdump] s24:s24cl95 -> /results/dash/snapshots/snapshot_1/pcaps/s24/s24cl95
2025-12-08 23:12:06,681 [INFO] [tcpdump] s24:s24cl96 -> /results/dash/snapshots/snapshot_1/pcaps/s24/s24cl96
2025-12-08 23:12:06,813 [INFO] [tcpdump] s24:s24cl97 -> /results/dash/snapshots/snapshot_1/pcaps/s24/s24cl97
2025-12-08 23:12:06,894 [INFO] [tcpdump] s24:s24cl98 -> /results/dash/snapshots/snapshot_1/pcaps/s24/s24cl98
2025-12-08 23:12:07,045 [INFO] [tcpdump] s25:s25cl100 -> /results/dash/snapshots/snapshot_1/pcaps/s25/s25cl100
2025-12-08 23:12:07,121 [INFO] [tcpdump] s25:s25cl101 -> /results/dash/snapshots/snapshot_1/pcaps/s25/s25cl101
2025-12-08 23:12:07,201 [INFO] [tcpdump] s25:s25cl99 -> /results/dash/snapshots/snapshot_1/pcaps/s25/s25cl99
2025-12-08 23:12:07,201 [INFO] [tcpdump] skip s26 (no host-facing nodes for pop=PoP-TO)
2025-12-08 23:12:07,201 [INFO] [EXPERIMENT] snapshot_1: running cumulative dash-client k=25
2025-12-08 23:14:10,559 [INFO] [OK] snapshot_1 -> /home/arthur.barbabella/lft/results/dash/run_2025-12-08_23-05-21/snapshots/snapshot_1
2025-12-08 23:14:10,707 [INFO] [tcpdump] s0:s0ds0 -> /results/dash/snapshots/snapshot_2/pcaps/s0/s0ds0
2025-12-08 23:14:10,859 [INFO] [tcpdump] s1:s1ds1 -> /results/dash/snapshots/snapshot_2/pcaps/s1/s1ds1
2025-12-08 23:14:11,003 [INFO] [tcpdump] s2:s2ds2 -> /results/dash/snapshots/snapshot_2/pcaps/s2/s2ds2
2025-12-08 23:14:11,151 [INFO] [tcpdump] s3:s3ds3 -> /results/dash/snapshots/snapshot_2/pcaps/s3/s3ds3
2025-12-08 23:14:11,301 [INFO] [tcpdump] s4:s4cl0 -> /results/dash/snapshots/snapshot_2/pcaps/s4/s4cl0
2025-12-08 23:14:11,391 [INFO] [tcpdump] s4:s4cl1 -> /results/dash/snapshots/snapshot_2/pcaps/s4/s4cl1
2025-12-08 23:14:11,467 [INFO] [tcpdump] s4:s4cl2 -> /results/dash/snapshots/snapshot_2/pcaps/s4/s4cl2
2025-12-08 23:14:11,542 [INFO] [tcpdump] s4:s4cl3 -> /results/dash/snapshots/snapshot_2/pcaps/s4/s4cl3
2025-12-08 23:14:11,687 [INFO] [tcpdump] s5:s5cl4 -> /results/dash/snapshots/snapshot_2/pcaps/s5/s5cl4
2025-12-08 23:14:11,766 [INFO] [tcpdump] s5:s5cl5 -> /results/dash/snapshots/snapshot_2/pcaps/s5/s5cl5
2025-12-08 23:14:11,840 [INFO] [tcpdump] s5:s5cl6 -> /results/dash/snapshots/snapshot_2/pcaps/s5/s5cl6
2025-12-08 23:14:11,914 [INFO] [tcpdump] s5:s5cl7 -> /results/dash/snapshots/snapshot_2/pcaps/s5/s5cl7
2025-12-08 23:14:11,993 [INFO] [tcpdump] s5:s5cl8 -> /results/dash/snapshots/snapshot_2/pcaps/s5/s5cl8
2025-12-08 23:14:12,141 [INFO] [tcpdump] s6:s6cl10 -> /results/dash/snapshots/snapshot_2/pcaps/s6/s6cl10
2025-12-08 23:14:12,217 [INFO] [tcpdump] s6:s6cl11 -> /results/dash/snapshots/snapshot_2/pcaps/s6/s6cl11
2025-12-08 23:14:12,292 [INFO] [tcpdump] s6:s6cl12 -> /results/dash/snapshots/snapshot_2/pcaps/s6/s6cl12
2025-12-08 23:14:12,372 [INFO] [tcpdump] s6:s6cl13 -> /results/dash/snapshots/snapshot_2/pcaps/s6/s6cl13
2025-12-08 23:14:12,453 [INFO] [tcpdump] s6:s6cl9 -> /results/dash/snapshots/snapshot_2/pcaps/s6/s6cl9
2025-12-08 23:14:12,453 [INFO] [tcpdump] skip s7 (no host-facing nodes for pop=PoP-ES)
2025-12-08 23:14:12,453 [INFO] [tcpdump] skip s8 (no host-facing nodes for pop=PoP-GO)
2025-12-08 23:14:12,600 [INFO] [tcpdump] s9:s9cl14 -> /results/dash/snapshots/snapshot_2/pcaps/s9/s9cl14
2025-12-08 23:14:12,675 [INFO] [tcpdump] s9:s9cl15 -> /results/dash/snapshots/snapshot_2/pcaps/s9/s9cl15
2025-12-08 23:14:12,821 [INFO] [tcpdump] s10:s10cl16 -> /results/dash/snapshots/snapshot_2/pcaps/s10/s10cl16
2025-12-08 23:14:12,897 [INFO] [tcpdump] s10:s10cl17 -> /results/dash/snapshots/snapshot_2/pcaps/s10/s10cl17
2025-12-08 23:14:12,970 [INFO] [tcpdump] s10:s10cl18 -> /results/dash/snapshots/snapshot_2/pcaps/s10/s10cl18
2025-12-08 23:14:13,115 [INFO] [tcpdump] s11:s11cl19 -> /results/dash/snapshots/snapshot_2/pcaps/s11/s11cl19
2025-12-08 23:14:13,191 [INFO] [tcpdump] s11:s11cl20 -> /results/dash/snapshots/snapshot_2/pcaps/s11/s11cl20
2025-12-08 23:14:13,268 [INFO] [tcpdump] s11:s11cl21 -> /results/dash/snapshots/snapshot_2/pcaps/s11/s11cl21
2025-12-08 23:14:13,418 [INFO] [tcpdump] s12:s12cl22 -> /results/dash/snapshots/snapshot_2/pcaps/s12/s12cl22
2025-12-08 23:14:13,497 [INFO] [tcpdump] s12:s12cl23 -> /results/dash/snapshots/snapshot_2/pcaps/s12/s12cl23
2025-12-08 23:14:13,575 [INFO] [tcpdump] s12:s12cl24 -> /results/dash/snapshots/snapshot_2/pcaps/s12/s12cl24
2025-12-08 23:14:13,652 [INFO] [tcpdump] s12:s12cl25 -> /results/dash/snapshots/snapshot_2/pcaps/s12/s12cl25
2025-12-08 23:14:13,730 [INFO] [tcpdump] s12:s12cl26 -> /results/dash/snapshots/snapshot_2/pcaps/s12/s12cl26
2025-12-08 23:14:13,806 [INFO] [tcpdump] s12:s12cl27 -> /results/dash/snapshots/snapshot_2/pcaps/s12/s12cl27
2025-12-08 23:14:13,882 [INFO] [tcpdump] s12:s12cl28 -> /results/dash/snapshots/snapshot_2/pcaps/s12/s12cl28
2025-12-08 23:14:14,033 [INFO] [tcpdump] s13:s13cl29 -> /results/dash/snapshots/snapshot_2/pcaps/s13/s13cl29
2025-12-08 23:14:14,112 [INFO] [tcpdump] s13:s13cl30 -> /results/dash/snapshots/snapshot_2/pcaps/s13/s13cl30
2025-12-08 23:14:14,189 [INFO] [tcpdump] s13:s13cl31 -> /results/dash/snapshots/snapshot_2/pcaps/s13/s13cl31
2025-12-08 23:14:14,263 [INFO] [tcpdump] s13:s13cl32 -> /results/dash/snapshots/snapshot_2/pcaps/s13/s13cl32
2025-12-08 23:14:14,339 [INFO] [tcpdump] s13:s13cl33 -> /results/dash/snapshots/snapshot_2/pcaps/s13/s13cl33
2025-12-08 23:14:14,484 [INFO] [tcpdump] s14:s14cl34 -> /results/dash/snapshots/snapshot_2/pcaps/s14/s14cl34
2025-12-08 23:14:14,566 [INFO] [tcpdump] s14:s14cl35 -> /results/dash/snapshots/snapshot_2/pcaps/s14/s14cl35
2025-12-08 23:14:14,639 [INFO] [tcpdump] s14:s14cl36 -> /results/dash/snapshots/snapshot_2/pcaps/s14/s14cl36
2025-12-08 23:14:14,715 [INFO] [tcpdump] s14:s14cl37 -> /results/dash/snapshots/snapshot_2/pcaps/s14/s14cl37
2025-12-08 23:14:14,797 [INFO] [tcpdump] s14:s14cl38 -> /results/dash/snapshots/snapshot_2/pcaps/s14/s14cl38
2025-12-08 23:14:14,871 [INFO] [tcpdump] s14:s14cl39 -> /results/dash/snapshots/snapshot_2/pcaps/s14/s14cl39
2025-12-08 23:14:14,944 [INFO] [tcpdump] s14:s14cl40 -> /results/dash/snapshots/snapshot_2/pcaps/s14/s14cl40
2025-12-08 23:14:15,023 [INFO] [tcpdump] s14:s14cl41 -> /results/dash/snapshots/snapshot_2/pcaps/s14/s14cl41
2025-12-08 23:14:15,170 [INFO] [tcpdump] s15:s15cl42 -> /results/dash/snapshots/snapshot_2/pcaps/s15/s15cl42
2025-12-08 23:14:15,244 [INFO] [tcpdump] s15:s15cl43 -> /results/dash/snapshots/snapshot_2/pcaps/s15/s15cl43
2025-12-08 23:14:15,322 [INFO] [tcpdump] s15:s15cl44 -> /results/dash/snapshots/snapshot_2/pcaps/s15/s15cl44
2025-12-08 23:14:15,400 [INFO] [tcpdump] s15:s15cl45 -> /results/dash/snapshots/snapshot_2/pcaps/s15/s15cl45
2025-12-08 23:14:15,477 [INFO] [tcpdump] s15:s15cl46 -> /results/dash/snapshots/snapshot_2/pcaps/s15/s15cl46
2025-12-08 23:14:15,561 [INFO] [tcpdump] s15:s15cl47 -> /results/dash/snapshots/snapshot_2/pcaps/s15/s15cl47
2025-12-08 23:14:15,730 [INFO] [tcpdump] s16:s16cl48 -> /results/dash/snapshots/snapshot_2/pcaps/s16/s16cl48
2025-12-08 23:14:15,850 [INFO] [tcpdump] s16:s16cl49 -> /results/dash/snapshots/snapshot_2/pcaps/s16/s16cl49
2025-12-08 23:14:15,939 [INFO] [tcpdump] s16:s16cl50 -> /results/dash/snapshots/snapshot_2/pcaps/s16/s16cl50
2025-12-08 23:14:16,015 [INFO] [tcpdump] s16:s16cl51 -> /results/dash/snapshots/snapshot_2/pcaps/s16/s16cl51
2025-12-08 23:14:16,094 [INFO] [tcpdump] s16:s16cl52 -> /results/dash/snapshots/snapshot_2/pcaps/s16/s16cl52
2025-12-08 23:14:16,170 [INFO] [tcpdump] s16:s16cl53 -> /results/dash/snapshots/snapshot_2/pcaps/s16/s16cl53
2025-12-08 23:14:16,253 [INFO] [tcpdump] s16:s16cl54 -> /results/dash/snapshots/snapshot_2/pcaps/s16/s16cl54
2025-12-08 23:14:16,330 [INFO] [tcpdump] s16:s16cl55 -> /results/dash/snapshots/snapshot_2/pcaps/s16/s16cl55
2025-12-08 23:14:16,410 [INFO] [tcpdump] s16:s16cl56 -> /results/dash/snapshots/snapshot_2/pcaps/s16/s16cl56
2025-12-08 23:14:16,559 [INFO] [tcpdump] s17:s17cl57 -> /results/dash/snapshots/snapshot_2/pcaps/s17/s17cl57
2025-12-08 23:14:16,641 [INFO] [tcpdump] s17:s17cl58 -> /results/dash/snapshots/snapshot_2/pcaps/s17/s17cl58
2025-12-08 23:14:16,722 [INFO] [tcpdump] s17:s17cl59 -> /results/dash/snapshots/snapshot_2/pcaps/s17/s17cl59
2025-12-08 23:14:16,798 [INFO] [tcpdump] s17:s17cl60 -> /results/dash/snapshots/snapshot_2/pcaps/s17/s17cl60
2025-12-08 23:14:16,877 [INFO] [tcpdump] s17:s17cl61 -> /results/dash/snapshots/snapshot_2/pcaps/s17/s17cl61
2025-12-08 23:14:16,950 [INFO] [tcpdump] s17:s17cl62 -> /results/dash/snapshots/snapshot_2/pcaps/s17/s17cl62
2025-12-08 23:14:17,030 [INFO] [tcpdump] s17:s17cl63 -> /results/dash/snapshots/snapshot_2/pcaps/s17/s17cl63
2025-12-08 23:14:17,175 [INFO] [tcpdump] s18:s18cl64 -> /results/dash/snapshots/snapshot_2/pcaps/s18/s18cl64
2025-12-08 23:14:17,255 [INFO] [tcpdump] s18:s18cl65 -> /results/dash/snapshots/snapshot_2/pcaps/s18/s18cl65
2025-12-08 23:14:17,332 [INFO] [tcpdump] s18:s18cl66 -> /results/dash/snapshots/snapshot_2/pcaps/s18/s18cl66
2025-12-08 23:14:17,410 [INFO] [tcpdump] s18:s18cl67 -> /results/dash/snapshots/snapshot_2/pcaps/s18/s18cl67
2025-12-08 23:14:17,485 [INFO] [tcpdump] s18:s18cl68 -> /results/dash/snapshots/snapshot_2/pcaps/s18/s18cl68
2025-12-08 23:14:17,560 [INFO] [tcpdump] s18:s18cl69 -> /results/dash/snapshots/snapshot_2/pcaps/s18/s18cl69
2025-12-08 23:14:17,705 [INFO] [tcpdump] s19:s19cl70 -> /results/dash/snapshots/snapshot_2/pcaps/s19/s19cl70
2025-12-08 23:14:17,781 [INFO] [tcpdump] s19:s19cl71 -> /results/dash/snapshots/snapshot_2/pcaps/s19/s19cl71
2025-12-08 23:14:17,858 [INFO] [tcpdump] s19:s19cl72 -> /results/dash/snapshots/snapshot_2/pcaps/s19/s19cl72
2025-12-08 23:14:17,933 [INFO] [tcpdump] s19:s19cl73 -> /results/dash/snapshots/snapshot_2/pcaps/s19/s19cl73
2025-12-08 23:14:18,006 [INFO] [tcpdump] s19:s19cl74 -> /results/dash/snapshots/snapshot_2/pcaps/s19/s19cl74
2025-12-08 23:14:18,080 [INFO] [tcpdump] s19:s19cl75 -> /results/dash/snapshots/snapshot_2/pcaps/s19/s19cl75
2025-12-08 23:14:18,225 [INFO] [tcpdump] s20:s20cl76 -> /results/dash/snapshots/snapshot_2/pcaps/s20/s20cl76
2025-12-08 23:14:18,302 [INFO] [tcpdump] s20:s20cl77 -> /results/dash/snapshots/snapshot_2/pcaps/s20/s20cl77
2025-12-08 23:14:18,375 [INFO] [tcpdump] s20:s20cl78 -> /results/dash/snapshots/snapshot_2/pcaps/s20/s20cl78
2025-12-08 23:14:18,450 [INFO] [tcpdump] s20:s20cl79 -> /results/dash/snapshots/snapshot_2/pcaps/s20/s20cl79
2025-12-08 23:14:18,525 [INFO] [tcpdump] s20:s20cl80 -> /results/dash/snapshots/snapshot_2/pcaps/s20/s20cl80
2025-12-08 23:14:18,669 [INFO] [tcpdump] s21:s21cl81 -> /results/dash/snapshots/snapshot_2/pcaps/s21/s21cl81
2025-12-08 23:14:18,745 [INFO] [tcpdump] s21:s21cl82 -> /results/dash/snapshots/snapshot_2/pcaps/s21/s21cl82
2025-12-08 23:14:18,821 [INFO] [tcpdump] s21:s21cl83 -> /results/dash/snapshots/snapshot_2/pcaps/s21/s21cl83
2025-12-08 23:14:18,896 [INFO] [tcpdump] s21:s21cl84 -> /results/dash/snapshots/snapshot_2/pcaps/s21/s21cl84
2025-12-08 23:14:18,978 [INFO] [tcpdump] s21:s21cl85 -> /results/dash/snapshots/snapshot_2/pcaps/s21/s21cl85
2025-12-08 23:14:19,058 [INFO] [tcpdump] s21:s21cl86 -> /results/dash/snapshots/snapshot_2/pcaps/s21/s21cl86
2025-12-08 23:14:19,212 [INFO] [tcpdump] s22:s22cl87 -> /results/dash/snapshots/snapshot_2/pcaps/s22/s22cl87
2025-12-08 23:14:19,290 [INFO] [tcpdump] s22:s22cl88 -> /results/dash/snapshots/snapshot_2/pcaps/s22/s22cl88
2025-12-08 23:14:19,368 [INFO] [tcpdump] s22:s22cl89 -> /results/dash/snapshots/snapshot_2/pcaps/s22/s22cl89
2025-12-08 23:14:19,445 [INFO] [tcpdump] s22:s22cl90 -> /results/dash/snapshots/snapshot_2/pcaps/s22/s22cl90
2025-12-08 23:14:19,446 [INFO] [tcpdump] skip s23 (no host-facing nodes for pop=PoP-SC)
2025-12-08 23:14:19,597 [INFO] [tcpdump] s24:s24cl91 -> /results/dash/snapshots/snapshot_2/pcaps/s24/s24cl91
2025-12-08 23:14:19,680 [INFO] [tcpdump] s24:s24cl92 -> /results/dash/snapshots/snapshot_2/pcaps/s24/s24cl92
2025-12-08 23:14:19,759 [INFO] [tcpdump] s24:s24cl93 -> /results/dash/snapshots/snapshot_2/pcaps/s24/s24cl93
2025-12-08 23:14:19,833 [INFO] [tcpdump] s24:s24cl94 -> /results/dash/snapshots/snapshot_2/pcaps/s24/s24cl94
2025-12-08 23:14:19,908 [INFO] [tcpdump] s24:s24cl95 -> /results/dash/snapshots/snapshot_2/pcaps/s24/s24cl95
2025-12-08 23:14:19,986 [INFO] [tcpdump] s24:s24cl96 -> /results/dash/snapshots/snapshot_2/pcaps/s24/s24cl96
2025-12-08 23:14:20,063 [INFO] [tcpdump] s24:s24cl97 -> /results/dash/snapshots/snapshot_2/pcaps/s24/s24cl97
2025-12-08 23:14:20,140 [INFO] [tcpdump] s24:s24cl98 -> /results/dash/snapshots/snapshot_2/pcaps/s24/s24cl98
2025-12-08 23:14:20,292 [INFO] [tcpdump] s25:s25cl100 -> /results/dash/snapshots/snapshot_2/pcaps/s25/s25cl100
2025-12-08 23:14:20,371 [INFO] [tcpdump] s25:s25cl101 -> /results/dash/snapshots/snapshot_2/pcaps/s25/s25cl101
2025-12-08 23:14:20,445 [INFO] [tcpdump] s25:s25cl99 -> /results/dash/snapshots/snapshot_2/pcaps/s25/s25cl99
2025-12-08 23:14:20,445 [INFO] [tcpdump] skip s26 (no host-facing nodes for pop=PoP-TO)
2025-12-08 23:14:20,445 [INFO] [EXPERIMENT] snapshot_2: running cumulative dash-client k=50
2025-12-08 23:16:23,751 [INFO] [OK] snapshot_2 -> /home/arthur.barbabella/lft/results/dash/run_2025-12-08_23-05-21/snapshots/snapshot_2
2025-12-08 23:16:23,931 [INFO] [tcpdump] s0:s0ds0 -> /results/dash/snapshots/snapshot_3/pcaps/s0/s0ds0
2025-12-08 23:16:24,077 [INFO] [tcpdump] s1:s1ds1 -> /results/dash/snapshots/snapshot_3/pcaps/s1/s1ds1
2025-12-08 23:16:24,221 [INFO] [tcpdump] s2:s2ds2 -> /results/dash/snapshots/snapshot_3/pcaps/s2/s2ds2
2025-12-08 23:16:24,369 [INFO] [tcpdump] s3:s3ds3 -> /results/dash/snapshots/snapshot_3/pcaps/s3/s3ds3
2025-12-08 23:16:24,515 [INFO] [tcpdump] s4:s4cl0 -> /results/dash/snapshots/snapshot_3/pcaps/s4/s4cl0
2025-12-08 23:16:24,590 [INFO] [tcpdump] s4:s4cl1 -> /results/dash/snapshots/snapshot_3/pcaps/s4/s4cl1
2025-12-08 23:16:24,664 [INFO] [tcpdump] s4:s4cl2 -> /results/dash/snapshots/snapshot_3/pcaps/s4/s4cl2
2025-12-08 23:16:24,743 [INFO] [tcpdump] s4:s4cl3 -> /results/dash/snapshots/snapshot_3/pcaps/s4/s4cl3
2025-12-08 23:16:24,890 [INFO] [tcpdump] s5:s5cl4 -> /results/dash/snapshots/snapshot_3/pcaps/s5/s5cl4
2025-12-08 23:16:24,964 [INFO] [tcpdump] s5:s5cl5 -> /results/dash/snapshots/snapshot_3/pcaps/s5/s5cl5
2025-12-08 23:16:25,039 [INFO] [tcpdump] s5:s5cl6 -> /results/dash/snapshots/snapshot_3/pcaps/s5/s5cl6
2025-12-08 23:16:25,116 [INFO] [tcpdump] s5:s5cl7 -> /results/dash/snapshots/snapshot_3/pcaps/s5/s5cl7
2025-12-08 23:16:25,191 [INFO] [tcpdump] s5:s5cl8 -> /results/dash/snapshots/snapshot_3/pcaps/s5/s5cl8
2025-12-08 23:16:25,341 [INFO] [tcpdump] s6:s6cl10 -> /results/dash/snapshots/snapshot_3/pcaps/s6/s6cl10
2025-12-08 23:16:25,418 [INFO] [tcpdump] s6:s6cl11 -> /results/dash/snapshots/snapshot_3/pcaps/s6/s6cl11
2025-12-08 23:16:25,495 [INFO] [tcpdump] s6:s6cl12 -> /results/dash/snapshots/snapshot_3/pcaps/s6/s6cl12
2025-12-08 23:16:25,571 [INFO] [tcpdump] s6:s6cl13 -> /results/dash/snapshots/snapshot_3/pcaps/s6/s6cl13
2025-12-08 23:16:25,646 [INFO] [tcpdump] s6:s6cl9 -> /results/dash/snapshots/snapshot_3/pcaps/s6/s6cl9
2025-12-08 23:16:25,646 [INFO] [tcpdump] skip s7 (no host-facing nodes for pop=PoP-ES)
2025-12-08 23:16:25,646 [INFO] [tcpdump] skip s8 (no host-facing nodes for pop=PoP-GO)
2025-12-08 23:16:25,791 [INFO] [tcpdump] s9:s9cl14 -> /results/dash/snapshots/snapshot_3/pcaps/s9/s9cl14
2025-12-08 23:16:25,869 [INFO] [tcpdump] s9:s9cl15 -> /results/dash/snapshots/snapshot_3/pcaps/s9/s9cl15
2025-12-08 23:16:26,011 [INFO] [tcpdump] s10:s10cl16 -> /results/dash/snapshots/snapshot_3/pcaps/s10/s10cl16
2025-12-08 23:16:26,087 [INFO] [tcpdump] s10:s10cl17 -> /results/dash/snapshots/snapshot_3/pcaps/s10/s10cl17
2025-12-08 23:16:26,201 [INFO] [tcpdump] s10:s10cl18 -> /results/dash/snapshots/snapshot_3/pcaps/s10/s10cl18
2025-12-08 23:16:26,352 [INFO] [tcpdump] s11:s11cl19 -> /results/dash/snapshots/snapshot_3/pcaps/s11/s11cl19
2025-12-08 23:16:26,429 [INFO] [tcpdump] s11:s11cl20 -> /results/dash/snapshots/snapshot_3/pcaps/s11/s11cl20
2025-12-08 23:16:26,508 [INFO] [tcpdump] s11:s11cl21 -> /results/dash/snapshots/snapshot_3/pcaps/s11/s11cl21
2025-12-08 23:16:26,656 [INFO] [tcpdump] s12:s12cl22 -> /results/dash/snapshots/snapshot_3/pcaps/s12/s12cl22
2025-12-08 23:16:26,736 [INFO] [tcpdump] s12:s12cl23 -> /results/dash/snapshots/snapshot_3/pcaps/s12/s12cl23
2025-12-08 23:16:26,814 [INFO] [tcpdump] s12:s12cl24 -> /results/dash/snapshots/snapshot_3/pcaps/s12/s12cl24
2025-12-08 23:16:26,893 [INFO] [tcpdump] s12:s12cl25 -> /results/dash/snapshots/snapshot_3/pcaps/s12/s12cl25
2025-12-08 23:16:26,971 [INFO] [tcpdump] s12:s12cl26 -> /results/dash/snapshots/snapshot_3/pcaps/s12/s12cl26
2025-12-08 23:16:27,048 [INFO] [tcpdump] s12:s12cl27 -> /results/dash/snapshots/snapshot_3/pcaps/s12/s12cl27
2025-12-08 23:16:27,129 [INFO] [tcpdump] s12:s12cl28 -> /results/dash/snapshots/snapshot_3/pcaps/s12/s12cl28
2025-12-08 23:16:27,280 [INFO] [tcpdump] s13:s13cl29 -> /results/dash/snapshots/snapshot_3/pcaps/s13/s13cl29
2025-12-08 23:16:27,359 [INFO] [tcpdump] s13:s13cl30 -> /results/dash/snapshots/snapshot_3/pcaps/s13/s13cl30
2025-12-08 23:16:27,436 [INFO] [tcpdump] s13:s13cl31 -> /results/dash/snapshots/snapshot_3/pcaps/s13/s13cl31
2025-12-08 23:16:27,511 [INFO] [tcpdump] s13:s13cl32 -> /results/dash/snapshots/snapshot_3/pcaps/s13/s13cl32
2025-12-08 23:16:27,591 [INFO] [tcpdump] s13:s13cl33 -> /results/dash/snapshots/snapshot_3/pcaps/s13/s13cl33
2025-12-08 23:16:27,736 [INFO] [tcpdump] s14:s14cl34 -> /results/dash/snapshots/snapshot_3/pcaps/s14/s14cl34
2025-12-08 23:16:27,813 [INFO] [tcpdump] s14:s14cl35 -> /results/dash/snapshots/snapshot_3/pcaps/s14/s14cl35
2025-12-08 23:16:27,893 [INFO] [tcpdump] s14:s14cl36 -> /results/dash/snapshots/snapshot_3/pcaps/s14/s14cl36
2025-12-08 23:16:27,969 [INFO] [tcpdump] s14:s14cl37 -> /results/dash/snapshots/snapshot_3/pcaps/s14/s14cl37
2025-12-08 23:16:28,047 [INFO] [tcpdump] s14:s14cl38 -> /results/dash/snapshots/snapshot_3/pcaps/s14/s14cl38
2025-12-08 23:16:28,123 [INFO] [tcpdump] s14:s14cl39 -> /results/dash/snapshots/snapshot_3/pcaps/s14/s14cl39
2025-12-08 23:16:28,200 [INFO] [tcpdump] s14:s14cl40 -> /results/dash/snapshots/snapshot_3/pcaps/s14/s14cl40
2025-12-08 23:16:28,273 [INFO] [tcpdump] s14:s14cl41 -> /results/dash/snapshots/snapshot_3/pcaps/s14/s14cl41
2025-12-08 23:16:28,421 [INFO] [tcpdump] s15:s15cl42 -> /results/dash/snapshots/snapshot_3/pcaps/s15/s15cl42
2025-12-08 23:16:28,502 [INFO] [tcpdump] s15:s15cl43 -> /results/dash/snapshots/snapshot_3/pcaps/s15/s15cl43
2025-12-08 23:16:28,582 [INFO] [tcpdump] s15:s15cl44 -> /results/dash/snapshots/snapshot_3/pcaps/s15/s15cl44
2025-12-08 23:16:28,663 [INFO] [tcpdump] s15:s15cl45 -> /results/dash/snapshots/snapshot_3/pcaps/s15/s15cl45
2025-12-08 23:16:28,742 [INFO] [tcpdump] s15:s15cl46 -> /results/dash/snapshots/snapshot_3/pcaps/s15/s15cl46
2025-12-08 23:16:28,819 [INFO] [tcpdump] s15:s15cl47 -> /results/dash/snapshots/snapshot_3/pcaps/s15/s15cl47
2025-12-08 23:16:28,972 [INFO] [tcpdump] s16:s16cl48 -> /results/dash/snapshots/snapshot_3/pcaps/s16/s16cl48
2025-12-08 23:16:29,048 [INFO] [tcpdump] s16:s16cl49 -> /results/dash/snapshots/snapshot_3/pcaps/s16/s16cl49
2025-12-08 23:16:29,127 [INFO] [tcpdump] s16:s16cl50 -> /results/dash/snapshots/snapshot_3/pcaps/s16/s16cl50
2025-12-08 23:16:29,205 [INFO] [tcpdump] s16:s16cl51 -> /results/dash/snapshots/snapshot_3/pcaps/s16/s16cl51
2025-12-08 23:16:29,279 [INFO] [tcpdump] s16:s16cl52 -> /results/dash/snapshots/snapshot_3/pcaps/s16/s16cl52
2025-12-08 23:16:29,354 [INFO] [tcpdump] s16:s16cl53 -> /results/dash/snapshots/snapshot_3/pcaps/s16/s16cl53
2025-12-08 23:16:29,428 [INFO] [tcpdump] s16:s16cl54 -> /results/dash/snapshots/snapshot_3/pcaps/s16/s16cl54
2025-12-08 23:16:29,503 [INFO] [tcpdump] s16:s16cl55 -> /results/dash/snapshots/snapshot_3/pcaps/s16/s16cl55
2025-12-08 23:16:29,578 [INFO] [tcpdump] s16:s16cl56 -> /results/dash/snapshots/snapshot_3/pcaps/s16/s16cl56
2025-12-08 23:16:29,725 [INFO] [tcpdump] s17:s17cl57 -> /results/dash/snapshots/snapshot_3/pcaps/s17/s17cl57
2025-12-08 23:16:29,803 [INFO] [tcpdump] s17:s17cl58 -> /results/dash/snapshots/snapshot_3/pcaps/s17/s17cl58
2025-12-08 23:16:29,881 [INFO] [tcpdump] s17:s17cl59 -> /results/dash/snapshots/snapshot_3/pcaps/s17/s17cl59
2025-12-08 23:16:29,957 [INFO] [tcpdump] s17:s17cl60 -> /results/dash/snapshots/snapshot_3/pcaps/s17/s17cl60
2025-12-08 23:16:30,035 [INFO] [tcpdump] s17:s17cl61 -> /results/dash/snapshots/snapshot_3/pcaps/s17/s17cl61
2025-12-08 23:16:30,114 [INFO] [tcpdump] s17:s17cl62 -> /results/dash/snapshots/snapshot_3/pcaps/s17/s17cl62
2025-12-08 23:16:30,191 [INFO] [tcpdump] s17:s17cl63 -> /results/dash/snapshots/snapshot_3/pcaps/s17/s17cl63
2025-12-08 23:16:30,337 [INFO] [tcpdump] s18:s18cl64 -> /results/dash/snapshots/snapshot_3/pcaps/s18/s18cl64
2025-12-08 23:16:30,413 [INFO] [tcpdump] s18:s18cl65 -> /results/dash/snapshots/snapshot_3/pcaps/s18/s18cl65
2025-12-08 23:16:30,491 [INFO] [tcpdump] s18:s18cl66 -> /results/dash/snapshots/snapshot_3/pcaps/s18/s18cl66
2025-12-08 23:16:30,575 [INFO] [tcpdump] s18:s18cl67 -> /results/dash/snapshots/snapshot_3/pcaps/s18/s18cl67
2025-12-08 23:16:30,650 [INFO] [tcpdump] s18:s18cl68 -> /results/dash/snapshots/snapshot_3/pcaps/s18/s18cl68
2025-12-08 23:16:30,728 [INFO] [tcpdump] s18:s18cl69 -> /results/dash/snapshots/snapshot_3/pcaps/s18/s18cl69
2025-12-08 23:16:30,879 [INFO] [tcpdump] s19:s19cl70 -> /results/dash/snapshots/snapshot_3/pcaps/s19/s19cl70
2025-12-08 23:16:30,956 [INFO] [tcpdump] s19:s19cl71 -> /results/dash/snapshots/snapshot_3/pcaps/s19/s19cl71
2025-12-08 23:16:31,032 [INFO] [tcpdump] s19:s19cl72 -> /results/dash/snapshots/snapshot_3/pcaps/s19/s19cl72
2025-12-08 23:16:31,108 [INFO] [tcpdump] s19:s19cl73 -> /results/dash/snapshots/snapshot_3/pcaps/s19/s19cl73
2025-12-08 23:16:31,216 [INFO] [tcpdump] s19:s19cl74 -> /results/dash/snapshots/snapshot_3/pcaps/s19/s19cl74
2025-12-08 23:16:31,302 [INFO] [tcpdump] s19:s19cl75 -> /results/dash/snapshots/snapshot_3/pcaps/s19/s19cl75
2025-12-08 23:16:31,446 [INFO] [tcpdump] s20:s20cl76 -> /results/dash/snapshots/snapshot_3/pcaps/s20/s20cl76
2025-12-08 23:16:31,522 [INFO] [tcpdump] s20:s20cl77 -> /results/dash/snapshots/snapshot_3/pcaps/s20/s20cl77
2025-12-08 23:16:31,599 [INFO] [tcpdump] s20:s20cl78 -> /results/dash/snapshots/snapshot_3/pcaps/s20/s20cl78
2025-12-08 23:16:31,682 [INFO] [tcpdump] s20:s20cl79 -> /results/dash/snapshots/snapshot_3/pcaps/s20/s20cl79
2025-12-08 23:16:31,759 [INFO] [tcpdump] s20:s20cl80 -> /results/dash/snapshots/snapshot_3/pcaps/s20/s20cl80
2025-12-08 23:16:31,910 [INFO] [tcpdump] s21:s21cl81 -> /results/dash/snapshots/snapshot_3/pcaps/s21/s21cl81
2025-12-08 23:16:31,989 [INFO] [tcpdump] s21:s21cl82 -> /results/dash/snapshots/snapshot_3/pcaps/s21/s21cl82
2025-12-08 23:16:32,067 [INFO] [tcpdump] s21:s21cl83 -> /results/dash/snapshots/snapshot_3/pcaps/s21/s21cl83
2025-12-08 23:16:32,141 [INFO] [tcpdump] s21:s21cl84 -> /results/dash/snapshots/snapshot_3/pcaps/s21/s21cl84
2025-12-08 23:16:32,219 [INFO] [tcpdump] s21:s21cl85 -> /results/dash/snapshots/snapshot_3/pcaps/s21/s21cl85
2025-12-08 23:16:32,296 [INFO] [tcpdump] s21:s21cl86 -> /results/dash/snapshots/snapshot_3/pcaps/s21/s21cl86
2025-12-08 23:16:32,446 [INFO] [tcpdump] s22:s22cl87 -> /results/dash/snapshots/snapshot_3/pcaps/s22/s22cl87
2025-12-08 23:16:32,522 [INFO] [tcpdump] s22:s22cl88 -> /results/dash/snapshots/snapshot_3/pcaps/s22/s22cl88
2025-12-08 23:16:32,603 [INFO] [tcpdump] s22:s22cl89 -> /results/dash/snapshots/snapshot_3/pcaps/s22/s22cl89
2025-12-08 23:16:32,680 [INFO] [tcpdump] s22:s22cl90 -> /results/dash/snapshots/snapshot_3/pcaps/s22/s22cl90
2025-12-08 23:16:32,680 [INFO] [tcpdump] skip s23 (no host-facing nodes for pop=PoP-SC)
2025-12-08 23:16:32,826 [INFO] [tcpdump] s24:s24cl91 -> /results/dash/snapshots/snapshot_3/pcaps/s24/s24cl91
2025-12-08 23:16:32,904 [INFO] [tcpdump] s24:s24cl92 -> /results/dash/snapshots/snapshot_3/pcaps/s24/s24cl92
2025-12-08 23:16:32,980 [INFO] [tcpdump] s24:s24cl93 -> /results/dash/snapshots/snapshot_3/pcaps/s24/s24cl93
2025-12-08 23:16:33,054 [INFO] [tcpdump] s24:s24cl94 -> /results/dash/snapshots/snapshot_3/pcaps/s24/s24cl94
2025-12-08 23:16:33,129 [INFO] [tcpdump] s24:s24cl95 -> /results/dash/snapshots/snapshot_3/pcaps/s24/s24cl95
2025-12-08 23:16:33,205 [INFO] [tcpdump] s24:s24cl96 -> /results/dash/snapshots/snapshot_3/pcaps/s24/s24cl96
2025-12-08 23:16:33,281 [INFO] [tcpdump] s24:s24cl97 -> /results/dash/snapshots/snapshot_3/pcaps/s24/s24cl97
2025-12-08 23:16:33,356 [INFO] [tcpdump] s24:s24cl98 -> /results/dash/snapshots/snapshot_3/pcaps/s24/s24cl98
2025-12-08 23:16:33,503 [INFO] [tcpdump] s25:s25cl100 -> /results/dash/snapshots/snapshot_3/pcaps/s25/s25cl100
2025-12-08 23:16:33,584 [INFO] [tcpdump] s25:s25cl101 -> /results/dash/snapshots/snapshot_3/pcaps/s25/s25cl101
2025-12-08 23:16:33,668 [INFO] [tcpdump] s25:s25cl99 -> /results/dash/snapshots/snapshot_3/pcaps/s25/s25cl99
2025-12-08 23:16:33,669 [INFO] [tcpdump] skip s26 (no host-facing nodes for pop=PoP-TO)
2025-12-08 23:16:33,669 [INFO] [EXPERIMENT] snapshot_3: running cumulative dash-client k=75
2025-12-08 23:18:36,977 [INFO] [OK] snapshot_3 -> /home/arthur.barbabella/lft/results/dash/run_2025-12-08_23-05-21/snapshots/snapshot_3
2025-12-08 23:18:37,122 [INFO] [tcpdump] s0:s0ds0 -> /results/dash/snapshots/snapshot_4/pcaps/s0/s0ds0
2025-12-08 23:18:37,263 [INFO] [tcpdump] s1:s1ds1 -> /results/dash/snapshots/snapshot_4/pcaps/s1/s1ds1
2025-12-08 23:18:37,402 [INFO] [tcpdump] s2:s2ds2 -> /results/dash/snapshots/snapshot_4/pcaps/s2/s2ds2
2025-12-08 23:18:37,549 [INFO] [tcpdump] s3:s3ds3 -> /results/dash/snapshots/snapshot_4/pcaps/s3/s3ds3
2025-12-08 23:18:37,790 [INFO] [tcpdump] s4:s4cl0 -> /results/dash/snapshots/snapshot_4/pcaps/s4/s4cl0
2025-12-08 23:18:37,866 [INFO] [tcpdump] s4:s4cl1 -> /results/dash/snapshots/snapshot_4/pcaps/s4/s4cl1
2025-12-08 23:18:37,945 [INFO] [tcpdump] s4:s4cl2 -> /results/dash/snapshots/snapshot_4/pcaps/s4/s4cl2
2025-12-08 23:18:38,020 [INFO] [tcpdump] s4:s4cl3 -> /results/dash/snapshots/snapshot_4/pcaps/s4/s4cl3
2025-12-08 23:18:38,168 [INFO] [tcpdump] s5:s5cl4 -> /results/dash/snapshots/snapshot_4/pcaps/s5/s5cl4
2025-12-08 23:18:38,244 [INFO] [tcpdump] s5:s5cl5 -> /results/dash/snapshots/snapshot_4/pcaps/s5/s5cl5
2025-12-08 23:18:38,324 [INFO] [tcpdump] s5:s5cl6 -> /results/dash/snapshots/snapshot_4/pcaps/s5/s5cl6
2025-12-08 23:18:38,401 [INFO] [tcpdump] s5:s5cl7 -> /results/dash/snapshots/snapshot_4/pcaps/s5/s5cl7
2025-12-08 23:18:38,476 [INFO] [tcpdump] s5:s5cl8 -> /results/dash/snapshots/snapshot_4/pcaps/s5/s5cl8
2025-12-08 23:18:38,627 [INFO] [tcpdump] s6:s6cl10 -> /results/dash/snapshots/snapshot_4/pcaps/s6/s6cl10
2025-12-08 23:18:38,707 [INFO] [tcpdump] s6:s6cl11 -> /results/dash/snapshots/snapshot_4/pcaps/s6/s6cl11
2025-12-08 23:18:38,783 [INFO] [tcpdump] s6:s6cl12 -> /results/dash/snapshots/snapshot_4/pcaps/s6/s6cl12
2025-12-08 23:18:38,860 [INFO] [tcpdump] s6:s6cl13 -> /results/dash/snapshots/snapshot_4/pcaps/s6/s6cl13
2025-12-08 23:18:38,939 [INFO] [tcpdump] s6:s6cl9 -> /results/dash/snapshots/snapshot_4/pcaps/s6/s6cl9
2025-12-08 23:18:38,940 [INFO] [tcpdump] skip s7 (no host-facing nodes for pop=PoP-ES)
2025-12-08 23:18:38,940 [INFO] [tcpdump] skip s8 (no host-facing nodes for pop=PoP-GO)
2025-12-08 23:18:39,090 [INFO] [tcpdump] s9:s9cl14 -> /results/dash/snapshots/snapshot_4/pcaps/s9/s9cl14
2025-12-08 23:18:39,173 [INFO] [tcpdump] s9:s9cl15 -> /results/dash/snapshots/snapshot_4/pcaps/s9/s9cl15
2025-12-08 23:18:39,322 [INFO] [tcpdump] s10:s10cl16 -> /results/dash/snapshots/snapshot_4/pcaps/s10/s10cl16
2025-12-08 23:18:39,401 [INFO] [tcpdump] s10:s10cl17 -> /results/dash/snapshots/snapshot_4/pcaps/s10/s10cl17
2025-12-08 23:18:39,477 [INFO] [tcpdump] s10:s10cl18 -> /results/dash/snapshots/snapshot_4/pcaps/s10/s10cl18
2025-12-08 23:18:39,625 [INFO] [tcpdump] s11:s11cl19 -> /results/dash/snapshots/snapshot_4/pcaps/s11/s11cl19
2025-12-08 23:18:39,702 [INFO] [tcpdump] s11:s11cl20 -> /results/dash/snapshots/snapshot_4/pcaps/s11/s11cl20
2025-12-08 23:18:39,777 [INFO] [tcpdump] s11:s11cl21 -> /results/dash/snapshots/snapshot_4/pcaps/s11/s11cl21
2025-12-08 23:18:39,925 [INFO] [tcpdump] s12:s12cl22 -> /results/dash/snapshots/snapshot_4/pcaps/s12/s12cl22
2025-12-08 23:18:40,004 [INFO] [tcpdump] s12:s12cl23 -> /results/dash/snapshots/snapshot_4/pcaps/s12/s12cl23
2025-12-08 23:18:40,080 [INFO] [tcpdump] s12:s12cl24 -> /results/dash/snapshots/snapshot_4/pcaps/s12/s12cl24
2025-12-08 23:18:40,157 [INFO] [tcpdump] s12:s12cl25 -> /results/dash/snapshots/snapshot_4/pcaps/s12/s12cl25
2025-12-08 23:18:40,243 [INFO] [tcpdump] s12:s12cl26 -> /results/dash/snapshots/snapshot_4/pcaps/s12/s12cl26
2025-12-08 23:18:40,320 [INFO] [tcpdump] s12:s12cl27 -> /results/dash/snapshots/snapshot_4/pcaps/s12/s12cl27
2025-12-08 23:18:40,395 [INFO] [tcpdump] s12:s12cl28 -> /results/dash/snapshots/snapshot_4/pcaps/s12/s12cl28
2025-12-08 23:18:40,541 [INFO] [tcpdump] s13:s13cl29 -> /results/dash/snapshots/snapshot_4/pcaps/s13/s13cl29
2025-12-08 23:18:40,615 [INFO] [tcpdump] s13:s13cl30 -> /results/dash/snapshots/snapshot_4/pcaps/s13/s13cl30
2025-12-08 23:18:40,692 [INFO] [tcpdump] s13:s13cl31 -> /results/dash/snapshots/snapshot_4/pcaps/s13/s13cl31
2025-12-08 23:18:40,777 [INFO] [tcpdump] s13:s13cl32 -> /results/dash/snapshots/snapshot_4/pcaps/s13/s13cl32
2025-12-08 23:18:40,856 [INFO] [tcpdump] s13:s13cl33 -> /results/dash/snapshots/snapshot_4/pcaps/s13/s13cl33
2025-12-08 23:18:41,008 [INFO] [tcpdump] s14:s14cl34 -> /results/dash/snapshots/snapshot_4/pcaps/s14/s14cl34
2025-12-08 23:18:41,089 [INFO] [tcpdump] s14:s14cl35 -> /results/dash/snapshots/snapshot_4/pcaps/s14/s14cl35
2025-12-08 23:18:41,167 [INFO] [tcpdump] s14:s14cl36 -> /results/dash/snapshots/snapshot_4/pcaps/s14/s14cl36
2025-12-08 23:18:41,245 [INFO] [tcpdump] s14:s14cl37 -> /results/dash/snapshots/snapshot_4/pcaps/s14/s14cl37
2025-12-08 23:18:41,320 [INFO] [tcpdump] s14:s14cl38 -> /results/dash/snapshots/snapshot_4/pcaps/s14/s14cl38
2025-12-08 23:18:41,396 [INFO] [tcpdump] s14:s14cl39 -> /results/dash/snapshots/snapshot_4/pcaps/s14/s14cl39
2025-12-08 23:18:41,471 [INFO] [tcpdump] s14:s14cl40 -> /results/dash/snapshots/snapshot_4/pcaps/s14/s14cl40
2025-12-08 23:18:41,546 [INFO] [tcpdump] s14:s14cl41 -> /results/dash/snapshots/snapshot_4/pcaps/s14/s14cl41
2025-12-08 23:18:41,696 [INFO] [tcpdump] s15:s15cl42 -> /results/dash/snapshots/snapshot_4/pcaps/s15/s15cl42
2025-12-08 23:18:41,771 [INFO] [tcpdump] s15:s15cl43 -> /results/dash/snapshots/snapshot_4/pcaps/s15/s15cl43
2025-12-08 23:18:41,847 [INFO] [tcpdump] s15:s15cl44 -> /results/dash/snapshots/snapshot_4/pcaps/s15/s15cl44
2025-12-08 23:18:41,922 [INFO] [tcpdump] s15:s15cl45 -> /results/dash/snapshots/snapshot_4/pcaps/s15/s15cl45
2025-12-08 23:18:41,997 [INFO] [tcpdump] s15:s15cl46 -> /results/dash/snapshots/snapshot_4/pcaps/s15/s15cl46
2025-12-08 23:18:42,072 [INFO] [tcpdump] s15:s15cl47 -> /results/dash/snapshots/snapshot_4/pcaps/s15/s15cl47
2025-12-08 23:18:42,222 [INFO] [tcpdump] s16:s16cl48 -> /results/dash/snapshots/snapshot_4/pcaps/s16/s16cl48
2025-12-08 23:18:42,298 [INFO] [tcpdump] s16:s16cl49 -> /results/dash/snapshots/snapshot_4/pcaps/s16/s16cl49
2025-12-08 23:18:42,376 [INFO] [tcpdump] s16:s16cl50 -> /results/dash/snapshots/snapshot_4/pcaps/s16/s16cl50
2025-12-08 23:18:42,459 [INFO] [tcpdump] s16:s16cl51 -> /results/dash/snapshots/snapshot_4/pcaps/s16/s16cl51
2025-12-08 23:18:42,537 [INFO] [tcpdump] s16:s16cl52 -> /results/dash/snapshots/snapshot_4/pcaps/s16/s16cl52
2025-12-08 23:18:42,613 [INFO] [tcpdump] s16:s16cl53 -> /results/dash/snapshots/snapshot_4/pcaps/s16/s16cl53
2025-12-08 23:18:42,689 [INFO] [tcpdump] s16:s16cl54 -> /results/dash/snapshots/snapshot_4/pcaps/s16/s16cl54
2025-12-08 23:18:42,814 [INFO] [tcpdump] s16:s16cl55 -> /results/dash/snapshots/snapshot_4/pcaps/s16/s16cl55
2025-12-08 23:18:42,892 [INFO] [tcpdump] s16:s16cl56 -> /results/dash/snapshots/snapshot_4/pcaps/s16/s16cl56
2025-12-08 23:18:43,098 [INFO] [tcpdump] s17:s17cl57 -> /results/dash/snapshots/snapshot_4/pcaps/s17/s17cl57
2025-12-08 23:18:43,178 [INFO] [tcpdump] s17:s17cl58 -> /results/dash/snapshots/snapshot_4/pcaps/s17/s17cl58
2025-12-08 23:18:43,255 [INFO] [tcpdump] s17:s17cl59 -> /results/dash/snapshots/snapshot_4/pcaps/s17/s17cl59
2025-12-08 23:18:43,331 [INFO] [tcpdump] s17:s17cl60 -> /results/dash/snapshots/snapshot_4/pcaps/s17/s17cl60
2025-12-08 23:18:43,406 [INFO] [tcpdump] s17:s17cl61 -> /results/dash/snapshots/snapshot_4/pcaps/s17/s17cl61
2025-12-08 23:18:43,483 [INFO] [tcpdump] s17:s17cl62 -> /results/dash/snapshots/snapshot_4/pcaps/s17/s17cl62
2025-12-08 23:18:43,560 [INFO] [tcpdump] s17:s17cl63 -> /results/dash/snapshots/snapshot_4/pcaps/s17/s17cl63
2025-12-08 23:18:43,705 [INFO] [tcpdump] s18:s18cl64 -> /results/dash/snapshots/snapshot_4/pcaps/s18/s18cl64
2025-12-08 23:18:43,786 [INFO] [tcpdump] s18:s18cl65 -> /results/dash/snapshots/snapshot_4/pcaps/s18/s18cl65
2025-12-08 23:18:43,869 [INFO] [tcpdump] s18:s18cl66 -> /results/dash/snapshots/snapshot_4/pcaps/s18/s18cl66
2025-12-08 23:18:43,949 [INFO] [tcpdump] s18:s18cl67 -> /results/dash/snapshots/snapshot_4/pcaps/s18/s18cl67
2025-12-08 23:18:44,030 [INFO] [tcpdump] s18:s18cl68 -> /results/dash/snapshots/snapshot_4/pcaps/s18/s18cl68
2025-12-08 23:18:44,108 [INFO] [tcpdump] s18:s18cl69 -> /results/dash/snapshots/snapshot_4/pcaps/s18/s18cl69
2025-12-08 23:18:44,258 [INFO] [tcpdump] s19:s19cl70 -> /results/dash/snapshots/snapshot_4/pcaps/s19/s19cl70
2025-12-08 23:18:44,334 [INFO] [tcpdump] s19:s19cl71 -> /results/dash/snapshots/snapshot_4/pcaps/s19/s19cl71
2025-12-08 23:18:44,408 [INFO] [tcpdump] s19:s19cl72 -> /results/dash/snapshots/snapshot_4/pcaps/s19/s19cl72
2025-12-08 23:18:44,484 [INFO] [tcpdump] s19:s19cl73 -> /results/dash/snapshots/snapshot_4/pcaps/s19/s19cl73
2025-12-08 23:18:44,562 [INFO] [tcpdump] s19:s19cl74 -> /results/dash/snapshots/snapshot_4/pcaps/s19/s19cl74
2025-12-08 23:18:44,638 [INFO] [tcpdump] s19:s19cl75 -> /results/dash/snapshots/snapshot_4/pcaps/s19/s19cl75
2025-12-08 23:18:44,783 [INFO] [tcpdump] s20:s20cl76 -> /results/dash/snapshots/snapshot_4/pcaps/s20/s20cl76
2025-12-08 23:18:44,861 [INFO] [tcpdump] s20:s20cl77 -> /results/dash/snapshots/snapshot_4/pcaps/s20/s20cl77
2025-12-08 23:18:44,936 [INFO] [tcpdump] s20:s20cl78 -> /results/dash/snapshots/snapshot_4/pcaps/s20/s20cl78
2025-12-08 23:18:45,014 [INFO] [tcpdump] s20:s20cl79 -> /results/dash/snapshots/snapshot_4/pcaps/s20/s20cl79
2025-12-08 23:18:45,092 [INFO] [tcpdump] s20:s20cl80 -> /results/dash/snapshots/snapshot_4/pcaps/s20/s20cl80
2025-12-08 23:18:45,242 [INFO] [tcpdump] s21:s21cl81 -> /results/dash/snapshots/snapshot_4/pcaps/s21/s21cl81
2025-12-08 23:18:45,319 [INFO] [tcpdump] s21:s21cl82 -> /results/dash/snapshots/snapshot_4/pcaps/s21/s21cl82
2025-12-08 23:18:45,398 [INFO] [tcpdump] s21:s21cl83 -> /results/dash/snapshots/snapshot_4/pcaps/s21/s21cl83
2025-12-08 23:18:45,482 [INFO] [tcpdump] s21:s21cl84 -> /results/dash/snapshots/snapshot_4/pcaps/s21/s21cl84
2025-12-08 23:18:45,558 [INFO] [tcpdump] s21:s21cl85 -> /results/dash/snapshots/snapshot_4/pcaps/s21/s21cl85
2025-12-08 23:18:45,636 [INFO] [tcpdump] s21:s21cl86 -> /results/dash/snapshots/snapshot_4/pcaps/s21/s21cl86
2025-12-08 23:18:45,781 [INFO] [tcpdump] s22:s22cl87 -> /results/dash/snapshots/snapshot_4/pcaps/s22/s22cl87
2025-12-08 23:18:45,861 [INFO] [tcpdump] s22:s22cl88 -> /results/dash/snapshots/snapshot_4/pcaps/s22/s22cl88
2025-12-08 23:18:45,937 [INFO] [tcpdump] s22:s22cl89 -> /results/dash/snapshots/snapshot_4/pcaps/s22/s22cl89
2025-12-08 23:18:46,016 [INFO] [tcpdump] s22:s22cl90 -> /results/dash/snapshots/snapshot_4/pcaps/s22/s22cl90
2025-12-08 23:18:46,016 [INFO] [tcpdump] skip s23 (no host-facing nodes for pop=PoP-SC)
2025-12-08 23:18:46,163 [INFO] [tcpdump] s24:s24cl91 -> /results/dash/snapshots/snapshot_4/pcaps/s24/s24cl91
2025-12-08 23:18:46,243 [INFO] [tcpdump] s24:s24cl92 -> /results/dash/snapshots/snapshot_4/pcaps/s24/s24cl92
2025-12-08 23:18:46,320 [INFO] [tcpdump] s24:s24cl93 -> /results/dash/snapshots/snapshot_4/pcaps/s24/s24cl93
2025-12-08 23:18:46,397 [INFO] [tcpdump] s24:s24cl94 -> /results/dash/snapshots/snapshot_4/pcaps/s24/s24cl94
2025-12-08 23:18:46,475 [INFO] [tcpdump] s24:s24cl95 -> /results/dash/snapshots/snapshot_4/pcaps/s24/s24cl95
2025-12-08 23:18:46,555 [INFO] [tcpdump] s24:s24cl96 -> /results/dash/snapshots/snapshot_4/pcaps/s24/s24cl96
2025-12-08 23:18:46,633 [INFO] [tcpdump] s24:s24cl97 -> /results/dash/snapshots/snapshot_4/pcaps/s24/s24cl97
2025-12-08 23:18:46,712 [INFO] [tcpdump] s24:s24cl98 -> /results/dash/snapshots/snapshot_4/pcaps/s24/s24cl98
2025-12-08 23:18:46,859 [INFO] [tcpdump] s25:s25cl100 -> /results/dash/snapshots/snapshot_4/pcaps/s25/s25cl100
2025-12-08 23:18:46,943 [INFO] [tcpdump] s25:s25cl101 -> /results/dash/snapshots/snapshot_4/pcaps/s25/s25cl101
2025-12-08 23:18:47,018 [INFO] [tcpdump] s25:s25cl99 -> /results/dash/snapshots/snapshot_4/pcaps/s25/s25cl99
2025-12-08 23:18:47,018 [INFO] [tcpdump] skip s26 (no host-facing nodes for pop=PoP-TO)
2025-12-08 23:18:47,018 [INFO] [EXPERIMENT] snapshot_4: running cumulative dash-client k=100
2025-12-08 23:20:50,361 [INFO] [OK] snapshot_4 -> /home/arthur.barbabella/lft/results/dash/run_2025-12-08_23-05-21/snapshots/snapshot_4
2025-12-08 23:20:50,361 [INFO] [PARSE] Converting all snapshot PCAPs to CSV (in-place)...
